[2026-02-05T17:58:16.424+0000] {taskinstance.py:1956} INFO - Dependencies all met for dep_context=non-requeueable deps ti=<TaskInstance: ecommerce_etl_pipeline.load_to_bronze_layer manual__2026-02-05T17:53:07.395611+00:00 [queued]>
[2026-02-05T17:58:16.433+0000] {taskinstance.py:1956} INFO - Dependencies all met for dep_context=requeueable deps ti=<TaskInstance: ecommerce_etl_pipeline.load_to_bronze_layer manual__2026-02-05T17:53:07.395611+00:00 [queued]>
[2026-02-05T17:58:16.434+0000] {taskinstance.py:2170} INFO - Starting attempt 1 of 2
[2026-02-05T17:58:16.446+0000] {taskinstance.py:2191} INFO - Executing <Task(PythonOperator): load_to_bronze_layer> on 2026-02-05 17:53:07.395611+00:00
[2026-02-05T17:58:16.452+0000] {standard_task_runner.py:60} INFO - Started process 600 to run task
[2026-02-05T17:58:16.454+0000] {standard_task_runner.py:87} INFO - Running: ['***', 'tasks', 'run', 'ecommerce_etl_pipeline', 'load_to_bronze_layer', 'manual__2026-02-05T17:53:07.395611+00:00', '--job-id', '6', '--raw', '--subdir', 'DAGS_FOLDER/ecommerce_etl.py', '--cfg-path', '/tmp/tmp4tb15xrz']
[2026-02-05T17:58:16.457+0000] {standard_task_runner.py:88} INFO - Job 6: Subtask load_to_bronze_layer
[2026-02-05T17:58:16.522+0000] {task_command.py:423} INFO - Running <TaskInstance: ecommerce_etl_pipeline.load_to_bronze_layer manual__2026-02-05T17:53:07.395611+00:00 [running]> on host 7857a5475927
[2026-02-05T17:58:16.608+0000] {taskinstance.py:2480} INFO - Exporting env vars: AIRFLOW_CTX_DAG_OWNER='data-engineer' AIRFLOW_CTX_DAG_ID='ecommerce_etl_pipeline' AIRFLOW_CTX_TASK_ID='load_to_bronze_layer' AIRFLOW_CTX_EXECUTION_DATE='2026-02-05T17:53:07.395611+00:00' AIRFLOW_CTX_TRY_NUMBER='1' AIRFLOW_CTX_DAG_RUN_ID='manual__2026-02-05T17:53:07.395611+00:00'
[2026-02-05T17:58:17.245+0000] {logging_mixin.py:188} INFO - 🔗 Conectando ao PostgreSQL...
[2026-02-05T17:58:17.247+0000] {logging_mixin.py:188} INFO -    ⚠️  Arquivo não encontrado: olist_customers_dataset.csv
[2026-02-05T17:58:17.249+0000] {logging_mixin.py:188} INFO -    ⚠️  Arquivo não encontrado: olist_orders_dataset.csv
[2026-02-05T17:58:17.250+0000] {logging_mixin.py:188} INFO -    ⚠️  Arquivo não encontrado: olist_order_items_dataset.csv
[2026-02-05T17:58:17.251+0000] {logging_mixin.py:188} INFO -    ⚠️  Arquivo não encontrado: olist_products_dataset.csv
[2026-02-05T17:58:17.251+0000] {logging_mixin.py:188} INFO -    ⚠️  Arquivo não encontrado: olist_sellers_dataset.csv
[2026-02-05T17:58:17.252+0000] {logging_mixin.py:188} INFO -    ⚠️  Arquivo não encontrado: olist_order_payments_dataset.csv
[2026-02-05T17:58:17.253+0000] {logging_mixin.py:188} INFO -    ⚠️  Arquivo não encontrado: olist_order_reviews_dataset.csv
[2026-02-05T17:58:17.253+0000] {logging_mixin.py:188} INFO - 
🎉 Total de tabelas carregadas: 0/7
[2026-02-05T17:58:17.254+0000] {python.py:201} INFO - Done. Returned value was: None
[2026-02-05T17:58:17.265+0000] {taskinstance.py:1138} INFO - Marking task as SUCCESS. dag_id=ecommerce_etl_pipeline, task_id=load_to_bronze_layer, execution_date=20260205T175307, start_date=20260205T175816, end_date=20260205T175817
[2026-02-05T17:58:17.310+0000] {local_task_job_runner.py:234} INFO - Task exited with return code 0
[2026-02-05T17:58:17.335+0000] {taskinstance.py:3280} INFO - 0 downstream tasks scheduled from follow-on schedule check
