[2026-02-05T16:44:53.855+0000] {taskinstance.py:1956} INFO - Dependencies all met for dep_context=non-requeueable deps ti=<TaskInstance: ecommerce_etl_pipeline.load_to_bronze_layer scheduled__2026-02-04T00:00:00+00:00 [queued]>
[2026-02-05T16:44:53.862+0000] {taskinstance.py:1956} INFO - Dependencies all met for dep_context=requeueable deps ti=<TaskInstance: ecommerce_etl_pipeline.load_to_bronze_layer scheduled__2026-02-04T00:00:00+00:00 [queued]>
[2026-02-05T16:44:53.862+0000] {taskinstance.py:2170} INFO - Starting attempt 1 of 2
[2026-02-05T16:44:53.872+0000] {taskinstance.py:2191} INFO - Executing <Task(PythonOperator): load_to_bronze_layer> on 2026-02-04 00:00:00+00:00
[2026-02-05T16:44:53.916+0000] {standard_task_runner.py:60} INFO - Started process 480 to run task
[2026-02-05T16:44:53.919+0000] {standard_task_runner.py:87} INFO - Running: ['***', 'tasks', 'run', 'ecommerce_etl_pipeline', 'load_to_bronze_layer', 'scheduled__2026-02-04T00:00:00+00:00', '--job-id', '7', '--raw', '--subdir', 'DAGS_FOLDER/ecommerce_etl.py', '--cfg-path', '/tmp/tmpuaoejpgm']
[2026-02-05T16:44:53.922+0000] {standard_task_runner.py:88} INFO - Job 7: Subtask load_to_bronze_layer
[2026-02-05T16:44:53.987+0000] {task_command.py:423} INFO - Running <TaskInstance: ecommerce_etl_pipeline.load_to_bronze_layer scheduled__2026-02-04T00:00:00+00:00 [running]> on host b6e96e6f99b3
[2026-02-05T16:44:54.061+0000] {taskinstance.py:2480} INFO - Exporting env vars: AIRFLOW_CTX_DAG_OWNER='data-engineer' AIRFLOW_CTX_DAG_ID='ecommerce_etl_pipeline' AIRFLOW_CTX_TASK_ID='load_to_bronze_layer' AIRFLOW_CTX_EXECUTION_DATE='2026-02-04T00:00:00+00:00' AIRFLOW_CTX_TRY_NUMBER='1' AIRFLOW_CTX_DAG_RUN_ID='scheduled__2026-02-04T00:00:00+00:00'
[2026-02-05T16:44:54.314+0000] {logging_mixin.py:188} INFO - 🔗 Conectando ao PostgreSQL...
[2026-02-05T16:44:54.319+0000] {logging_mixin.py:188} INFO - 
📊 Processando olist_customers_dataset.csv...
[2026-02-05T16:44:54.485+0000] {logging_mixin.py:188} INFO -    💾 Carregando 99441 registros em bronze.customers...
[2026-02-05T16:45:01.540+0000] {logging_mixin.py:188} INFO -    ✅ Carregado: bronze.customers
[2026-02-05T16:45:01.546+0000] {logging_mixin.py:188} INFO - 
📊 Processando olist_orders_dataset.csv...
[2026-02-05T16:45:02.456+0000] {logging_mixin.py:188} INFO -    💾 Carregando 99441 registros em bronze.orders...
[2026-02-05T16:45:12.621+0000] {logging_mixin.py:188} INFO -    ✅ Carregado: bronze.orders
[2026-02-05T16:45:12.626+0000] {logging_mixin.py:188} INFO - 
📊 Processando olist_order_items_dataset.csv...
[2026-02-05T16:45:12.982+0000] {logging_mixin.py:188} INFO -    💾 Carregando 112650 registros em bronze.order_items...
[2026-02-05T16:45:23.916+0000] {logging_mixin.py:188} INFO -    ✅ Carregado: bronze.order_items
[2026-02-05T16:45:23.918+0000] {logging_mixin.py:188} INFO - 
📊 Processando olist_products_dataset.csv...
[2026-02-05T16:45:23.966+0000] {logging_mixin.py:188} INFO -    💾 Carregando 32951 registros em bronze.products...
[2026-02-05T16:45:28.356+0000] {logging_mixin.py:188} INFO -    ✅ Carregado: bronze.products
[2026-02-05T16:45:28.358+0000] {logging_mixin.py:188} INFO - 
📊 Processando olist_sellers_dataset.csv...
[2026-02-05T16:45:28.367+0000] {logging_mixin.py:188} INFO -    💾 Carregando 3095 registros em bronze.sellers...
[2026-02-05T16:45:28.558+0000] {logging_mixin.py:188} INFO -    ✅ Carregado: bronze.sellers
[2026-02-05T16:45:28.561+0000] {logging_mixin.py:188} INFO - 
📊 Processando olist_order_payments_dataset.csv...
[2026-02-05T16:45:28.658+0000] {logging_mixin.py:188} INFO -    💾 Carregando 103886 registros em bronze.payments...
[2026-02-05T16:45:37.057+0000] {logging_mixin.py:188} INFO -    ✅ Carregado: bronze.payments
[2026-02-05T16:45:37.059+0000] {logging_mixin.py:188} INFO - 
📊 Processando olist_order_reviews_dataset.csv...
[2026-02-05T16:45:37.594+0000] {logging_mixin.py:188} INFO -    💾 Carregando 99224 registros em bronze.reviews...
[2026-02-05T16:45:48.155+0000] {logging_mixin.py:188} INFO -    ✅ Carregado: bronze.reviews
[2026-02-05T16:45:48.156+0000] {logging_mixin.py:188} INFO - 
🎉 Total de tabelas carregadas: 7/7
[2026-02-05T16:45:48.164+0000] {python.py:201} INFO - Done. Returned value was: None
[2026-02-05T16:45:48.174+0000] {taskinstance.py:1138} INFO - Marking task as SUCCESS. dag_id=ecommerce_etl_pipeline, task_id=load_to_bronze_layer, execution_date=20260204T000000, start_date=20260205T164453, end_date=20260205T164548
[2026-02-05T16:45:48.197+0000] {local_task_job_runner.py:234} INFO - Task exited with return code 0
[2026-02-05T16:45:48.220+0000] {taskinstance.py:3280} INFO - 1 downstream tasks scheduled from follow-on schedule check
[2026-02-05T17:58:16.460+0000] {taskinstance.py:1956} INFO - Dependencies all met for dep_context=non-requeueable deps ti=<TaskInstance: ecommerce_etl_pipeline.load_to_bronze_layer scheduled__2026-02-04T00:00:00+00:00 [queued]>
[2026-02-05T17:58:16.467+0000] {taskinstance.py:1956} INFO - Dependencies all met for dep_context=requeueable deps ti=<TaskInstance: ecommerce_etl_pipeline.load_to_bronze_layer scheduled__2026-02-04T00:00:00+00:00 [queued]>
[2026-02-05T17:58:16.468+0000] {taskinstance.py:2170} INFO - Starting attempt 1 of 2
[2026-02-05T17:58:16.478+0000] {taskinstance.py:2191} INFO - Executing <Task(PythonOperator): load_to_bronze_layer> on 2026-02-04 00:00:00+00:00
[2026-02-05T17:58:16.484+0000] {standard_task_runner.py:60} INFO - Started process 601 to run task
[2026-02-05T17:58:16.487+0000] {standard_task_runner.py:87} INFO - Running: ['***', 'tasks', 'run', 'ecommerce_etl_pipeline', 'load_to_bronze_layer', 'scheduled__2026-02-04T00:00:00+00:00', '--job-id', '7', '--raw', '--subdir', 'DAGS_FOLDER/ecommerce_etl.py', '--cfg-path', '/tmp/tmpwkwrh7um']
[2026-02-05T17:58:16.490+0000] {standard_task_runner.py:88} INFO - Job 7: Subtask load_to_bronze_layer
[2026-02-05T17:58:16.561+0000] {task_command.py:423} INFO - Running <TaskInstance: ecommerce_etl_pipeline.load_to_bronze_layer scheduled__2026-02-04T00:00:00+00:00 [running]> on host 7857a5475927
[2026-02-05T17:58:16.643+0000] {taskinstance.py:2480} INFO - Exporting env vars: AIRFLOW_CTX_DAG_OWNER='data-engineer' AIRFLOW_CTX_DAG_ID='ecommerce_etl_pipeline' AIRFLOW_CTX_TASK_ID='load_to_bronze_layer' AIRFLOW_CTX_EXECUTION_DATE='2026-02-04T00:00:00+00:00' AIRFLOW_CTX_TRY_NUMBER='1' AIRFLOW_CTX_DAG_RUN_ID='scheduled__2026-02-04T00:00:00+00:00'
[2026-02-05T17:58:17.245+0000] {logging_mixin.py:188} INFO - 🔗 Conectando ao PostgreSQL...
[2026-02-05T17:58:17.247+0000] {logging_mixin.py:188} INFO -    ⚠️  Arquivo não encontrado: olist_customers_dataset.csv
[2026-02-05T17:58:17.249+0000] {logging_mixin.py:188} INFO -    ⚠️  Arquivo não encontrado: olist_orders_dataset.csv
[2026-02-05T17:58:17.250+0000] {logging_mixin.py:188} INFO -    ⚠️  Arquivo não encontrado: olist_order_items_dataset.csv
[2026-02-05T17:58:17.250+0000] {logging_mixin.py:188} INFO -    ⚠️  Arquivo não encontrado: olist_products_dataset.csv
[2026-02-05T17:58:17.251+0000] {logging_mixin.py:188} INFO -    ⚠️  Arquivo não encontrado: olist_sellers_dataset.csv
[2026-02-05T17:58:17.252+0000] {logging_mixin.py:188} INFO -    ⚠️  Arquivo não encontrado: olist_order_payments_dataset.csv
[2026-02-05T17:58:17.253+0000] {logging_mixin.py:188} INFO -    ⚠️  Arquivo não encontrado: olist_order_reviews_dataset.csv
[2026-02-05T17:58:17.253+0000] {logging_mixin.py:188} INFO - 
🎉 Total de tabelas carregadas: 0/7
[2026-02-05T17:58:17.254+0000] {python.py:201} INFO - Done. Returned value was: None
[2026-02-05T17:58:17.273+0000] {taskinstance.py:1138} INFO - Marking task as SUCCESS. dag_id=ecommerce_etl_pipeline, task_id=load_to_bronze_layer, execution_date=20260204T000000, start_date=20260205T175816, end_date=20260205T175817
[2026-02-05T17:58:17.303+0000] {local_task_job_runner.py:234} INFO - Task exited with return code 0
[2026-02-05T17:58:17.327+0000] {taskinstance.py:3280} INFO - 0 downstream tasks scheduled from follow-on schedule check
[2026-02-05T18:41:08.502+0000] {taskinstance.py:1956} INFO - Dependencies all met for dep_context=non-requeueable deps ti=<TaskInstance: ecommerce_etl_pipeline.load_to_bronze_layer scheduled__2026-02-04T00:00:00+00:00 [queued]>
[2026-02-05T18:41:08.534+0000] {taskinstance.py:1956} INFO - Dependencies all met for dep_context=requeueable deps ti=<TaskInstance: ecommerce_etl_pipeline.load_to_bronze_layer scheduled__2026-02-04T00:00:00+00:00 [queued]>
[2026-02-05T18:41:08.535+0000] {taskinstance.py:2170} INFO - Starting attempt 1 of 2
[2026-02-05T18:41:08.544+0000] {taskinstance.py:2191} INFO - Executing <Task(PythonOperator): load_to_bronze_layer> on 2026-02-04 00:00:00+00:00
[2026-02-05T18:41:08.549+0000] {standard_task_runner.py:60} INFO - Started process 359 to run task
[2026-02-05T18:41:08.556+0000] {standard_task_runner.py:87} INFO - Running: ['***', 'tasks', 'run', 'ecommerce_etl_pipeline', 'load_to_bronze_layer', 'scheduled__2026-02-04T00:00:00+00:00', '--job-id', '4', '--raw', '--subdir', 'DAGS_FOLDER/ecommerce_etl.py', '--cfg-path', '/tmp/tmp4kb9bdfi']
[2026-02-05T18:41:08.559+0000] {standard_task_runner.py:88} INFO - Job 4: Subtask load_to_bronze_layer
[2026-02-05T18:41:08.632+0000] {task_command.py:423} INFO - Running <TaskInstance: ecommerce_etl_pipeline.load_to_bronze_layer scheduled__2026-02-04T00:00:00+00:00 [running]> on host 427e8687c6de
[2026-02-05T18:41:08.698+0000] {taskinstance.py:2480} INFO - Exporting env vars: AIRFLOW_CTX_DAG_OWNER='data-engineer' AIRFLOW_CTX_DAG_ID='ecommerce_etl_pipeline' AIRFLOW_CTX_TASK_ID='load_to_bronze_layer' AIRFLOW_CTX_EXECUTION_DATE='2026-02-04T00:00:00+00:00' AIRFLOW_CTX_TRY_NUMBER='1' AIRFLOW_CTX_DAG_RUN_ID='scheduled__2026-02-04T00:00:00+00:00'
[2026-02-05T18:41:08.995+0000] {logging_mixin.py:188} INFO - 🔗 Conectando ao PostgreSQL...
[2026-02-05T18:41:08.998+0000] {logging_mixin.py:188} INFO -    ⚠️  Arquivo não encontrado: olist_customers_dataset.csv
[2026-02-05T18:41:09.000+0000] {logging_mixin.py:188} INFO -    ⚠️  Arquivo não encontrado: olist_orders_dataset.csv
[2026-02-05T18:41:09.002+0000] {logging_mixin.py:188} INFO -    ⚠️  Arquivo não encontrado: olist_order_items_dataset.csv
[2026-02-05T18:41:09.002+0000] {logging_mixin.py:188} INFO -    ⚠️  Arquivo não encontrado: olist_products_dataset.csv
[2026-02-05T18:41:09.003+0000] {logging_mixin.py:188} INFO -    ⚠️  Arquivo não encontrado: olist_sellers_dataset.csv
[2026-02-05T18:41:09.004+0000] {logging_mixin.py:188} INFO -    ⚠️  Arquivo não encontrado: olist_order_payments_dataset.csv
[2026-02-05T18:41:09.005+0000] {logging_mixin.py:188} INFO -    ⚠️  Arquivo não encontrado: olist_order_reviews_dataset.csv
[2026-02-05T18:41:09.005+0000] {logging_mixin.py:188} INFO - 
🎉 Total de tabelas carregadas: 0/7
[2026-02-05T18:41:09.005+0000] {python.py:201} INFO - Done. Returned value was: None
[2026-02-05T18:41:09.018+0000] {taskinstance.py:1138} INFO - Marking task as SUCCESS. dag_id=ecommerce_etl_pipeline, task_id=load_to_bronze_layer, execution_date=20260204T000000, start_date=20260205T184108, end_date=20260205T184109
[2026-02-05T18:41:09.046+0000] {local_task_job_runner.py:234} INFO - Task exited with return code 0
[2026-02-05T18:41:09.091+0000] {taskinstance.py:3280} INFO - 1 downstream tasks scheduled from follow-on schedule check
[2026-02-05T19:02:00.279+0000] {taskinstance.py:1956} INFO - Dependencies all met for dep_context=non-requeueable deps ti=<TaskInstance: ecommerce_etl_pipeline.load_to_bronze_layer scheduled__2026-02-04T00:00:00+00:00 [queued]>
[2026-02-05T19:02:00.285+0000] {taskinstance.py:1956} INFO - Dependencies all met for dep_context=requeueable deps ti=<TaskInstance: ecommerce_etl_pipeline.load_to_bronze_layer scheduled__2026-02-04T00:00:00+00:00 [queued]>
[2026-02-05T19:02:00.286+0000] {taskinstance.py:2170} INFO - Starting attempt 1 of 2
[2026-02-05T19:02:00.296+0000] {taskinstance.py:2191} INFO - Executing <Task(PythonOperator): load_to_bronze_layer> on 2026-02-04 00:00:00+00:00
[2026-02-05T19:02:00.301+0000] {standard_task_runner.py:60} INFO - Started process 320 to run task
[2026-02-05T19:02:00.304+0000] {standard_task_runner.py:87} INFO - Running: ['***', 'tasks', 'run', 'ecommerce_etl_pipeline', 'load_to_bronze_layer', 'scheduled__2026-02-04T00:00:00+00:00', '--job-id', '5', '--raw', '--subdir', 'DAGS_FOLDER/ecommerce_etl.py', '--cfg-path', '/tmp/tmphbbzrksc']
[2026-02-05T19:02:00.306+0000] {standard_task_runner.py:88} INFO - Job 5: Subtask load_to_bronze_layer
[2026-02-05T19:02:00.389+0000] {task_command.py:423} INFO - Running <TaskInstance: ecommerce_etl_pipeline.load_to_bronze_layer scheduled__2026-02-04T00:00:00+00:00 [running]> on host a4bed033a888
[2026-02-05T19:02:00.520+0000] {taskinstance.py:2480} INFO - Exporting env vars: AIRFLOW_CTX_DAG_OWNER='data-engineer' AIRFLOW_CTX_DAG_ID='ecommerce_etl_pipeline' AIRFLOW_CTX_TASK_ID='load_to_bronze_layer' AIRFLOW_CTX_EXECUTION_DATE='2026-02-04T00:00:00+00:00' AIRFLOW_CTX_TRY_NUMBER='1' AIRFLOW_CTX_DAG_RUN_ID='scheduled__2026-02-04T00:00:00+00:00'
[2026-02-05T19:02:00.814+0000] {logging_mixin.py:188} INFO - 🔗 Conectando ao PostgreSQL...
[2026-02-05T19:02:00.817+0000] {logging_mixin.py:188} INFO -    ⚠️  Arquivo não encontrado: olist_customers_dataset.csv
[2026-02-05T19:02:00.818+0000] {logging_mixin.py:188} INFO -    ⚠️  Arquivo não encontrado: olist_orders_dataset.csv
[2026-02-05T19:02:00.820+0000] {logging_mixin.py:188} INFO -    ⚠️  Arquivo não encontrado: olist_order_items_dataset.csv
[2026-02-05T19:02:00.821+0000] {logging_mixin.py:188} INFO -    ⚠️  Arquivo não encontrado: olist_products_dataset.csv
[2026-02-05T19:02:00.822+0000] {logging_mixin.py:188} INFO -    ⚠️  Arquivo não encontrado: olist_sellers_dataset.csv
[2026-02-05T19:02:00.822+0000] {logging_mixin.py:188} INFO -    ⚠️  Arquivo não encontrado: olist_order_payments_dataset.csv
[2026-02-05T19:02:00.823+0000] {logging_mixin.py:188} INFO -    ⚠️  Arquivo não encontrado: olist_order_reviews_dataset.csv
[2026-02-05T19:02:00.823+0000] {logging_mixin.py:188} INFO - 
🎉 Total de tabelas carregadas: 0/7
[2026-02-05T19:02:00.824+0000] {python.py:201} INFO - Done. Returned value was: None
[2026-02-05T19:02:00.834+0000] {taskinstance.py:1138} INFO - Marking task as SUCCESS. dag_id=ecommerce_etl_pipeline, task_id=load_to_bronze_layer, execution_date=20260204T000000, start_date=20260205T190200, end_date=20260205T190200
[2026-02-05T19:02:00.878+0000] {local_task_job_runner.py:234} INFO - Task exited with return code 0
[2026-02-05T19:02:00.900+0000] {taskinstance.py:3280} INFO - 1 downstream tasks scheduled from follow-on schedule check
[2026-02-05T20:25:47.687+0000] {taskinstance.py:1956} INFO - Dependencies all met for dep_context=non-requeueable deps ti=<TaskInstance: ecommerce_etl_pipeline.load_to_bronze_layer scheduled__2026-02-04T00:00:00+00:00 [queued]>
[2026-02-05T20:25:47.707+0000] {taskinstance.py:1956} INFO - Dependencies all met for dep_context=requeueable deps ti=<TaskInstance: ecommerce_etl_pipeline.load_to_bronze_layer scheduled__2026-02-04T00:00:00+00:00 [queued]>
[2026-02-05T20:25:47.708+0000] {taskinstance.py:2170} INFO - Starting attempt 1 of 2
[2026-02-05T20:25:47.719+0000] {taskinstance.py:2191} INFO - Executing <Task(PythonOperator): load_to_bronze_layer> on 2026-02-04 00:00:00+00:00
[2026-02-05T20:25:47.724+0000] {standard_task_runner.py:60} INFO - Started process 286 to run task
[2026-02-05T20:25:47.726+0000] {standard_task_runner.py:87} INFO - Running: ['***', 'tasks', 'run', 'ecommerce_etl_pipeline', 'load_to_bronze_layer', 'scheduled__2026-02-04T00:00:00+00:00', '--job-id', '4', '--raw', '--subdir', 'DAGS_FOLDER/ecommerce_etl.py', '--cfg-path', '/tmp/tmpozehbanb']
[2026-02-05T20:25:47.730+0000] {standard_task_runner.py:88} INFO - Job 4: Subtask load_to_bronze_layer
[2026-02-05T20:25:47.833+0000] {task_command.py:423} INFO - Running <TaskInstance: ecommerce_etl_pipeline.load_to_bronze_layer scheduled__2026-02-04T00:00:00+00:00 [running]> on host 2314a77ad6cd
[2026-02-05T20:25:47.925+0000] {taskinstance.py:2480} INFO - Exporting env vars: AIRFLOW_CTX_DAG_OWNER='data-engineer' AIRFLOW_CTX_DAG_ID='ecommerce_etl_pipeline' AIRFLOW_CTX_TASK_ID='load_to_bronze_layer' AIRFLOW_CTX_EXECUTION_DATE='2026-02-04T00:00:00+00:00' AIRFLOW_CTX_TRY_NUMBER='1' AIRFLOW_CTX_DAG_RUN_ID='scheduled__2026-02-04T00:00:00+00:00'
[2026-02-05T20:25:48.317+0000] {logging_mixin.py:188} INFO - 🔗 Conectando ao PostgreSQL...
[2026-02-05T20:25:48.337+0000] {taskinstance.py:2698} ERROR - Task failed with exception
Traceback (most recent call last):
  File "/home/airflow/.local/lib/python3.11/site-packages/airflow/models/taskinstance.py", line 433, in _execute_task
    result = execute_callable(context=context, **execute_callable_kwargs)
             ^^^^^^^^^^^^^^^^^^^^^^^^^^^^^^^^^^^^^^^^^^^^^^^^^^^^^^^^^^^^
  File "/home/airflow/.local/lib/python3.11/site-packages/airflow/operators/python.py", line 199, in execute
    return_value = self.execute_callable()
                   ^^^^^^^^^^^^^^^^^^^^^^^
  File "/home/airflow/.local/lib/python3.11/site-packages/airflow/operators/python.py", line 216, in execute_callable
    return self.python_callable(*self.op_args, **self.op_kwargs)
           ^^^^^^^^^^^^^^^^^^^^^^^^^^^^^^^^^^^^^^^^^^^^^^^^^^^^^
  File "/opt/airflow/dags/ecommerce_etl.py", line 65, in load_to_bronze
    conn.commit()
    ^^^^^^^^^^^
AttributeError: 'Connection' object has no attribute 'commit'
[2026-02-05T20:25:48.358+0000] {taskinstance.py:1138} INFO - Marking task as UP_FOR_RETRY. dag_id=ecommerce_etl_pipeline, task_id=load_to_bronze_layer, execution_date=20260204T000000, start_date=20260205T202547, end_date=20260205T202548
[2026-02-05T20:25:48.371+0000] {standard_task_runner.py:107} ERROR - Failed to execute job 4 for task load_to_bronze_layer ('Connection' object has no attribute 'commit'; 286)
[2026-02-05T20:25:48.421+0000] {local_task_job_runner.py:234} INFO - Task exited with return code 1
[2026-02-05T20:25:48.446+0000] {taskinstance.py:3280} INFO - 0 downstream tasks scheduled from follow-on schedule check
[2026-02-05T21:12:15.117+0000] {taskinstance.py:1956} INFO - Dependencies all met for dep_context=non-requeueable deps ti=<TaskInstance: ecommerce_etl_pipeline.load_to_bronze_layer scheduled__2026-02-04T00:00:00+00:00 [queued]>
[2026-02-05T21:12:15.145+0000] {taskinstance.py:1956} INFO - Dependencies all met for dep_context=requeueable deps ti=<TaskInstance: ecommerce_etl_pipeline.load_to_bronze_layer scheduled__2026-02-04T00:00:00+00:00 [queued]>
[2026-02-05T21:12:15.146+0000] {taskinstance.py:2170} INFO - Starting attempt 1 of 3
[2026-02-05T21:12:15.156+0000] {taskinstance.py:2191} INFO - Executing <Task(PythonOperator): load_to_bronze_layer> on 2026-02-04 00:00:00+00:00
[2026-02-05T21:12:15.165+0000] {standard_task_runner.py:60} INFO - Started process 287 to run task
[2026-02-05T21:12:15.174+0000] {standard_task_runner.py:87} INFO - Running: ['***', 'tasks', 'run', 'ecommerce_etl_pipeline', 'load_to_bronze_layer', 'scheduled__2026-02-04T00:00:00+00:00', '--job-id', '3', '--raw', '--subdir', 'DAGS_FOLDER/ecommerce_etl.py', '--cfg-path', '/tmp/tmph8u5xe72']
[2026-02-05T21:12:15.184+0000] {standard_task_runner.py:88} INFO - Job 3: Subtask load_to_bronze_layer
[2026-02-05T21:12:15.318+0000] {task_command.py:423} INFO - Running <TaskInstance: ecommerce_etl_pipeline.load_to_bronze_layer scheduled__2026-02-04T00:00:00+00:00 [running]> on host 55309008fd85
[2026-02-05T21:12:15.407+0000] {taskinstance.py:2480} INFO - Exporting env vars: AIRFLOW_CTX_DAG_OWNER='data-engineer' AIRFLOW_CTX_DAG_ID='ecommerce_etl_pipeline' AIRFLOW_CTX_TASK_ID='load_to_bronze_layer' AIRFLOW_CTX_EXECUTION_DATE='2026-02-04T00:00:00+00:00' AIRFLOW_CTX_TRY_NUMBER='1' AIRFLOW_CTX_DAG_RUN_ID='scheduled__2026-02-04T00:00:00+00:00'
[2026-02-05T21:12:15.815+0000] {ecommerce_etl.py:151} INFO - ======================================================================
[2026-02-05T21:12:15.816+0000] {ecommerce_etl.py:152} INFO - INICIANDO CARGA NA CAMADA BRONZE
[2026-02-05T21:12:15.817+0000] {ecommerce_etl.py:153} INFO - ======================================================================
[2026-02-05T21:12:15.838+0000] {ecommerce_etl.py:167} INFO - ✅ Conexão PostgreSQL estabelecida
[2026-02-05T21:12:15.841+0000] {ecommerce_etl.py:176} INFO - ✅ Schema bronze criado/verificado
[2026-02-05T21:12:15.844+0000] {ecommerce_etl.py:194} INFO - 
📁 Arquivos CSV disponíveis: 9
[2026-02-05T21:12:15.845+0000] {ecommerce_etl.py:214} INFO - 
============================================================
[2026-02-05T21:12:15.845+0000] {ecommerce_etl.py:215} INFO - 📊 TABELA: bronze.customers
[2026-02-05T21:12:15.846+0000] {ecommerce_etl.py:216} INFO -    Arquivo: olist_customers_dataset.csv
[2026-02-05T21:12:15.848+0000] {ecommerce_etl.py:225} INFO -    📖 Lendo CSV...
[2026-02-05T21:12:16.482+0000] {ecommerce_etl.py:230} INFO -    ✅ Lido: 99,441 linhas × 5 colunas
[2026-02-05T21:12:16.493+0000] {ecommerce_etl.py:236} INFO -    💾 Inserindo em bronze.customers...
[2026-02-05T21:12:27.082+0000] {ecommerce_etl.py:251} INFO -    ✅ Inserção concluída em 10.6s
[2026-02-05T21:12:27.090+0000] {ecommerce_etl.py:261} INFO -    ✅ Verificado: 99,441 registros
[2026-02-05T21:12:27.091+0000] {ecommerce_etl.py:214} INFO - 
============================================================
[2026-02-05T21:12:27.092+0000] {ecommerce_etl.py:215} INFO - 📊 TABELA: bronze.orders
[2026-02-05T21:12:27.092+0000] {ecommerce_etl.py:216} INFO -    Arquivo: olist_orders_dataset.csv
[2026-02-05T21:12:27.093+0000] {ecommerce_etl.py:225} INFO -    📖 Lendo CSV...
[2026-02-05T21:12:27.815+0000] {ecommerce_etl.py:230} INFO -    ✅ Lido: 99,441 linhas × 8 colunas
[2026-02-05T21:12:27.817+0000] {ecommerce_etl.py:236} INFO -    💾 Inserindo em bronze.orders...
[2026-02-05T21:12:41.001+0000] {ecommerce_etl.py:251} INFO -    ✅ Inserção concluída em 13.2s
[2026-02-05T21:12:41.012+0000] {ecommerce_etl.py:261} INFO -    ✅ Verificado: 99,441 registros
[2026-02-05T21:12:41.014+0000] {ecommerce_etl.py:214} INFO - 
============================================================
[2026-02-05T21:12:41.014+0000] {ecommerce_etl.py:215} INFO - 📊 TABELA: bronze.order_items
[2026-02-05T21:12:41.014+0000] {ecommerce_etl.py:216} INFO -    Arquivo: olist_order_items_dataset.csv
[2026-02-05T21:12:41.017+0000] {ecommerce_etl.py:225} INFO -    📖 Lendo CSV...
[2026-02-05T21:12:41.391+0000] {ecommerce_etl.py:230} INFO -    ✅ Lido: 112,650 linhas × 7 colunas
[2026-02-05T21:12:41.393+0000] {ecommerce_etl.py:236} INFO -    💾 Inserindo em bronze.order_items...
[2026-02-05T21:12:55.621+0000] {ecommerce_etl.py:251} INFO -    ✅ Inserção concluída em 14.2s
[2026-02-05T21:12:55.631+0000] {ecommerce_etl.py:261} INFO -    ✅ Verificado: 112,650 registros
[2026-02-05T21:12:55.632+0000] {ecommerce_etl.py:214} INFO - 
============================================================
[2026-02-05T21:12:55.633+0000] {ecommerce_etl.py:215} INFO - 📊 TABELA: bronze.products
[2026-02-05T21:12:55.633+0000] {ecommerce_etl.py:216} INFO -    Arquivo: olist_products_dataset.csv
[2026-02-05T21:12:55.636+0000] {ecommerce_etl.py:225} INFO -    📖 Lendo CSV...
[2026-02-05T21:12:55.687+0000] {ecommerce_etl.py:230} INFO -    ✅ Lido: 32,951 linhas × 9 colunas
[2026-02-05T21:12:55.688+0000] {ecommerce_etl.py:236} INFO -    💾 Inserindo em bronze.products...
[2026-02-05T21:13:00.657+0000] {ecommerce_etl.py:251} INFO -    ✅ Inserção concluída em 5.0s
[2026-02-05T21:13:00.660+0000] {ecommerce_etl.py:261} INFO -    ✅ Verificado: 32,951 registros
[2026-02-05T21:13:00.661+0000] {ecommerce_etl.py:214} INFO - 
============================================================
[2026-02-05T21:13:00.662+0000] {ecommerce_etl.py:215} INFO - 📊 TABELA: bronze.sellers
[2026-02-05T21:13:00.662+0000] {ecommerce_etl.py:216} INFO -    Arquivo: olist_sellers_dataset.csv
[2026-02-05T21:13:00.664+0000] {ecommerce_etl.py:225} INFO -    📖 Lendo CSV...
[2026-02-05T21:13:00.670+0000] {ecommerce_etl.py:230} INFO -    ✅ Lido: 3,095 linhas × 4 colunas
[2026-02-05T21:13:00.672+0000] {ecommerce_etl.py:236} INFO -    💾 Inserindo em bronze.sellers...
[2026-02-05T21:13:00.835+0000] {ecommerce_etl.py:251} INFO -    ✅ Inserção concluída em 0.2s
[2026-02-05T21:13:00.838+0000] {ecommerce_etl.py:261} INFO -    ✅ Verificado: 3,095 registros
[2026-02-05T21:13:00.839+0000] {ecommerce_etl.py:214} INFO - 
============================================================
[2026-02-05T21:13:00.839+0000] {ecommerce_etl.py:215} INFO - 📊 TABELA: bronze.payments
[2026-02-05T21:13:00.840+0000] {ecommerce_etl.py:216} INFO -    Arquivo: olist_order_payments_dataset.csv
[2026-02-05T21:13:00.841+0000] {ecommerce_etl.py:225} INFO -    📖 Lendo CSV...
[2026-02-05T21:13:00.932+0000] {ecommerce_etl.py:230} INFO -    ✅ Lido: 103,886 linhas × 5 colunas
[2026-02-05T21:13:00.933+0000] {ecommerce_etl.py:236} INFO -    💾 Inserindo em bronze.payments...
[2026-02-05T21:13:09.982+0000] {ecommerce_etl.py:251} INFO -    ✅ Inserção concluída em 9.0s
[2026-02-05T21:13:09.991+0000] {ecommerce_etl.py:261} INFO -    ✅ Verificado: 103,886 registros
[2026-02-05T21:13:09.992+0000] {ecommerce_etl.py:214} INFO - 
============================================================
[2026-02-05T21:13:09.992+0000] {ecommerce_etl.py:215} INFO - 📊 TABELA: bronze.reviews
[2026-02-05T21:13:09.992+0000] {ecommerce_etl.py:216} INFO -    Arquivo: olist_order_reviews_dataset.csv
[2026-02-05T21:13:09.994+0000] {ecommerce_etl.py:225} INFO -    📖 Lendo CSV...
[2026-02-05T21:13:10.342+0000] {ecommerce_etl.py:230} INFO -    ✅ Lido: 99,224 linhas × 7 colunas
[2026-02-05T21:13:10.344+0000] {ecommerce_etl.py:236} INFO -    💾 Inserindo em bronze.reviews...
[2026-02-05T21:13:21.906+0000] {ecommerce_etl.py:251} INFO -    ✅ Inserção concluída em 11.6s
[2026-02-05T21:13:21.915+0000] {ecommerce_etl.py:261} INFO -    ✅ Verificado: 99,224 registros
[2026-02-05T21:13:21.916+0000] {ecommerce_etl.py:279} INFO - 
======================================================================
[2026-02-05T21:13:21.917+0000] {ecommerce_etl.py:280} INFO - 📊 RESUMO DA CARGA
[2026-02-05T21:13:21.917+0000] {ecommerce_etl.py:281} INFO - ======================================================================
[2026-02-05T21:13:21.917+0000] {ecommerce_etl.py:282} INFO - ✅ Sucesso: 7/7 tabelas
[2026-02-05T21:13:21.918+0000] {ecommerce_etl.py:283} INFO - 📈 Total: 550,688 registros carregados
[2026-02-05T21:13:21.918+0000] {ecommerce_etl.py:291} INFO - 
🔍 Tabelas no schema bronze:
[2026-02-05T21:13:21.928+0000] {ecommerce_etl.py:305} INFO -    ✅ customers                99,441 registros
[2026-02-05T21:13:21.936+0000] {ecommerce_etl.py:305} INFO -    ✅ order_items             112,650 registros
[2026-02-05T21:13:21.942+0000] {ecommerce_etl.py:305} INFO -    ✅ orders                   99,441 registros
[2026-02-05T21:13:21.947+0000] {ecommerce_etl.py:305} INFO -    ✅ payments                103,886 registros
[2026-02-05T21:13:21.950+0000] {ecommerce_etl.py:305} INFO -    ✅ products                 32,951 registros
[2026-02-05T21:13:21.956+0000] {ecommerce_etl.py:305} INFO -    ✅ reviews                  99,224 registros
[2026-02-05T21:13:21.957+0000] {ecommerce_etl.py:305} INFO -    ✅ sellers                   3,095 registros
[2026-02-05T21:13:21.958+0000] {ecommerce_etl.py:307} INFO - ======================================================================
[2026-02-05T21:13:21.963+0000] {python.py:201} INFO - Done. Returned value was: {'loaded_tables': 7, 'total_records': 550688, 'failed_tables': 0}
[2026-02-05T21:13:21.985+0000] {taskinstance.py:1138} INFO - Marking task as SUCCESS. dag_id=ecommerce_etl_pipeline, task_id=load_to_bronze_layer, execution_date=20260204T000000, start_date=20260205T211215, end_date=20260205T211321
[2026-02-05T21:13:22.016+0000] {local_task_job_runner.py:234} INFO - Task exited with return code 0
[2026-02-05T21:13:22.040+0000] {taskinstance.py:3280} INFO - 1 downstream tasks scheduled from follow-on schedule check
