[2026-02-06T21:46:49.686+0000] {taskinstance.py:1956} INFO - Dependencies all met for dep_context=non-requeueable deps ti=<TaskInstance: ecommerce_etl_pipeline.dbt_run scheduled__2026-02-05T00:00:00+00:00 [queued]>
[2026-02-06T21:46:49.697+0000] {taskinstance.py:1956} INFO - Dependencies all met for dep_context=requeueable deps ti=<TaskInstance: ecommerce_etl_pipeline.dbt_run scheduled__2026-02-05T00:00:00+00:00 [queued]>
[2026-02-06T21:46:49.698+0000] {taskinstance.py:2170} INFO - Starting attempt 1 of 3
[2026-02-06T21:46:49.708+0000] {taskinstance.py:2191} INFO - Executing <Task(BashOperator): dbt_run> on 2026-02-05 00:00:00+00:00
[2026-02-06T21:46:49.713+0000] {standard_task_runner.py:60} INFO - Started process 350 to run task
[2026-02-06T21:46:49.716+0000] {standard_task_runner.py:87} INFO - Running: ['***', 'tasks', 'run', 'ecommerce_etl_pipeline', 'dbt_run', 'scheduled__2026-02-05T00:00:00+00:00', '--job-id', '16', '--raw', '--subdir', 'DAGS_FOLDER/ecommerce_etl.py', '--cfg-path', '/tmp/tmpc97a7c6x']
[2026-02-06T21:46:49.718+0000] {standard_task_runner.py:88} INFO - Job 16: Subtask dbt_run
[2026-02-06T21:46:49.782+0000] {task_command.py:423} INFO - Running <TaskInstance: ecommerce_etl_pipeline.dbt_run scheduled__2026-02-05T00:00:00+00:00 [running]> on host 55309008fd85
[2026-02-06T21:46:49.859+0000] {taskinstance.py:2480} INFO - Exporting env vars: AIRFLOW_CTX_DAG_OWNER='data-engineer' AIRFLOW_CTX_DAG_ID='ecommerce_etl_pipeline' AIRFLOW_CTX_TASK_ID='dbt_run' AIRFLOW_CTX_EXECUTION_DATE='2026-02-05T00:00:00+00:00' AIRFLOW_CTX_TRY_NUMBER='1' AIRFLOW_CTX_DAG_RUN_ID='scheduled__2026-02-05T00:00:00+00:00'
[2026-02-06T21:46:49.861+0000] {subprocess.py:63} INFO - Tmp dir root location: /tmp
[2026-02-06T21:46:49.862+0000] {subprocess.py:75} INFO - Running command: ['/usr/bin/bash', '-c', 'cd /opt/***/dbt_project && dbt run --profiles-dir . --full-refresh']
[2026-02-06T21:46:49.872+0000] {subprocess.py:86} INFO - Output:
[2026-02-06T21:46:53.029+0000] {subprocess.py:93} INFO - [0m21:46:53  Running with dbt=1.7.7
[2026-02-06T21:46:53.449+0000] {subprocess.py:93} INFO - [0m21:46:53  Registered adapter: postgres=1.7.7
[2026-02-06T21:46:54.003+0000] {subprocess.py:93} INFO - [0m21:46:54  Found 6 models, 8 tests, 7 sources, 0 exposures, 0 metrics, 401 macros, 0 groups, 0 semantic models
[2026-02-06T21:46:54.008+0000] {subprocess.py:93} INFO - [0m21:46:54
[2026-02-06T21:46:54.184+0000] {subprocess.py:93} INFO - [0m21:46:54  Concurrency: 4 threads (target='dev')
[2026-02-06T21:46:54.186+0000] {subprocess.py:93} INFO - [0m21:46:54
[2026-02-06T21:46:54.202+0000] {subprocess.py:93} INFO - [0m21:46:54  1 of 6 START sql table model public_silver.silver_customers .................... [RUN]
[2026-02-06T21:46:54.204+0000] {subprocess.py:93} INFO - [0m21:46:54  2 of 6 START sql table model public_silver.silver_order_items .................. [RUN]
[2026-02-06T21:46:54.207+0000] {subprocess.py:93} INFO - [0m21:46:54  3 of 6 START sql table model public_silver.silver_orders ....................... [RUN]
[2026-02-06T21:46:54.209+0000] {subprocess.py:93} INFO - [0m21:46:54  4 of 6 START sql table model public_silver.silver_products ..................... [RUN]
[2026-02-06T21:46:54.689+0000] {subprocess.py:93} INFO - [0m21:46:54  4 of 6 OK created sql table model public_silver.silver_products ................ [[32mSELECT 32951[0m in 0.47s]
[2026-02-06T21:46:55.098+0000] {subprocess.py:93} INFO - [0m21:46:55  1 of 6 OK created sql table model public_silver.silver_customers ............... [[32mSELECT 99441[0m in 0.88s]
[2026-02-06T21:46:55.256+0000] {subprocess.py:93} INFO - [0m21:46:55  2 of 6 OK created sql table model public_silver.silver_order_items ............. [[32mSELECT 112650[0m in 1.03s]
[2026-02-06T21:46:55.259+0000] {subprocess.py:93} INFO - [0m21:46:55  3 of 6 OK created sql table model public_silver.silver_orders .................. [[32mSELECT 99441[0m in 1.04s]
[2026-02-06T21:46:55.269+0000] {subprocess.py:93} INFO - [0m21:46:55  5 of 6 START sql table model public_gold.gold_customer_lifetime_value .......... [RUN]
[2026-02-06T21:46:55.272+0000] {subprocess.py:93} INFO - [0m21:46:55  6 of 6 START sql table model public_gold.gold_sales_by_state ................... [RUN]
[2026-02-06T21:46:56.920+0000] {subprocess.py:93} INFO - [0m21:46:56  6 of 6 OK created sql table model public_gold.gold_sales_by_state .............. [[32mSELECT 556[0m in 1.64s]
[2026-02-06T21:46:57.257+0000] {subprocess.py:93} INFO - [0m21:46:57  5 of 6 OK created sql table model public_gold.gold_customer_lifetime_value ..... [[32mSELECT 96478[0m in 1.98s]
[2026-02-06T21:46:57.283+0000] {subprocess.py:93} INFO - [0m21:46:57
[2026-02-06T21:46:57.285+0000] {subprocess.py:93} INFO - [0m21:46:57  Finished running 6 table models in 0 hours 0 minutes and 3.27 seconds (3.27s).
[2026-02-06T21:46:57.344+0000] {subprocess.py:93} INFO - [0m21:46:57
[2026-02-06T21:46:57.346+0000] {subprocess.py:93} INFO - [0m21:46:57  [32mCompleted successfully[0m
[2026-02-06T21:46:57.347+0000] {subprocess.py:93} INFO - [0m21:46:57
[2026-02-06T21:46:57.349+0000] {subprocess.py:93} INFO - [0m21:46:57  Done. PASS=6 WARN=0 ERROR=0 SKIP=0 TOTAL=6
[2026-02-06T21:46:58.632+0000] {subprocess.py:97} INFO - Command exited with return code 0
[2026-02-06T21:46:58.667+0000] {taskinstance.py:1138} INFO - Marking task as SUCCESS. dag_id=ecommerce_etl_pipeline, task_id=dbt_run, execution_date=20260205T000000, start_date=20260206T214649, end_date=20260206T214658
[2026-02-06T21:46:58.715+0000] {local_task_job_runner.py:234} INFO - Task exited with return code 0
[2026-02-06T21:46:58.740+0000] {taskinstance.py:3280} INFO - 1 downstream tasks scheduled from follow-on schedule check
