[2026-02-06T21:45:25.086+0000] {taskinstance.py:1956} INFO - Dependencies all met for dep_context=non-requeueable deps ti=<TaskInstance: ecommerce_etl_pipeline.download_kaggle_dataset scheduled__2026-02-05T00:00:00+00:00 [queued]>
[2026-02-06T21:45:25.102+0000] {taskinstance.py:1956} INFO - Dependencies all met for dep_context=requeueable deps ti=<TaskInstance: ecommerce_etl_pipeline.download_kaggle_dataset scheduled__2026-02-05T00:00:00+00:00 [queued]>
[2026-02-06T21:45:25.103+0000] {taskinstance.py:2170} INFO - Starting attempt 1 of 3
[2026-02-06T21:45:25.125+0000] {taskinstance.py:2191} INFO - Executing <Task(PythonOperator): download_kaggle_dataset> on 2026-02-05 00:00:00+00:00
[2026-02-06T21:45:25.159+0000] {standard_task_runner.py:60} INFO - Started process 231 to run task
[2026-02-06T21:45:25.171+0000] {standard_task_runner.py:87} INFO - Running: ['***', 'tasks', 'run', 'ecommerce_etl_pipeline', 'download_kaggle_dataset', 'scheduled__2026-02-05T00:00:00+00:00', '--job-id', '13', '--raw', '--subdir', 'DAGS_FOLDER/ecommerce_etl.py', '--cfg-path', '/tmp/tmpfcgp3b34']
[2026-02-06T21:45:25.179+0000] {standard_task_runner.py:88} INFO - Job 13: Subtask download_kaggle_dataset
[2026-02-06T21:45:25.399+0000] {task_command.py:423} INFO - Running <TaskInstance: ecommerce_etl_pipeline.download_kaggle_dataset scheduled__2026-02-05T00:00:00+00:00 [running]> on host 55309008fd85
[2026-02-06T21:45:25.604+0000] {taskinstance.py:2480} INFO - Exporting env vars: AIRFLOW_CTX_DAG_OWNER='data-engineer' AIRFLOW_CTX_DAG_ID='ecommerce_etl_pipeline' AIRFLOW_CTX_TASK_ID='download_kaggle_dataset' AIRFLOW_CTX_EXECUTION_DATE='2026-02-05T00:00:00+00:00' AIRFLOW_CTX_TRY_NUMBER='1' AIRFLOW_CTX_DAG_RUN_ID='scheduled__2026-02-05T00:00:00+00:00'
[2026-02-06T21:45:26.214+0000] {logging_mixin.py:188} INFO - Warning: Your Kaggle API key is readable by other users on this system! To fix this, you can run 'chmod 600 /home/***/.kaggle/kaggle.json'
[2026-02-06T21:45:26.279+0000] {ecommerce_etl.py:32} INFO - ======================================================================
[2026-02-06T21:45:26.285+0000] {ecommerce_etl.py:33} INFO - INICIANDO DOWNLOAD DO KAGGLE
[2026-02-06T21:45:26.286+0000] {ecommerce_etl.py:34} INFO - ======================================================================
[2026-02-06T21:45:26.301+0000] {ecommerce_etl.py:51} INFO - ✅ Credenciais carregadas: raelsan
[2026-02-06T21:45:26.305+0000] {ecommerce_etl.py:60} INFO - 🗑️  Limpando diretório /opt/***/data/raw...
[2026-02-06T21:45:26.488+0000] {ecommerce_etl.py:64} INFO - 📁 Diretório criado: /opt/***/data/raw
[2026-02-06T21:45:26.488+0000] {ecommerce_etl.py:71} INFO - 📥 Baixando dataset: olistbr/brazilian-ecommerce
[2026-02-06T21:45:26.489+0000] {ecommerce_etl.py:72} INFO -    (Isso pode demorar 2-5 minutos dependendo da conexão...)
[2026-02-06T21:45:32.665+0000] {ecommerce_etl.py:80} INFO - ✅ Download concluído!
[2026-02-06T21:45:32.679+0000] {ecommerce_etl.py:94} INFO - 📦 ZIP encontrado: 42.65 MB
[2026-02-06T21:45:32.681+0000] {ecommerce_etl.py:98} INFO - 📦 Descompactando arquivo...
[2026-02-06T21:45:32.738+0000] {ecommerce_etl.py:103} INFO -    Arquivos no ZIP: 9
[2026-02-06T21:45:37.089+0000] {ecommerce_etl.py:108} INFO - ✅ Descompactação concluída!
[2026-02-06T21:45:37.100+0000] {ecommerce_etl.py:112} INFO - 🗑️  Arquivo ZIP removido
[2026-02-06T21:45:37.104+0000] {ecommerce_etl.py:129} INFO - 
✅ Dataset pronto! 9 arquivos CSV:
[2026-02-06T21:45:37.107+0000] {ecommerce_etl.py:134} INFO -    📄 olist_customers_dataset.csv                       8.62 MB
[2026-02-06T21:45:37.336+0000] {ecommerce_etl.py:134} INFO -    📄 olist_geolocation_dataset.csv                    58.44 MB
[2026-02-06T21:45:37.339+0000] {ecommerce_etl.py:134} INFO -    📄 olist_order_items_dataset.csv                    14.72 MB
[2026-02-06T21:45:37.343+0000] {ecommerce_etl.py:134} INFO -    📄 olist_order_payments_dataset.csv                  5.51 MB
[2026-02-06T21:45:37.347+0000] {ecommerce_etl.py:134} INFO -    📄 olist_order_reviews_dataset.csv                  13.78 MB
[2026-02-06T21:45:37.353+0000] {ecommerce_etl.py:134} INFO -    📄 olist_orders_dataset.csv                         16.84 MB
[2026-02-06T21:45:37.357+0000] {ecommerce_etl.py:134} INFO -    📄 olist_products_dataset.csv                        2.27 MB
[2026-02-06T21:45:37.361+0000] {ecommerce_etl.py:134} INFO -    📄 olist_sellers_dataset.csv                         0.17 MB
[2026-02-06T21:45:37.364+0000] {ecommerce_etl.py:134} INFO -    📄 product_category_name_translation.csv             0.00 MB
[2026-02-06T21:45:37.365+0000] {ecommerce_etl.py:136} INFO - 
📊 Tamanho total: 120.34 MB
[2026-02-06T21:45:37.365+0000] {ecommerce_etl.py:137} INFO - ======================================================================
[2026-02-06T21:45:37.366+0000] {python.py:201} INFO - Done. Returned value was: {'csv_count': 9, 'total_size_mb': 120.34}
[2026-02-06T21:45:37.420+0000] {taskinstance.py:1138} INFO - Marking task as SUCCESS. dag_id=ecommerce_etl_pipeline, task_id=download_kaggle_dataset, execution_date=20260205T000000, start_date=20260206T214525, end_date=20260206T214537
[2026-02-06T21:45:37.463+0000] {local_task_job_runner.py:234} INFO - Task exited with return code 0
[2026-02-06T21:45:37.497+0000] {taskinstance.py:3280} INFO - 1 downstream tasks scheduled from follow-on schedule check
