[2026-02-05T20:39:31.184+0000] {taskinstance.py:1956} INFO - Dependencies all met for dep_context=non-requeueable deps ti=<TaskInstance: ecommerce_etl_pipeline.load_to_bronze_layer manual__2026-02-05T20:34:27.343172+00:00 [queued]>
[2026-02-05T20:39:31.191+0000] {taskinstance.py:1956} INFO - Dependencies all met for dep_context=requeueable deps ti=<TaskInstance: ecommerce_etl_pipeline.load_to_bronze_layer manual__2026-02-05T20:34:27.343172+00:00 [queued]>
[2026-02-05T20:39:31.192+0000] {taskinstance.py:2170} INFO - Starting attempt 2 of 2
[2026-02-05T20:39:31.204+0000] {taskinstance.py:2191} INFO - Executing <Task(PythonOperator): load_to_bronze_layer> on 2026-02-05 20:34:27.343172+00:00
[2026-02-05T20:39:31.210+0000] {standard_task_runner.py:60} INFO - Started process 356 to run task
[2026-02-05T20:39:31.213+0000] {standard_task_runner.py:87} INFO - Running: ['***', 'tasks', 'run', 'ecommerce_etl_pipeline', 'load_to_bronze_layer', 'manual__2026-02-05T20:34:27.343172+00:00', '--job-id', '13', '--raw', '--subdir', 'DAGS_FOLDER/ecommerce_etl.py', '--cfg-path', '/tmp/tmpdqu3jd29']
[2026-02-05T20:39:31.216+0000] {standard_task_runner.py:88} INFO - Job 13: Subtask load_to_bronze_layer
[2026-02-05T20:39:31.279+0000] {task_command.py:423} INFO - Running <TaskInstance: ecommerce_etl_pipeline.load_to_bronze_layer manual__2026-02-05T20:34:27.343172+00:00 [running]> on host 2314a77ad6cd
[2026-02-05T20:39:31.352+0000] {taskinstance.py:2480} INFO - Exporting env vars: AIRFLOW_CTX_DAG_OWNER='data-engineer' AIRFLOW_CTX_DAG_ID='ecommerce_etl_pipeline' AIRFLOW_CTX_TASK_ID='load_to_bronze_layer' AIRFLOW_CTX_EXECUTION_DATE='2026-02-05T20:34:27.343172+00:00' AIRFLOW_CTX_TRY_NUMBER='2' AIRFLOW_CTX_DAG_RUN_ID='manual__2026-02-05T20:34:27.343172+00:00'
[2026-02-05T20:39:31.856+0000] {logging_mixin.py:188} INFO - 🔗 Conectando ao PostgreSQL...
[2026-02-05T20:39:31.878+0000] {taskinstance.py:2698} ERROR - Task failed with exception
Traceback (most recent call last):
  File "/home/airflow/.local/lib/python3.11/site-packages/airflow/models/taskinstance.py", line 433, in _execute_task
    result = execute_callable(context=context, **execute_callable_kwargs)
             ^^^^^^^^^^^^^^^^^^^^^^^^^^^^^^^^^^^^^^^^^^^^^^^^^^^^^^^^^^^^
  File "/home/airflow/.local/lib/python3.11/site-packages/airflow/operators/python.py", line 199, in execute
    return_value = self.execute_callable()
                   ^^^^^^^^^^^^^^^^^^^^^^^
  File "/home/airflow/.local/lib/python3.11/site-packages/airflow/operators/python.py", line 216, in execute_callable
    return self.python_callable(*self.op_args, **self.op_kwargs)
           ^^^^^^^^^^^^^^^^^^^^^^^^^^^^^^^^^^^^^^^^^^^^^^^^^^^^^
  File "/opt/airflow/dags/ecommerce_etl.py", line 65, in load_to_bronze
    conn.commit()
    ^^^^^^^^^^^
AttributeError: 'Connection' object has no attribute 'commit'
[2026-02-05T20:39:31.905+0000] {taskinstance.py:1138} INFO - Marking task as FAILED. dag_id=ecommerce_etl_pipeline, task_id=load_to_bronze_layer, execution_date=20260205T203427, start_date=20260205T203931, end_date=20260205T203931
[2026-02-05T20:39:31.928+0000] {standard_task_runner.py:107} ERROR - Failed to execute job 13 for task load_to_bronze_layer ('Connection' object has no attribute 'commit'; 356)
[2026-02-05T20:39:31.949+0000] {local_task_job_runner.py:234} INFO - Task exited with return code 1
[2026-02-05T20:39:31.983+0000] {taskinstance.py:3280} INFO - 0 downstream tasks scheduled from follow-on schedule check
