[2026-02-05T19:02:00.149+0000] {taskinstance.py:1956} INFO - Dependencies all met for dep_context=non-requeueable deps ti=<TaskInstance: ecommerce_etl_pipeline.load_to_bronze_layer manual__2026-02-05T19:01:57.370350+00:00 [queued]>
[2026-02-05T19:02:00.155+0000] {taskinstance.py:1956} INFO - Dependencies all met for dep_context=requeueable deps ti=<TaskInstance: ecommerce_etl_pipeline.load_to_bronze_layer manual__2026-02-05T19:01:57.370350+00:00 [queued]>
[2026-02-05T19:02:00.156+0000] {taskinstance.py:2170} INFO - Starting attempt 1 of 2
[2026-02-05T19:02:00.166+0000] {taskinstance.py:2191} INFO - Executing <Task(PythonOperator): load_to_bronze_layer> on 2026-02-05 19:01:57.370350+00:00
[2026-02-05T19:02:00.171+0000] {standard_task_runner.py:60} INFO - Started process 319 to run task
[2026-02-05T19:02:00.174+0000] {standard_task_runner.py:87} INFO - Running: ['***', 'tasks', 'run', 'ecommerce_etl_pipeline', 'load_to_bronze_layer', 'manual__2026-02-05T19:01:57.370350+00:00', '--job-id', '4', '--raw', '--subdir', 'DAGS_FOLDER/ecommerce_etl.py', '--cfg-path', '/tmp/tmpi7y_ra_c']
[2026-02-05T19:02:00.176+0000] {standard_task_runner.py:88} INFO - Job 4: Subtask load_to_bronze_layer
[2026-02-05T19:02:00.235+0000] {task_command.py:423} INFO - Running <TaskInstance: ecommerce_etl_pipeline.load_to_bronze_layer manual__2026-02-05T19:01:57.370350+00:00 [running]> on host a4bed033a888
[2026-02-05T19:02:00.298+0000] {taskinstance.py:2480} INFO - Exporting env vars: AIRFLOW_CTX_DAG_OWNER='data-engineer' AIRFLOW_CTX_DAG_ID='ecommerce_etl_pipeline' AIRFLOW_CTX_TASK_ID='load_to_bronze_layer' AIRFLOW_CTX_EXECUTION_DATE='2026-02-05T19:01:57.370350+00:00' AIRFLOW_CTX_TRY_NUMBER='1' AIRFLOW_CTX_DAG_RUN_ID='manual__2026-02-05T19:01:57.370350+00:00'
[2026-02-05T19:02:00.679+0000] {logging_mixin.py:188} INFO - 🔗 Conectando ao PostgreSQL...
[2026-02-05T19:02:00.683+0000] {logging_mixin.py:188} INFO -    ⚠️  Arquivo não encontrado: olist_customers_dataset.csv
[2026-02-05T19:02:00.684+0000] {logging_mixin.py:188} INFO -    ⚠️  Arquivo não encontrado: olist_orders_dataset.csv
[2026-02-05T19:02:00.685+0000] {logging_mixin.py:188} INFO -    ⚠️  Arquivo não encontrado: olist_order_items_dataset.csv
[2026-02-05T19:02:00.686+0000] {logging_mixin.py:188} INFO -    ⚠️  Arquivo não encontrado: olist_products_dataset.csv
[2026-02-05T19:02:00.687+0000] {logging_mixin.py:188} INFO -    ⚠️  Arquivo não encontrado: olist_sellers_dataset.csv
[2026-02-05T19:02:00.688+0000] {logging_mixin.py:188} INFO -    ⚠️  Arquivo não encontrado: olist_order_payments_dataset.csv
[2026-02-05T19:02:00.689+0000] {logging_mixin.py:188} INFO -    ⚠️  Arquivo não encontrado: olist_order_reviews_dataset.csv
[2026-02-05T19:02:00.689+0000] {logging_mixin.py:188} INFO - 
🎉 Total de tabelas carregadas: 0/7
[2026-02-05T19:02:00.690+0000] {python.py:201} INFO - Done. Returned value was: None
[2026-02-05T19:02:00.707+0000] {taskinstance.py:1138} INFO - Marking task as SUCCESS. dag_id=ecommerce_etl_pipeline, task_id=load_to_bronze_layer, execution_date=20260205T190157, start_date=20260205T190200, end_date=20260205T190200
[2026-02-05T19:02:00.748+0000] {local_task_job_runner.py:234} INFO - Task exited with return code 0
[2026-02-05T19:02:00.771+0000] {taskinstance.py:3280} INFO - 1 downstream tasks scheduled from follow-on schedule check
