[2026-02-07T17:34:41.818+0000] {taskinstance.py:1956} INFO - Dependencies all met for dep_context=non-requeueable deps ti=<TaskInstance: ecommerce_etl_pipeline.dbt_run scheduled__2026-02-06T00:00:00+00:00 [queued]>
[2026-02-07T17:34:41.825+0000] {taskinstance.py:1956} INFO - Dependencies all met for dep_context=requeueable deps ti=<TaskInstance: ecommerce_etl_pipeline.dbt_run scheduled__2026-02-06T00:00:00+00:00 [queued]>
[2026-02-07T17:34:41.825+0000] {taskinstance.py:2170} INFO - Starting attempt 1 of 3
[2026-02-07T17:34:41.834+0000] {taskinstance.py:2191} INFO - Executing <Task(BashOperator): dbt_run> on 2026-02-06 00:00:00+00:00
[2026-02-07T17:34:41.839+0000] {standard_task_runner.py:60} INFO - Started process 315 to run task
[2026-02-07T17:34:41.842+0000] {standard_task_runner.py:87} INFO - Running: ['***', 'tasks', 'run', 'ecommerce_etl_pipeline', 'dbt_run', 'scheduled__2026-02-06T00:00:00+00:00', '--job-id', '32', '--raw', '--subdir', 'DAGS_FOLDER/ecommerce_etl.py', '--cfg-path', '/tmp/tmpbg5x58un']
[2026-02-07T17:34:41.844+0000] {standard_task_runner.py:88} INFO - Job 32: Subtask dbt_run
[2026-02-07T17:34:41.900+0000] {task_command.py:423} INFO - Running <TaskInstance: ecommerce_etl_pipeline.dbt_run scheduled__2026-02-06T00:00:00+00:00 [running]> on host 33ee8755038f
[2026-02-07T17:34:41.966+0000] {taskinstance.py:2480} INFO - Exporting env vars: AIRFLOW_CTX_DAG_OWNER='data-engineer' AIRFLOW_CTX_DAG_ID='ecommerce_etl_pipeline' AIRFLOW_CTX_TASK_ID='dbt_run' AIRFLOW_CTX_EXECUTION_DATE='2026-02-06T00:00:00+00:00' AIRFLOW_CTX_TRY_NUMBER='1' AIRFLOW_CTX_DAG_RUN_ID='scheduled__2026-02-06T00:00:00+00:00'
[2026-02-07T17:34:41.968+0000] {subprocess.py:63} INFO - Tmp dir root location: /tmp
[2026-02-07T17:34:41.969+0000] {subprocess.py:75} INFO - Running command: ['/usr/bin/bash', '-c', 'cd /opt/***/dbt_project && dbt run --profiles-dir . --full-refresh']
[2026-02-07T17:34:41.978+0000] {subprocess.py:86} INFO - Output:
[2026-02-07T17:34:44.559+0000] {subprocess.py:93} INFO - [0m17:34:44  Running with dbt=1.7.7
[2026-02-07T17:34:44.979+0000] {subprocess.py:93} INFO - [0m17:34:44  Registered adapter: postgres=1.7.7
[2026-02-07T17:34:45.478+0000] {subprocess.py:93} INFO - [0m17:34:45  Found 6 models, 8 tests, 7 sources, 0 exposures, 0 metrics, 401 macros, 0 groups, 0 semantic models
[2026-02-07T17:34:45.484+0000] {subprocess.py:93} INFO - [0m17:34:45
[2026-02-07T17:34:45.629+0000] {subprocess.py:93} INFO - [0m17:34:45  Concurrency: 4 threads (target='dev')
[2026-02-07T17:34:45.630+0000] {subprocess.py:93} INFO - [0m17:34:45
[2026-02-07T17:34:45.642+0000] {subprocess.py:93} INFO - [0m17:34:45  1 of 6 START sql table model public_silver.silver_customers .................... [RUN]
[2026-02-07T17:34:45.644+0000] {subprocess.py:93} INFO - [0m17:34:45  2 of 6 START sql table model public_silver.silver_order_items .................. [RUN]
[2026-02-07T17:34:45.646+0000] {subprocess.py:93} INFO - [0m17:34:45  3 of 6 START sql table model public_silver.silver_orders ....................... [RUN]
[2026-02-07T17:34:45.647+0000] {subprocess.py:93} INFO - [0m17:34:45  4 of 6 START sql table model public_silver.silver_products ..................... [RUN]
[2026-02-07T17:34:46.117+0000] {subprocess.py:93} INFO - [0m17:34:46  4 of 6 OK created sql table model public_silver.silver_products ................ [[32mSELECT 32951[0m in 0.46s]
[2026-02-07T17:34:46.551+0000] {subprocess.py:93} INFO - [0m17:34:46  1 of 6 OK created sql table model public_silver.silver_customers ............... [[32mSELECT 99441[0m in 0.90s]
[2026-02-07T17:34:46.693+0000] {subprocess.py:93} INFO - [0m17:34:46  2 of 6 OK created sql table model public_silver.silver_order_items ............. [[32mSELECT 112650[0m in 1.04s]
[2026-02-07T17:34:46.704+0000] {subprocess.py:93} INFO - [0m17:34:46  3 of 6 OK created sql table model public_silver.silver_orders .................. [[32mSELECT 99441[0m in 1.05s]
[2026-02-07T17:34:46.710+0000] {subprocess.py:93} INFO - [0m17:34:46  5 of 6 START sql table model public_gold.gold_customer_lifetime_value .......... [RUN]
[2026-02-07T17:34:46.712+0000] {subprocess.py:93} INFO - [0m17:34:46  6 of 6 START sql table model public_gold.gold_sales_by_state ................... [RUN]
[2026-02-07T17:34:48.617+0000] {subprocess.py:93} INFO - [0m17:34:48  6 of 6 OK created sql table model public_gold.gold_sales_by_state .............. [[32mSELECT 556[0m in 1.89s]
[2026-02-07T17:34:49.065+0000] {subprocess.py:93} INFO - [0m17:34:49  5 of 6 OK created sql table model public_gold.gold_customer_lifetime_value ..... [[32mSELECT 96478[0m in 2.35s]
[2026-02-07T17:34:49.115+0000] {subprocess.py:93} INFO - [0m17:34:49
[2026-02-07T17:34:49.117+0000] {subprocess.py:93} INFO - [0m17:34:49  Finished running 6 table models in 0 hours 0 minutes and 3.63 seconds (3.63s).
[2026-02-07T17:34:49.265+0000] {subprocess.py:93} INFO - [0m17:34:49
[2026-02-07T17:34:49.268+0000] {subprocess.py:93} INFO - [0m17:34:49  [32mCompleted successfully[0m
[2026-02-07T17:34:49.270+0000] {subprocess.py:93} INFO - [0m17:34:49
[2026-02-07T17:34:49.274+0000] {subprocess.py:93} INFO - [0m17:34:49  Done. PASS=6 WARN=0 ERROR=0 SKIP=0 TOTAL=6
[2026-02-07T17:34:50.473+0000] {subprocess.py:97} INFO - Command exited with return code 0
[2026-02-07T17:34:50.498+0000] {taskinstance.py:1138} INFO - Marking task as SUCCESS. dag_id=ecommerce_etl_pipeline, task_id=dbt_run, execution_date=20260206T000000, start_date=20260207T173441, end_date=20260207T173450
[2026-02-07T17:34:50.528+0000] {local_task_job_runner.py:234} INFO - Task exited with return code 0
[2026-02-07T17:34:50.549+0000] {taskinstance.py:3280} INFO - 1 downstream tasks scheduled from follow-on schedule check
