[2026-02-05T21:13:47.223+0000] {taskinstance.py:1956} INFO - Dependencies all met for dep_context=non-requeueable deps ti=<TaskInstance: ecommerce_etl_pipeline.load_to_bronze_layer manual__2026-02-05T21:12:04.290078+00:00 [queued]>
[2026-02-05T21:13:47.230+0000] {taskinstance.py:1956} INFO - Dependencies all met for dep_context=requeueable deps ti=<TaskInstance: ecommerce_etl_pipeline.load_to_bronze_layer manual__2026-02-05T21:12:04.290078+00:00 [queued]>
[2026-02-05T21:13:47.231+0000] {taskinstance.py:2170} INFO - Starting attempt 1 of 3
[2026-02-05T21:13:47.245+0000] {taskinstance.py:2191} INFO - Executing <Task(PythonOperator): load_to_bronze_layer> on 2026-02-05 21:12:04.290078+00:00
[2026-02-05T21:13:47.250+0000] {standard_task_runner.py:60} INFO - Started process 386 to run task
[2026-02-05T21:13:47.253+0000] {standard_task_runner.py:87} INFO - Running: ['***', 'tasks', 'run', 'ecommerce_etl_pipeline', 'load_to_bronze_layer', 'manual__2026-02-05T21:12:04.290078+00:00', '--job-id', '8', '--raw', '--subdir', 'DAGS_FOLDER/ecommerce_etl.py', '--cfg-path', '/tmp/tmpsrw6xul7']
[2026-02-05T21:13:47.256+0000] {standard_task_runner.py:88} INFO - Job 8: Subtask load_to_bronze_layer
[2026-02-05T21:13:47.316+0000] {task_command.py:423} INFO - Running <TaskInstance: ecommerce_etl_pipeline.load_to_bronze_layer manual__2026-02-05T21:12:04.290078+00:00 [running]> on host 55309008fd85
[2026-02-05T21:13:47.394+0000] {taskinstance.py:2480} INFO - Exporting env vars: AIRFLOW_CTX_DAG_OWNER='data-engineer' AIRFLOW_CTX_DAG_ID='ecommerce_etl_pipeline' AIRFLOW_CTX_TASK_ID='load_to_bronze_layer' AIRFLOW_CTX_EXECUTION_DATE='2026-02-05T21:12:04.290078+00:00' AIRFLOW_CTX_TRY_NUMBER='1' AIRFLOW_CTX_DAG_RUN_ID='manual__2026-02-05T21:12:04.290078+00:00'
[2026-02-05T21:13:47.663+0000] {ecommerce_etl.py:151} INFO - ======================================================================
[2026-02-05T21:13:47.664+0000] {ecommerce_etl.py:152} INFO - INICIANDO CARGA NA CAMADA BRONZE
[2026-02-05T21:13:47.664+0000] {ecommerce_etl.py:153} INFO - ======================================================================
[2026-02-05T21:13:47.677+0000] {ecommerce_etl.py:167} INFO - ✅ Conexão PostgreSQL estabelecida
[2026-02-05T21:13:47.678+0000] {ecommerce_etl.py:176} INFO - ✅ Schema bronze criado/verificado
[2026-02-05T21:13:47.681+0000] {ecommerce_etl.py:194} INFO - 
📁 Arquivos CSV disponíveis: 9
[2026-02-05T21:13:47.681+0000] {ecommerce_etl.py:214} INFO - 
============================================================
[2026-02-05T21:13:47.682+0000] {ecommerce_etl.py:215} INFO - 📊 TABELA: bronze.customers
[2026-02-05T21:13:47.682+0000] {ecommerce_etl.py:216} INFO -    Arquivo: olist_customers_dataset.csv
[2026-02-05T21:13:47.683+0000] {ecommerce_etl.py:225} INFO -    📖 Lendo CSV...
[2026-02-05T21:13:47.877+0000] {ecommerce_etl.py:230} INFO -    ✅ Lido: 99,441 linhas × 5 colunas
[2026-02-05T21:13:47.879+0000] {ecommerce_etl.py:236} INFO -    💾 Inserindo em bronze.customers...
[2026-02-05T21:13:57.391+0000] {ecommerce_etl.py:251} INFO -    ✅ Inserção concluída em 9.5s
[2026-02-05T21:13:57.399+0000] {ecommerce_etl.py:261} INFO -    ✅ Verificado: 99,441 registros
[2026-02-05T21:13:57.400+0000] {ecommerce_etl.py:214} INFO - 
============================================================
[2026-02-05T21:13:57.400+0000] {ecommerce_etl.py:215} INFO - 📊 TABELA: bronze.orders
[2026-02-05T21:13:57.401+0000] {ecommerce_etl.py:216} INFO -    Arquivo: olist_orders_dataset.csv
[2026-02-05T21:13:57.403+0000] {ecommerce_etl.py:225} INFO -    📖 Lendo CSV...
[2026-02-05T21:13:57.859+0000] {ecommerce_etl.py:230} INFO -    ✅ Lido: 99,441 linhas × 8 colunas
[2026-02-05T21:13:57.861+0000] {ecommerce_etl.py:236} INFO -    💾 Inserindo em bronze.orders...
[2026-02-05T21:14:10.395+0000] {ecommerce_etl.py:251} INFO -    ✅ Inserção concluída em 12.5s
[2026-02-05T21:14:10.405+0000] {ecommerce_etl.py:261} INFO -    ✅ Verificado: 99,441 registros
[2026-02-05T21:14:10.406+0000] {ecommerce_etl.py:214} INFO - 
============================================================
[2026-02-05T21:14:10.406+0000] {ecommerce_etl.py:215} INFO - 📊 TABELA: bronze.order_items
[2026-02-05T21:14:10.407+0000] {ecommerce_etl.py:216} INFO -    Arquivo: olist_order_items_dataset.csv
[2026-02-05T21:14:10.409+0000] {ecommerce_etl.py:225} INFO -    📖 Lendo CSV...
[2026-02-05T21:14:10.667+0000] {ecommerce_etl.py:230} INFO -    ✅ Lido: 112,650 linhas × 7 colunas
[2026-02-05T21:14:10.669+0000] {ecommerce_etl.py:236} INFO -    💾 Inserindo em bronze.order_items...
[2026-02-05T21:14:24.432+0000] {ecommerce_etl.py:251} INFO -    ✅ Inserção concluída em 13.8s
[2026-02-05T21:14:24.443+0000] {ecommerce_etl.py:261} INFO -    ✅ Verificado: 112,650 registros
[2026-02-05T21:14:24.444+0000] {ecommerce_etl.py:214} INFO - 
============================================================
[2026-02-05T21:14:24.444+0000] {ecommerce_etl.py:215} INFO - 📊 TABELA: bronze.products
[2026-02-05T21:14:24.445+0000] {ecommerce_etl.py:216} INFO -    Arquivo: olist_products_dataset.csv
[2026-02-05T21:14:24.446+0000] {ecommerce_etl.py:225} INFO -    📖 Lendo CSV...
[2026-02-05T21:14:24.492+0000] {ecommerce_etl.py:230} INFO -    ✅ Lido: 32,951 linhas × 9 colunas
[2026-02-05T21:14:24.493+0000] {ecommerce_etl.py:236} INFO -    💾 Inserindo em bronze.products...
[2026-02-05T21:14:30.233+0000] {ecommerce_etl.py:251} INFO -    ✅ Inserção concluída em 5.7s
[2026-02-05T21:14:30.238+0000] {ecommerce_etl.py:261} INFO -    ✅ Verificado: 32,951 registros
[2026-02-05T21:14:30.239+0000] {ecommerce_etl.py:214} INFO - 
============================================================
[2026-02-05T21:14:30.239+0000] {ecommerce_etl.py:215} INFO - 📊 TABELA: bronze.sellers
[2026-02-05T21:14:30.239+0000] {ecommerce_etl.py:216} INFO -    Arquivo: olist_sellers_dataset.csv
[2026-02-05T21:14:30.241+0000] {ecommerce_etl.py:225} INFO -    📖 Lendo CSV...
[2026-02-05T21:14:30.248+0000] {ecommerce_etl.py:230} INFO -    ✅ Lido: 3,095 linhas × 4 colunas
[2026-02-05T21:14:30.249+0000] {ecommerce_etl.py:236} INFO -    💾 Inserindo em bronze.sellers...
[2026-02-05T21:14:30.422+0000] {ecommerce_etl.py:251} INFO -    ✅ Inserção concluída em 0.2s
[2026-02-05T21:14:30.424+0000] {ecommerce_etl.py:261} INFO -    ✅ Verificado: 3,095 registros
[2026-02-05T21:14:30.425+0000] {ecommerce_etl.py:214} INFO - 
============================================================
[2026-02-05T21:14:30.426+0000] {ecommerce_etl.py:215} INFO - 📊 TABELA: bronze.payments
[2026-02-05T21:14:30.426+0000] {ecommerce_etl.py:216} INFO -    Arquivo: olist_order_payments_dataset.csv
[2026-02-05T21:14:30.429+0000] {ecommerce_etl.py:225} INFO -    📖 Lendo CSV...
[2026-02-05T21:14:30.542+0000] {ecommerce_etl.py:230} INFO -    ✅ Lido: 103,886 linhas × 5 colunas
[2026-02-05T21:14:30.544+0000] {ecommerce_etl.py:236} INFO -    💾 Inserindo em bronze.payments...
[2026-02-05T21:14:39.866+0000] {ecommerce_etl.py:251} INFO -    ✅ Inserção concluída em 9.3s
[2026-02-05T21:14:39.874+0000] {ecommerce_etl.py:261} INFO -    ✅ Verificado: 103,886 registros
[2026-02-05T21:14:39.875+0000] {ecommerce_etl.py:214} INFO - 
============================================================
[2026-02-05T21:14:39.875+0000] {ecommerce_etl.py:215} INFO - 📊 TABELA: bronze.reviews
[2026-02-05T21:14:39.876+0000] {ecommerce_etl.py:216} INFO -    Arquivo: olist_order_reviews_dataset.csv
[2026-02-05T21:14:39.877+0000] {ecommerce_etl.py:225} INFO -    📖 Lendo CSV...
[2026-02-05T21:14:40.197+0000] {ecommerce_etl.py:230} INFO -    ✅ Lido: 99,224 linhas × 7 colunas
[2026-02-05T21:14:40.198+0000] {ecommerce_etl.py:236} INFO -    💾 Inserindo em bronze.reviews...
[2026-02-05T21:14:52.760+0000] {ecommerce_etl.py:251} INFO -    ✅ Inserção concluída em 12.6s
[2026-02-05T21:14:52.769+0000] {ecommerce_etl.py:261} INFO -    ✅ Verificado: 99,224 registros
[2026-02-05T21:14:52.770+0000] {ecommerce_etl.py:279} INFO - 
======================================================================
[2026-02-05T21:14:52.771+0000] {ecommerce_etl.py:280} INFO - 📊 RESUMO DA CARGA
[2026-02-05T21:14:52.771+0000] {ecommerce_etl.py:281} INFO - ======================================================================
[2026-02-05T21:14:52.772+0000] {ecommerce_etl.py:282} INFO - ✅ Sucesso: 7/7 tabelas
[2026-02-05T21:14:52.772+0000] {ecommerce_etl.py:283} INFO - 📈 Total: 550,688 registros carregados
[2026-02-05T21:14:52.772+0000] {ecommerce_etl.py:291} INFO - 
🔍 Tabelas no schema bronze:
[2026-02-05T21:14:52.779+0000] {ecommerce_etl.py:305} INFO -    ✅ customers                99,441 registros
[2026-02-05T21:14:52.785+0000] {ecommerce_etl.py:305} INFO -    ✅ order_items             112,650 registros
[2026-02-05T21:14:52.792+0000] {ecommerce_etl.py:305} INFO -    ✅ orders                   99,441 registros
[2026-02-05T21:14:52.797+0000] {ecommerce_etl.py:305} INFO -    ✅ payments                103,886 registros
[2026-02-05T21:14:52.799+0000] {ecommerce_etl.py:305} INFO -    ✅ products                 32,951 registros
[2026-02-05T21:14:52.807+0000] {ecommerce_etl.py:305} INFO -    ✅ reviews                  99,224 registros
[2026-02-05T21:14:52.809+0000] {ecommerce_etl.py:305} INFO -    ✅ sellers                   3,095 registros
[2026-02-05T21:14:52.809+0000] {ecommerce_etl.py:307} INFO - ======================================================================
[2026-02-05T21:14:52.817+0000] {python.py:201} INFO - Done. Returned value was: {'loaded_tables': 7, 'total_records': 550688, 'failed_tables': 0}
[2026-02-05T21:14:52.845+0000] {taskinstance.py:1138} INFO - Marking task as SUCCESS. dag_id=ecommerce_etl_pipeline, task_id=load_to_bronze_layer, execution_date=20260205T211204, start_date=20260205T211347, end_date=20260205T211452
[2026-02-05T21:14:52.911+0000] {local_task_job_runner.py:234} INFO - Task exited with return code 0
[2026-02-05T21:14:52.937+0000] {taskinstance.py:3280} INFO - 1 downstream tasks scheduled from follow-on schedule check
