[2026-02-05T16:22:37.613+0000] {taskinstance.py:1956} INFO - Dependencies all met for dep_context=non-requeueable deps ti=<TaskInstance: ecommerce_etl_pipeline.download_kaggle_dataset manual__2026-02-05T16:17:33.975185+00:00 [queued]>
[2026-02-05T16:22:37.624+0000] {taskinstance.py:1956} INFO - Dependencies all met for dep_context=requeueable deps ti=<TaskInstance: ecommerce_etl_pipeline.download_kaggle_dataset manual__2026-02-05T16:17:33.975185+00:00 [queued]>
[2026-02-05T16:22:37.625+0000] {taskinstance.py:2170} INFO - Starting attempt 2 of 2
[2026-02-05T16:22:37.638+0000] {taskinstance.py:2191} INFO - Executing <Task(PythonOperator): download_kaggle_dataset> on 2026-02-05 16:17:33.975185+00:00
[2026-02-05T16:22:37.648+0000] {standard_task_runner.py:60} INFO - Started process 419 to run task
[2026-02-05T16:22:37.653+0000] {standard_task_runner.py:87} INFO - Running: ['***', 'tasks', 'run', 'ecommerce_etl_pipeline', 'download_kaggle_dataset', 'manual__2026-02-05T16:17:33.975185+00:00', '--job-id', '4', '--raw', '--subdir', 'DAGS_FOLDER/ecommerce_etl.py', '--cfg-path', '/tmp/tmpd5t32paf']
[2026-02-05T16:22:37.657+0000] {standard_task_runner.py:88} INFO - Job 4: Subtask download_kaggle_dataset
[2026-02-05T16:22:37.906+0000] {task_command.py:423} INFO - Running <TaskInstance: ecommerce_etl_pipeline.download_kaggle_dataset manual__2026-02-05T16:17:33.975185+00:00 [running]> on host 87cc6e4f2a78
[2026-02-05T16:22:37.987+0000] {taskinstance.py:2480} INFO - Exporting env vars: AIRFLOW_CTX_DAG_OWNER='data-engineer' AIRFLOW_CTX_DAG_ID='ecommerce_etl_pipeline' AIRFLOW_CTX_TASK_ID='download_kaggle_dataset' AIRFLOW_CTX_EXECUTION_DATE='2026-02-05T16:17:33.975185+00:00' AIRFLOW_CTX_TRY_NUMBER='2' AIRFLOW_CTX_DAG_RUN_ID='manual__2026-02-05T16:17:33.975185+00:00'
[2026-02-05T16:22:38.073+0000] {logging_mixin.py:188} INFO - Warning: Your Kaggle API key is readable by other users on this system! To fix this, you can run 'chmod 600 /home/***/.kaggle/kaggle.json'
[2026-02-05T16:22:38.084+0000] {taskinstance.py:2698} ERROR - Task failed with exception
Traceback (most recent call last):
  File "/home/airflow/.local/lib/python3.11/site-packages/airflow/models/taskinstance.py", line 433, in _execute_task
    result = execute_callable(context=context, **execute_callable_kwargs)
             ^^^^^^^^^^^^^^^^^^^^^^^^^^^^^^^^^^^^^^^^^^^^^^^^^^^^^^^^^^^^
  File "/home/airflow/.local/lib/python3.11/site-packages/airflow/operators/python.py", line 199, in execute
    return_value = self.execute_callable()
                   ^^^^^^^^^^^^^^^^^^^^^^^
  File "/home/airflow/.local/lib/python3.11/site-packages/airflow/operators/python.py", line 216, in execute_callable
    return self.python_callable(*self.op_args, **self.op_kwargs)
           ^^^^^^^^^^^^^^^^^^^^^^^^^^^^^^^^^^^^^^^^^^^^^^^^^^^^^
  File "/opt/airflow/dags/ecommerce_etl.py", line 37, in download_kaggle_dataset
    shutil.copy(source_kaggle_path, target_kaggle_path)
  File "/usr/local/lib/python3.11/shutil.py", line 431, in copy
    copyfile(src, dst, follow_symlinks=follow_symlinks)
  File "/usr/local/lib/python3.11/shutil.py", line 236, in copyfile
    raise SameFileError("{!r} and {!r} are the same file".format(src, dst))
shutil.SameFileError: '/opt/***/.kaggle/kaggle.json' and '/home/***/.kaggle/kaggle.json' are the same file
[2026-02-05T16:22:38.100+0000] {taskinstance.py:1138} INFO - Marking task as FAILED. dag_id=ecommerce_etl_pipeline, task_id=download_kaggle_dataset, execution_date=20260205T161733, start_date=20260205T162237, end_date=20260205T162238
[2026-02-05T16:22:38.110+0000] {standard_task_runner.py:107} ERROR - Failed to execute job 4 for task download_kaggle_dataset ('/opt/***/.kaggle/kaggle.json' and '/home/***/.kaggle/kaggle.json' are the same file; 419)
[2026-02-05T16:22:38.148+0000] {local_task_job_runner.py:234} INFO - Task exited with return code 1
[2026-02-05T16:22:38.169+0000] {taskinstance.py:3280} INFO - 0 downstream tasks scheduled from follow-on schedule check
