[2026-02-06T22:20:11.445+0000] {taskinstance.py:1956} INFO - Dependencies all met for dep_context=non-requeueable deps ti=<TaskInstance: ecommerce_etl_pipeline.dbt_run manual__2026-02-06T22:18:49.831005+00:00 [queued]>
[2026-02-06T22:20:11.457+0000] {taskinstance.py:1956} INFO - Dependencies all met for dep_context=requeueable deps ti=<TaskInstance: ecommerce_etl_pipeline.dbt_run manual__2026-02-06T22:18:49.831005+00:00 [queued]>
[2026-02-06T22:20:11.458+0000] {taskinstance.py:2170} INFO - Starting attempt 1 of 3
[2026-02-06T22:20:11.493+0000] {taskinstance.py:2191} INFO - Executing <Task(BashOperator): dbt_run> on 2026-02-06 22:18:49.831005+00:00
[2026-02-06T22:20:11.501+0000] {standard_task_runner.py:60} INFO - Started process 2245 to run task
[2026-02-06T22:20:11.506+0000] {standard_task_runner.py:87} INFO - Running: ['***', 'tasks', 'run', 'ecommerce_etl_pipeline', 'dbt_run', 'manual__2026-02-06T22:18:49.831005+00:00', '--job-id', '23', '--raw', '--subdir', 'DAGS_FOLDER/ecommerce_etl.py', '--cfg-path', '/tmp/tmpz8cynef_']
[2026-02-06T22:20:11.509+0000] {standard_task_runner.py:88} INFO - Job 23: Subtask dbt_run
[2026-02-06T22:20:11.573+0000] {task_command.py:423} INFO - Running <TaskInstance: ecommerce_etl_pipeline.dbt_run manual__2026-02-06T22:18:49.831005+00:00 [running]> on host 55309008fd85
[2026-02-06T22:20:11.706+0000] {taskinstance.py:2480} INFO - Exporting env vars: AIRFLOW_CTX_DAG_OWNER='data-engineer' AIRFLOW_CTX_DAG_ID='ecommerce_etl_pipeline' AIRFLOW_CTX_TASK_ID='dbt_run' AIRFLOW_CTX_EXECUTION_DATE='2026-02-06T22:18:49.831005+00:00' AIRFLOW_CTX_TRY_NUMBER='1' AIRFLOW_CTX_DAG_RUN_ID='manual__2026-02-06T22:18:49.831005+00:00'
[2026-02-06T22:20:11.711+0000] {subprocess.py:63} INFO - Tmp dir root location: /tmp
[2026-02-06T22:20:11.714+0000] {subprocess.py:75} INFO - Running command: ['/usr/bin/bash', '-c', 'cd /opt/***/dbt_project && dbt run --profiles-dir . --full-refresh']
[2026-02-06T22:20:11.724+0000] {subprocess.py:86} INFO - Output:
[2026-02-06T22:20:15.296+0000] {subprocess.py:93} INFO - [0m22:20:15  Running with dbt=1.7.7
[2026-02-06T22:20:15.841+0000] {subprocess.py:93} INFO - [0m22:20:15  Registered adapter: postgres=1.7.7
[2026-02-06T22:20:16.270+0000] {subprocess.py:93} INFO - [0m22:20:16  Found 6 models, 8 tests, 7 sources, 0 exposures, 0 metrics, 401 macros, 0 groups, 0 semantic models
[2026-02-06T22:20:16.274+0000] {subprocess.py:93} INFO - [0m22:20:16
[2026-02-06T22:20:16.409+0000] {subprocess.py:93} INFO - [0m22:20:16  Concurrency: 4 threads (target='dev')
[2026-02-06T22:20:16.411+0000] {subprocess.py:93} INFO - [0m22:20:16
[2026-02-06T22:20:16.421+0000] {subprocess.py:93} INFO - [0m22:20:16  1 of 6 START sql table model public_silver.silver_customers .................... [RUN]
[2026-02-06T22:20:16.422+0000] {subprocess.py:93} INFO - [0m22:20:16  2 of 6 START sql table model public_silver.silver_order_items .................. [RUN]
[2026-02-06T22:20:16.423+0000] {subprocess.py:93} INFO - [0m22:20:16  3 of 6 START sql table model public_silver.silver_orders ....................... [RUN]
[2026-02-06T22:20:16.424+0000] {subprocess.py:93} INFO - [0m22:20:16  4 of 6 START sql table model public_silver.silver_products ..................... [RUN]
[2026-02-06T22:20:16.953+0000] {subprocess.py:93} INFO - [0m22:20:16  4 of 6 OK created sql table model public_silver.silver_products ................ [[32mSELECT 32951[0m in 0.52s]
[2026-02-06T22:20:17.658+0000] {subprocess.py:93} INFO - [0m22:20:17  1 of 6 OK created sql table model public_silver.silver_customers ............... [[32mSELECT 99441[0m in 1.23s]
[2026-02-06T22:20:17.858+0000] {subprocess.py:93} INFO - [0m22:20:17  3 of 6 OK created sql table model public_silver.silver_orders .................. [[32mSELECT 99441[0m in 1.43s]
[2026-02-06T22:20:17.880+0000] {subprocess.py:93} INFO - [0m22:20:17  2 of 6 OK created sql table model public_silver.silver_order_items ............. [[32mSELECT 112650[0m in 1.45s]
[2026-02-06T22:20:17.884+0000] {subprocess.py:93} INFO - [0m22:20:17  5 of 6 START sql table model public_gold.gold_customer_lifetime_value .......... [RUN]
[2026-02-06T22:20:17.885+0000] {subprocess.py:93} INFO - [0m22:20:17  6 of 6 START sql table model public_gold.gold_sales_by_state ................... [RUN]
[2026-02-06T22:20:19.640+0000] {subprocess.py:93} INFO - [0m22:20:19  6 of 6 OK created sql table model public_gold.gold_sales_by_state .............. [[32mSELECT 556[0m in 1.75s]
[2026-02-06T22:20:20.287+0000] {subprocess.py:93} INFO - [0m22:20:20  5 of 6 OK created sql table model public_gold.gold_customer_lifetime_value ..... [[32mSELECT 96478[0m in 2.40s]
[2026-02-06T22:20:20.318+0000] {subprocess.py:93} INFO - [0m22:20:20
[2026-02-06T22:20:20.320+0000] {subprocess.py:93} INFO - [0m22:20:20  Finished running 6 table models in 0 hours 0 minutes and 4.04 seconds (4.04s).
[2026-02-06T22:20:20.347+0000] {subprocess.py:93} INFO - [0m22:20:20
[2026-02-06T22:20:20.349+0000] {subprocess.py:93} INFO - [0m22:20:20  [32mCompleted successfully[0m
[2026-02-06T22:20:20.351+0000] {subprocess.py:93} INFO - [0m22:20:20
[2026-02-06T22:20:20.353+0000] {subprocess.py:93} INFO - [0m22:20:20  Done. PASS=6 WARN=0 ERROR=0 SKIP=0 TOTAL=6
[2026-02-06T22:20:21.925+0000] {subprocess.py:97} INFO - Command exited with return code 0
[2026-02-06T22:20:21.980+0000] {taskinstance.py:1138} INFO - Marking task as SUCCESS. dag_id=ecommerce_etl_pipeline, task_id=dbt_run, execution_date=20260206T221849, start_date=20260206T222011, end_date=20260206T222021
[2026-02-06T22:20:22.014+0000] {local_task_job_runner.py:234} INFO - Task exited with return code 0
[2026-02-06T22:20:22.042+0000] {taskinstance.py:3280} INFO - 1 downstream tasks scheduled from follow-on schedule check
