[2026-02-05T20:59:13.870+0000] {taskinstance.py:1956} INFO - Dependencies all met for dep_context=non-requeueable deps ti=<TaskInstance: ecommerce_etl_pipeline.download_kaggle_dataset manual__2026-02-05T20:54:06.464453+00:00 [queued]>
[2026-02-05T20:59:13.881+0000] {taskinstance.py:1956} INFO - Dependencies all met for dep_context=requeueable deps ti=<TaskInstance: ecommerce_etl_pipeline.download_kaggle_dataset manual__2026-02-05T20:54:06.464453+00:00 [queued]>
[2026-02-05T20:59:13.882+0000] {taskinstance.py:2170} INFO - Starting attempt 2 of 2
[2026-02-05T20:59:13.896+0000] {taskinstance.py:2191} INFO - Executing <Task(PythonOperator): download_kaggle_dataset> on 2026-02-05 20:54:06.464453+00:00
[2026-02-05T20:59:13.902+0000] {standard_task_runner.py:60} INFO - Started process 429 to run task
[2026-02-05T20:59:13.905+0000] {standard_task_runner.py:87} INFO - Running: ['***', 'tasks', 'run', 'ecommerce_etl_pipeline', 'download_kaggle_dataset', 'manual__2026-02-05T20:54:06.464453+00:00', '--job-id', '4', '--raw', '--subdir', 'DAGS_FOLDER/ecommerce_etl.py', '--cfg-path', '/tmp/tmp7q573c1u']
[2026-02-05T20:59:13.909+0000] {standard_task_runner.py:88} INFO - Job 4: Subtask download_kaggle_dataset
[2026-02-05T20:59:13.988+0000] {task_command.py:423} INFO - Running <TaskInstance: ecommerce_etl_pipeline.download_kaggle_dataset manual__2026-02-05T20:54:06.464453+00:00 [running]> on host 968ad2b9a1b3
[2026-02-05T20:59:14.077+0000] {taskinstance.py:2480} INFO - Exporting env vars: AIRFLOW_CTX_DAG_OWNER='data-engineer' AIRFLOW_CTX_DAG_ID='ecommerce_etl_pipeline' AIRFLOW_CTX_TASK_ID='download_kaggle_dataset' AIRFLOW_CTX_EXECUTION_DATE='2026-02-05T20:54:06.464453+00:00' AIRFLOW_CTX_TRY_NUMBER='2' AIRFLOW_CTX_DAG_RUN_ID='manual__2026-02-05T20:54:06.464453+00:00'
[2026-02-05T20:59:14.198+0000] {logging_mixin.py:188} INFO - Warning: Your Kaggle API key is readable by other users on this system! To fix this, you can run 'chmod 600 /home/***/.kaggle/kaggle.json'
[2026-02-05T20:59:14.211+0000] {logging_mixin.py:188} INFO - ✅ Credenciais Kaggle carregadas: raelsan
[2026-02-05T20:59:14.214+0000] {logging_mixin.py:188} INFO - 📥 Baixando dataset do Kaggle...
[2026-02-05T20:59:15.187+0000] {logging_mixin.py:188} INFO - 📦 Descompactando /opt/***/data/raw/brazilian-ecommerce.zip...
[2026-02-05T20:59:15.238+0000] {taskinstance.py:2698} ERROR - Task failed with exception
Traceback (most recent call last):
  File "/home/airflow/.local/lib/python3.11/site-packages/airflow/models/taskinstance.py", line 433, in _execute_task
    result = execute_callable(context=context, **execute_callable_kwargs)
             ^^^^^^^^^^^^^^^^^^^^^^^^^^^^^^^^^^^^^^^^^^^^^^^^^^^^^^^^^^^^
  File "/home/airflow/.local/lib/python3.11/site-packages/airflow/operators/python.py", line 199, in execute
    return_value = self.execute_callable()
                   ^^^^^^^^^^^^^^^^^^^^^^^
  File "/home/airflow/.local/lib/python3.11/site-packages/airflow/operators/python.py", line 216, in execute_callable
    return self.python_callable(*self.op_args, **self.op_kwargs)
           ^^^^^^^^^^^^^^^^^^^^^^^^^^^^^^^^^^^^^^^^^^^^^^^^^^^^^
  File "/opt/airflow/dags/ecommerce_etl.py", line 53, in download_kaggle_dataset
    zip_ref.extractall(data_dir)
  File "/usr/local/lib/python3.11/zipfile.py", line 1693, in extractall
    self._extract_member(zipinfo, path, pwd)
  File "/usr/local/lib/python3.11/zipfile.py", line 1746, in _extract_member
    with self.open(member, pwd=pwd) as source, \
         ^^^^^^^^^^^^^^^^^^^^^^^^^^
  File "/usr/local/lib/python3.11/zipfile.py", line 1576, in open
    raise BadZipFile("Bad magic number for file header")
zipfile.BadZipFile: Bad magic number for file header
[2026-02-05T20:59:15.294+0000] {taskinstance.py:1138} INFO - Marking task as FAILED. dag_id=ecommerce_etl_pipeline, task_id=download_kaggle_dataset, execution_date=20260205T205406, start_date=20260205T205913, end_date=20260205T205915
[2026-02-05T20:59:15.324+0000] {standard_task_runner.py:107} ERROR - Failed to execute job 4 for task download_kaggle_dataset (Bad magic number for file header; 429)
[2026-02-05T20:59:15.364+0000] {local_task_job_runner.py:234} INFO - Task exited with return code 1
[2026-02-05T20:59:15.389+0000] {taskinstance.py:3280} INFO - 0 downstream tasks scheduled from follow-on schedule check
