[2026-02-06T22:18:59.579+0000] {taskinstance.py:1956} INFO - Dependencies all met for dep_context=non-requeueable deps ti=<TaskInstance: ecommerce_etl_pipeline.load_to_bronze_layer manual__2026-02-06T22:18:49.831005+00:00 [queued]>
[2026-02-06T22:18:59.590+0000] {taskinstance.py:1956} INFO - Dependencies all met for dep_context=requeueable deps ti=<TaskInstance: ecommerce_etl_pipeline.load_to_bronze_layer manual__2026-02-06T22:18:49.831005+00:00 [queued]>
[2026-02-06T22:18:59.591+0000] {taskinstance.py:2170} INFO - Starting attempt 1 of 3
[2026-02-06T22:18:59.607+0000] {taskinstance.py:2191} INFO - Executing <Task(PythonOperator): load_to_bronze_layer> on 2026-02-06 22:18:49.831005+00:00
[2026-02-06T22:18:59.616+0000] {standard_task_runner.py:60} INFO - Started process 2176 to run task
[2026-02-06T22:18:59.619+0000] {standard_task_runner.py:87} INFO - Running: ['***', 'tasks', 'run', 'ecommerce_etl_pipeline', 'load_to_bronze_layer', 'manual__2026-02-06T22:18:49.831005+00:00', '--job-id', '21', '--raw', '--subdir', 'DAGS_FOLDER/ecommerce_etl.py', '--cfg-path', '/tmp/tmpf7_xt1jg']
[2026-02-06T22:18:59.623+0000] {standard_task_runner.py:88} INFO - Job 21: Subtask load_to_bronze_layer
[2026-02-06T22:18:59.690+0000] {task_command.py:423} INFO - Running <TaskInstance: ecommerce_etl_pipeline.load_to_bronze_layer manual__2026-02-06T22:18:49.831005+00:00 [running]> on host 55309008fd85
[2026-02-06T22:18:59.761+0000] {taskinstance.py:2480} INFO - Exporting env vars: AIRFLOW_CTX_DAG_OWNER='data-engineer' AIRFLOW_CTX_DAG_ID='ecommerce_etl_pipeline' AIRFLOW_CTX_TASK_ID='load_to_bronze_layer' AIRFLOW_CTX_EXECUTION_DATE='2026-02-06T22:18:49.831005+00:00' AIRFLOW_CTX_TRY_NUMBER='1' AIRFLOW_CTX_DAG_RUN_ID='manual__2026-02-06T22:18:49.831005+00:00'
[2026-02-06T22:18:59.967+0000] {ecommerce_etl.py:151} INFO - ======================================================================
[2026-02-06T22:18:59.968+0000] {ecommerce_etl.py:152} INFO - INICIANDO CARGA NA CAMADA BRONZE
[2026-02-06T22:18:59.968+0000] {ecommerce_etl.py:153} INFO - ======================================================================
[2026-02-06T22:18:59.977+0000] {ecommerce_etl.py:167} INFO - ✅ Conexão PostgreSQL estabelecida
[2026-02-06T22:18:59.980+0000] {ecommerce_etl.py:176} INFO - ✅ Schema bronze criado/verificado
[2026-02-06T22:18:59.984+0000] {ecommerce_etl.py:194} INFO - 
📁 Arquivos CSV disponíveis: 9
[2026-02-06T22:18:59.984+0000] {ecommerce_etl.py:214} INFO - 
============================================================
[2026-02-06T22:18:59.984+0000] {ecommerce_etl.py:215} INFO - 📊 TABELA: bronze.customers
[2026-02-06T22:18:59.985+0000] {ecommerce_etl.py:216} INFO -    Arquivo: olist_customers_dataset.csv
[2026-02-06T22:18:59.987+0000] {ecommerce_etl.py:225} INFO -    📖 Lendo CSV...
[2026-02-06T22:19:00.159+0000] {ecommerce_etl.py:230} INFO -    ✅ Lido: 99,441 linhas × 5 colunas
[2026-02-06T22:19:00.164+0000] {ecommerce_etl.py:236} INFO -    💾 Inserindo em bronze.customers...
[2026-02-06T22:19:10.389+0000] {ecommerce_etl.py:251} INFO -    ✅ Inserção concluída em 10.2s
[2026-02-06T22:19:10.400+0000] {ecommerce_etl.py:261} INFO -    ✅ Verificado: 99,441 registros
[2026-02-06T22:19:10.400+0000] {ecommerce_etl.py:214} INFO - 
============================================================
[2026-02-06T22:19:10.401+0000] {ecommerce_etl.py:215} INFO - 📊 TABELA: bronze.orders
[2026-02-06T22:19:10.401+0000] {ecommerce_etl.py:216} INFO -    Arquivo: olist_orders_dataset.csv
[2026-02-06T22:19:10.403+0000] {ecommerce_etl.py:225} INFO -    📖 Lendo CSV...
[2026-02-06T22:19:10.940+0000] {ecommerce_etl.py:230} INFO -    ✅ Lido: 99,441 linhas × 8 colunas
[2026-02-06T22:19:10.942+0000] {ecommerce_etl.py:236} INFO -    💾 Inserindo em bronze.orders...
[2026-02-06T22:19:25.402+0000] {ecommerce_etl.py:251} INFO -    ✅ Inserção concluída em 14.5s
[2026-02-06T22:19:25.412+0000] {ecommerce_etl.py:261} INFO -    ✅ Verificado: 99,441 registros
[2026-02-06T22:19:25.413+0000] {ecommerce_etl.py:214} INFO - 
============================================================
[2026-02-06T22:19:25.414+0000] {ecommerce_etl.py:215} INFO - 📊 TABELA: bronze.order_items
[2026-02-06T22:19:25.414+0000] {ecommerce_etl.py:216} INFO -    Arquivo: olist_order_items_dataset.csv
[2026-02-06T22:19:25.416+0000] {ecommerce_etl.py:225} INFO -    📖 Lendo CSV...
[2026-02-06T22:19:26.117+0000] {ecommerce_etl.py:230} INFO -    ✅ Lido: 112,650 linhas × 7 colunas
[2026-02-06T22:19:26.119+0000] {ecommerce_etl.py:236} INFO -    💾 Inserindo em bronze.order_items...
[2026-02-06T22:19:40.095+0000] {ecommerce_etl.py:251} INFO -    ✅ Inserção concluída em 14.0s
[2026-02-06T22:19:40.107+0000] {ecommerce_etl.py:261} INFO -    ✅ Verificado: 112,650 registros
[2026-02-06T22:19:40.108+0000] {ecommerce_etl.py:214} INFO - 
============================================================
[2026-02-06T22:19:40.109+0000] {ecommerce_etl.py:215} INFO - 📊 TABELA: bronze.products
[2026-02-06T22:19:40.111+0000] {ecommerce_etl.py:216} INFO -    Arquivo: olist_products_dataset.csv
[2026-02-06T22:19:40.117+0000] {ecommerce_etl.py:225} INFO -    📖 Lendo CSV...
[2026-02-06T22:19:40.211+0000] {ecommerce_etl.py:230} INFO -    ✅ Lido: 32,951 linhas × 9 colunas
[2026-02-06T22:19:40.212+0000] {ecommerce_etl.py:236} INFO -    💾 Inserindo em bronze.products...
[2026-02-06T22:19:45.849+0000] {ecommerce_etl.py:251} INFO -    ✅ Inserção concluída em 5.6s
[2026-02-06T22:19:45.854+0000] {ecommerce_etl.py:261} INFO -    ✅ Verificado: 32,951 registros
[2026-02-06T22:19:45.856+0000] {ecommerce_etl.py:214} INFO - 
============================================================
[2026-02-06T22:19:45.856+0000] {ecommerce_etl.py:215} INFO - 📊 TABELA: bronze.sellers
[2026-02-06T22:19:45.857+0000] {ecommerce_etl.py:216} INFO -    Arquivo: olist_sellers_dataset.csv
[2026-02-06T22:19:45.859+0000] {ecommerce_etl.py:225} INFO -    📖 Lendo CSV...
[2026-02-06T22:19:45.869+0000] {ecommerce_etl.py:230} INFO -    ✅ Lido: 3,095 linhas × 4 colunas
[2026-02-06T22:19:45.870+0000] {ecommerce_etl.py:236} INFO -    💾 Inserindo em bronze.sellers...
[2026-02-06T22:19:46.084+0000] {ecommerce_etl.py:251} INFO -    ✅ Inserção concluída em 0.2s
[2026-02-06T22:19:46.086+0000] {ecommerce_etl.py:261} INFO -    ✅ Verificado: 3,095 registros
[2026-02-06T22:19:46.087+0000] {ecommerce_etl.py:214} INFO - 
============================================================
[2026-02-06T22:19:46.088+0000] {ecommerce_etl.py:215} INFO - 📊 TABELA: bronze.payments
[2026-02-06T22:19:46.088+0000] {ecommerce_etl.py:216} INFO -    Arquivo: olist_order_payments_dataset.csv
[2026-02-06T22:19:46.090+0000] {ecommerce_etl.py:225} INFO -    📖 Lendo CSV...
[2026-02-06T22:19:46.240+0000] {ecommerce_etl.py:230} INFO -    ✅ Lido: 103,886 linhas × 5 colunas
[2026-02-06T22:19:46.241+0000] {ecommerce_etl.py:236} INFO -    💾 Inserindo em bronze.payments...
[2026-02-06T22:19:57.343+0000] {ecommerce_etl.py:251} INFO -    ✅ Inserção concluída em 11.1s
[2026-02-06T22:19:57.354+0000] {ecommerce_etl.py:261} INFO -    ✅ Verificado: 103,886 registros
[2026-02-06T22:19:57.355+0000] {ecommerce_etl.py:214} INFO - 
============================================================
[2026-02-06T22:19:57.355+0000] {ecommerce_etl.py:215} INFO - 📊 TABELA: bronze.reviews
[2026-02-06T22:19:57.356+0000] {ecommerce_etl.py:216} INFO -    Arquivo: olist_order_reviews_dataset.csv
[2026-02-06T22:19:57.357+0000] {ecommerce_etl.py:225} INFO -    📖 Lendo CSV...
[2026-02-06T22:19:57.864+0000] {ecommerce_etl.py:230} INFO -    ✅ Lido: 99,224 linhas × 7 colunas
[2026-02-06T22:19:57.866+0000] {ecommerce_etl.py:236} INFO -    💾 Inserindo em bronze.reviews...
[2026-02-06T22:20:09.983+0000] {ecommerce_etl.py:251} INFO -    ✅ Inserção concluída em 12.1s
[2026-02-06T22:20:09.994+0000] {ecommerce_etl.py:261} INFO -    ✅ Verificado: 99,224 registros
[2026-02-06T22:20:09.995+0000] {ecommerce_etl.py:279} INFO - 
======================================================================
[2026-02-06T22:20:09.996+0000] {ecommerce_etl.py:280} INFO - 📊 RESUMO DA CARGA
[2026-02-06T22:20:09.996+0000] {ecommerce_etl.py:281} INFO - ======================================================================
[2026-02-06T22:20:09.997+0000] {ecommerce_etl.py:282} INFO - ✅ Sucesso: 7/7 tabelas
[2026-02-06T22:20:09.997+0000] {ecommerce_etl.py:283} INFO - 📈 Total: 550,688 registros carregados
[2026-02-06T22:20:09.997+0000] {ecommerce_etl.py:291} INFO - 
🔍 Tabelas no schema bronze:
[2026-02-06T22:20:10.012+0000] {ecommerce_etl.py:305} INFO -    ✅ customers                99,441 registros
[2026-02-06T22:20:10.028+0000] {ecommerce_etl.py:305} INFO -    ✅ order_items             112,650 registros
[2026-02-06T22:20:10.036+0000] {ecommerce_etl.py:305} INFO -    ✅ orders                   99,441 registros
[2026-02-06T22:20:10.042+0000] {ecommerce_etl.py:305} INFO -    ✅ payments                103,886 registros
[2026-02-06T22:20:10.046+0000] {ecommerce_etl.py:305} INFO -    ✅ products                 32,951 registros
[2026-02-06T22:20:10.053+0000] {ecommerce_etl.py:305} INFO -    ✅ reviews                  99,224 registros
[2026-02-06T22:20:10.055+0000] {ecommerce_etl.py:305} INFO -    ✅ sellers                   3,095 registros
[2026-02-06T22:20:10.056+0000] {ecommerce_etl.py:307} INFO - ======================================================================
[2026-02-06T22:20:10.061+0000] {python.py:201} INFO - Done. Returned value was: {'loaded_tables': 7, 'total_records': 550688, 'failed_tables': 0}
[2026-02-06T22:20:10.083+0000] {taskinstance.py:1138} INFO - Marking task as SUCCESS. dag_id=ecommerce_etl_pipeline, task_id=load_to_bronze_layer, execution_date=20260206T221849, start_date=20260206T221859, end_date=20260206T222010
[2026-02-06T22:20:10.115+0000] {local_task_job_runner.py:234} INFO - Task exited with return code 0
[2026-02-06T22:20:10.138+0000] {taskinstance.py:3280} INFO - 1 downstream tasks scheduled from follow-on schedule check
