[2026-02-05T16:39:47.580+0000] {taskinstance.py:1956} INFO - Dependencies all met for dep_context=non-requeueable deps ti=<TaskInstance: ecommerce_etl_pipeline.load_to_bronze_layer manual__2026-02-05T16:39:38.282809+00:00 [queued]>
[2026-02-05T16:39:47.590+0000] {taskinstance.py:1956} INFO - Dependencies all met for dep_context=requeueable deps ti=<TaskInstance: ecommerce_etl_pipeline.load_to_bronze_layer manual__2026-02-05T16:39:38.282809+00:00 [queued]>
[2026-02-05T16:39:47.591+0000] {taskinstance.py:2170} INFO - Starting attempt 1 of 2
[2026-02-05T16:39:47.601+0000] {taskinstance.py:2191} INFO - Executing <Task(PythonOperator): load_to_bronze_layer> on 2026-02-05 16:39:38.282809+00:00
[2026-02-05T16:39:47.664+0000] {standard_task_runner.py:60} INFO - Started process 325 to run task
[2026-02-05T16:39:47.668+0000] {standard_task_runner.py:87} INFO - Running: ['***', 'tasks', 'run', 'ecommerce_etl_pipeline', 'load_to_bronze_layer', 'manual__2026-02-05T16:39:38.282809+00:00', '--job-id', '4', '--raw', '--subdir', 'DAGS_FOLDER/ecommerce_etl.py', '--cfg-path', '/tmp/tmpvgwvznun']
[2026-02-05T16:39:47.678+0000] {standard_task_runner.py:88} INFO - Job 4: Subtask load_to_bronze_layer
[2026-02-05T16:39:47.738+0000] {task_command.py:423} INFO - Running <TaskInstance: ecommerce_etl_pipeline.load_to_bronze_layer manual__2026-02-05T16:39:38.282809+00:00 [running]> on host b6e96e6f99b3
[2026-02-05T16:39:47.810+0000] {taskinstance.py:2480} INFO - Exporting env vars: AIRFLOW_CTX_DAG_OWNER='data-engineer' AIRFLOW_CTX_DAG_ID='ecommerce_etl_pipeline' AIRFLOW_CTX_TASK_ID='load_to_bronze_layer' AIRFLOW_CTX_EXECUTION_DATE='2026-02-05T16:39:38.282809+00:00' AIRFLOW_CTX_TRY_NUMBER='1' AIRFLOW_CTX_DAG_RUN_ID='manual__2026-02-05T16:39:38.282809+00:00'
[2026-02-05T16:39:48.084+0000] {logging_mixin.py:188} INFO - 🔗 Conectando ao PostgreSQL...
[2026-02-05T16:39:48.089+0000] {logging_mixin.py:188} INFO - 
📊 Processando olist_customers_dataset.csv...
[2026-02-05T16:39:48.283+0000] {logging_mixin.py:188} INFO -    💾 Carregando 99441 registros em bronze.customers...
[2026-02-05T16:39:55.689+0000] {logging_mixin.py:188} INFO -    ✅ Carregado: bronze.customers
[2026-02-05T16:39:55.692+0000] {logging_mixin.py:188} INFO - 
📊 Processando olist_orders_dataset.csv...
[2026-02-05T16:39:56.294+0000] {logging_mixin.py:188} INFO -    💾 Carregando 99441 registros em bronze.orders...
[2026-02-05T16:40:07.190+0000] {logging_mixin.py:188} INFO -    ✅ Carregado: bronze.orders
[2026-02-05T16:40:07.192+0000] {logging_mixin.py:188} INFO - 
📊 Processando olist_order_items_dataset.csv...
[2026-02-05T16:40:07.606+0000] {logging_mixin.py:188} INFO -    💾 Carregando 112650 registros em bronze.order_items...
[2026-02-05T16:40:19.498+0000] {logging_mixin.py:188} INFO -    ✅ Carregado: bronze.order_items
[2026-02-05T16:40:19.500+0000] {logging_mixin.py:188} INFO - 
📊 Processando olist_products_dataset.csv...
[2026-02-05T16:40:19.555+0000] {logging_mixin.py:188} INFO -    💾 Carregando 32951 registros em bronze.products...
[2026-02-05T16:40:23.801+0000] {logging_mixin.py:188} INFO -    ✅ Carregado: bronze.products
[2026-02-05T16:40:23.804+0000] {logging_mixin.py:188} INFO - 
📊 Processando olist_sellers_dataset.csv...
[2026-02-05T16:40:23.812+0000] {logging_mixin.py:188} INFO -    💾 Carregando 3095 registros em bronze.sellers...
[2026-02-05T16:40:23.971+0000] {logging_mixin.py:188} INFO -    ✅ Carregado: bronze.sellers
[2026-02-05T16:40:23.974+0000] {logging_mixin.py:188} INFO - 
📊 Processando olist_order_payments_dataset.csv...
[2026-02-05T16:40:24.067+0000] {logging_mixin.py:188} INFO -    💾 Carregando 103886 registros em bronze.payments...
[2026-02-05T16:40:32.555+0000] {logging_mixin.py:188} INFO -    ✅ Carregado: bronze.payments
[2026-02-05T16:40:32.558+0000] {logging_mixin.py:188} INFO - 
📊 Processando olist_order_reviews_dataset.csv...
[2026-02-05T16:40:33.181+0000] {logging_mixin.py:188} INFO -    💾 Carregando 99224 registros em bronze.reviews...
[2026-02-05T16:40:43.142+0000] {logging_mixin.py:188} INFO -    ✅ Carregado: bronze.reviews
[2026-02-05T16:40:43.144+0000] {logging_mixin.py:188} INFO - 
🎉 Total de tabelas carregadas: 7/7
[2026-02-05T16:40:43.150+0000] {python.py:201} INFO - Done. Returned value was: None
[2026-02-05T16:40:43.178+0000] {taskinstance.py:1138} INFO - Marking task as SUCCESS. dag_id=ecommerce_etl_pipeline, task_id=load_to_bronze_layer, execution_date=20260205T163938, start_date=20260205T163947, end_date=20260205T164043
[2026-02-05T16:40:43.244+0000] {local_task_job_runner.py:234} INFO - Task exited with return code 0
[2026-02-05T16:40:43.269+0000] {taskinstance.py:3280} INFO - 1 downstream tasks scheduled from follow-on schedule check
