[2026-02-05T16:39:39.749+0000] {taskinstance.py:1956} INFO - Dependencies all met for dep_context=non-requeueable deps ti=<TaskInstance: ecommerce_etl_pipeline.download_kaggle_dataset manual__2026-02-05T16:39:38.282809+00:00 [queued]>
[2026-02-05T16:39:39.773+0000] {taskinstance.py:1956} INFO - Dependencies all met for dep_context=requeueable deps ti=<TaskInstance: ecommerce_etl_pipeline.download_kaggle_dataset manual__2026-02-05T16:39:38.282809+00:00 [queued]>
[2026-02-05T16:39:39.774+0000] {taskinstance.py:2170} INFO - Starting attempt 1 of 2
[2026-02-05T16:39:39.800+0000] {taskinstance.py:2191} INFO - Executing <Task(PythonOperator): download_kaggle_dataset> on 2026-02-05 16:39:38.282809+00:00
[2026-02-05T16:39:39.805+0000] {standard_task_runner.py:60} INFO - Started process 261 to run task
[2026-02-05T16:39:39.811+0000] {standard_task_runner.py:87} INFO - Running: ['***', 'tasks', 'run', 'ecommerce_etl_pipeline', 'download_kaggle_dataset', 'manual__2026-02-05T16:39:38.282809+00:00', '--job-id', '3', '--raw', '--subdir', 'DAGS_FOLDER/ecommerce_etl.py', '--cfg-path', '/tmp/tmp0io9g4_3']
[2026-02-05T16:39:39.816+0000] {standard_task_runner.py:88} INFO - Job 3: Subtask download_kaggle_dataset
[2026-02-05T16:39:39.954+0000] {task_command.py:423} INFO - Running <TaskInstance: ecommerce_etl_pipeline.download_kaggle_dataset manual__2026-02-05T16:39:38.282809+00:00 [running]> on host b6e96e6f99b3
[2026-02-05T16:39:40.075+0000] {taskinstance.py:2480} INFO - Exporting env vars: AIRFLOW_CTX_DAG_OWNER='data-engineer' AIRFLOW_CTX_DAG_ID='ecommerce_etl_pipeline' AIRFLOW_CTX_TASK_ID='download_kaggle_dataset' AIRFLOW_CTX_EXECUTION_DATE='2026-02-05T16:39:38.282809+00:00' AIRFLOW_CTX_TRY_NUMBER='1' AIRFLOW_CTX_DAG_RUN_ID='manual__2026-02-05T16:39:38.282809+00:00'
[2026-02-05T16:39:40.224+0000] {logging_mixin.py:188} INFO - Warning: Your Kaggle API key is readable by other users on this system! To fix this, you can run 'chmod 600 /home/***/.kaggle/kaggle.json'
[2026-02-05T16:39:40.233+0000] {logging_mixin.py:188} INFO - ✅ Credenciais Kaggle carregadas: raelsan
[2026-02-05T16:39:40.236+0000] {logging_mixin.py:188} INFO - 📥 Baixando dataset do Kaggle (pode demorar 2-5 minutos)...
[2026-02-05T16:39:47.274+0000] {logging_mixin.py:188} INFO - ✅ Dataset baixado! Total de arquivos: 9
[2026-02-05T16:39:47.274+0000] {logging_mixin.py:188} INFO -    📄 olist_customers_dataset.csv
[2026-02-05T16:39:47.275+0000] {logging_mixin.py:188} INFO -    📄 olist_geolocation_dataset.csv
[2026-02-05T16:39:47.275+0000] {logging_mixin.py:188} INFO -    📄 olist_order_items_dataset.csv
[2026-02-05T16:39:47.275+0000] {logging_mixin.py:188} INFO -    📄 olist_order_payments_dataset.csv
[2026-02-05T16:39:47.275+0000] {logging_mixin.py:188} INFO -    📄 olist_order_reviews_dataset.csv
[2026-02-05T16:39:47.276+0000] {logging_mixin.py:188} INFO -    📄 olist_orders_dataset.csv
[2026-02-05T16:39:47.276+0000] {logging_mixin.py:188} INFO -    📄 olist_products_dataset.csv
[2026-02-05T16:39:47.277+0000] {logging_mixin.py:188} INFO -    📄 olist_sellers_dataset.csv
[2026-02-05T16:39:47.277+0000] {logging_mixin.py:188} INFO -    📄 product_category_name_translation.csv
[2026-02-05T16:39:47.277+0000] {python.py:201} INFO - Done. Returned value was: None
[2026-02-05T16:39:47.289+0000] {taskinstance.py:1138} INFO - Marking task as SUCCESS. dag_id=ecommerce_etl_pipeline, task_id=download_kaggle_dataset, execution_date=20260205T163938, start_date=20260205T163939, end_date=20260205T163947
[2026-02-05T16:39:47.337+0000] {local_task_job_runner.py:234} INFO - Task exited with return code 0
[2026-02-05T16:39:47.358+0000] {taskinstance.py:3280} INFO - 1 downstream tasks scheduled from follow-on schedule check
