[2026-02-05T15:36:05.500+0000] {taskinstance.py:1956} INFO - Dependencies all met for dep_context=non-requeueable deps ti=<TaskInstance: ecommerce_etl_pipeline.download_kaggle_dataset scheduled__2026-02-04T00:00:00+00:00 [queued]>
[2026-02-05T15:36:05.509+0000] {taskinstance.py:1956} INFO - Dependencies all met for dep_context=requeueable deps ti=<TaskInstance: ecommerce_etl_pipeline.download_kaggle_dataset scheduled__2026-02-04T00:00:00+00:00 [queued]>
[2026-02-05T15:36:05.509+0000] {taskinstance.py:2170} INFO - Starting attempt 2 of 2
[2026-02-05T15:36:05.521+0000] {taskinstance.py:2191} INFO - Executing <Task(PythonOperator): download_kaggle_dataset> on 2026-02-04 00:00:00+00:00
[2026-02-05T15:36:05.530+0000] {standard_task_runner.py:60} INFO - Started process 404 to run task
[2026-02-05T15:36:05.534+0000] {standard_task_runner.py:87} INFO - Running: ['***', 'tasks', 'run', 'ecommerce_etl_pipeline', 'download_kaggle_dataset', 'scheduled__2026-02-04T00:00:00+00:00', '--job-id', '6', '--raw', '--subdir', 'DAGS_FOLDER/ecommerce_etl.py', '--cfg-path', '/tmp/tmpx08z20v4']
[2026-02-05T15:36:05.538+0000] {standard_task_runner.py:88} INFO - Job 6: Subtask download_kaggle_dataset
[2026-02-05T15:36:05.602+0000] {task_command.py:423} INFO - Running <TaskInstance: ecommerce_etl_pipeline.download_kaggle_dataset scheduled__2026-02-04T00:00:00+00:00 [running]> on host a8fa1b608109
[2026-02-05T15:36:05.672+0000] {taskinstance.py:2480} INFO - Exporting env vars: AIRFLOW_CTX_DAG_OWNER='data-engineer' AIRFLOW_CTX_DAG_ID='ecommerce_etl_pipeline' AIRFLOW_CTX_TASK_ID='download_kaggle_dataset' AIRFLOW_CTX_EXECUTION_DATE='2026-02-04T00:00:00+00:00' AIRFLOW_CTX_TRY_NUMBER='2' AIRFLOW_CTX_DAG_RUN_ID='scheduled__2026-02-04T00:00:00+00:00'
[2026-02-05T15:36:05.738+0000] {taskinstance.py:2698} ERROR - Task failed with exception
Traceback (most recent call last):
  File "/home/airflow/.local/lib/python3.11/site-packages/airflow/models/taskinstance.py", line 433, in _execute_task
    result = execute_callable(context=context, **execute_callable_kwargs)
             ^^^^^^^^^^^^^^^^^^^^^^^^^^^^^^^^^^^^^^^^^^^^^^^^^^^^^^^^^^^^
  File "/home/airflow/.local/lib/python3.11/site-packages/airflow/operators/python.py", line 199, in execute
    return_value = self.execute_callable()
                   ^^^^^^^^^^^^^^^^^^^^^^^
  File "/home/airflow/.local/lib/python3.11/site-packages/airflow/operators/python.py", line 216, in execute_callable
    return self.python_callable(*self.op_args, **self.op_kwargs)
           ^^^^^^^^^^^^^^^^^^^^^^^^^^^^^^^^^^^^^^^^^^^^^^^^^^^^^
  File "/opt/airflow/dags/ecommerce_etl.py", line 22, in download_kaggle_dataset
    import kaggle
  File "/home/airflow/.local/lib/python3.11/site-packages/kaggle/__init__.py", line 23, in <module>
    api.authenticate()
  File "/home/airflow/.local/lib/python3.11/site-packages/kaggle/api/kaggle_api_extended.py", line 403, in authenticate
    raise IOError('Could not find {}. Make sure it\'s located in'
OSError: Could not find kaggle.json. Make sure it's located in /home/***/.kaggle. Or use the environment method.
[2026-02-05T15:36:05.752+0000] {taskinstance.py:1138} INFO - Marking task as FAILED. dag_id=ecommerce_etl_pipeline, task_id=download_kaggle_dataset, execution_date=20260204T000000, start_date=20260205T153605, end_date=20260205T153605
[2026-02-05T15:36:05.762+0000] {standard_task_runner.py:107} ERROR - Failed to execute job 6 for task download_kaggle_dataset (Could not find kaggle.json. Make sure it's located in /home/***/.kaggle. Or use the environment method.; 404)
[2026-02-05T15:36:05.787+0000] {local_task_job_runner.py:234} INFO - Task exited with return code 1
[2026-02-05T15:36:05.812+0000] {taskinstance.py:3280} INFO - 0 downstream tasks scheduled from follow-on schedule check
[2026-02-05T16:22:37.614+0000] {taskinstance.py:1956} INFO - Dependencies all met for dep_context=non-requeueable deps ti=<TaskInstance: ecommerce_etl_pipeline.download_kaggle_dataset scheduled__2026-02-04T00:00:00+00:00 [queued]>
[2026-02-05T16:22:37.654+0000] {taskinstance.py:1956} INFO - Dependencies all met for dep_context=requeueable deps ti=<TaskInstance: ecommerce_etl_pipeline.download_kaggle_dataset scheduled__2026-02-04T00:00:00+00:00 [queued]>
[2026-02-05T16:22:37.655+0000] {taskinstance.py:2170} INFO - Starting attempt 2 of 2
[2026-02-05T16:22:37.669+0000] {taskinstance.py:2191} INFO - Executing <Task(PythonOperator): download_kaggle_dataset> on 2026-02-04 00:00:00+00:00
[2026-02-05T16:22:37.678+0000] {standard_task_runner.py:60} INFO - Started process 420 to run task
[2026-02-05T16:22:37.686+0000] {standard_task_runner.py:87} INFO - Running: ['***', 'tasks', 'run', 'ecommerce_etl_pipeline', 'download_kaggle_dataset', 'scheduled__2026-02-04T00:00:00+00:00', '--job-id', '5', '--raw', '--subdir', 'DAGS_FOLDER/ecommerce_etl.py', '--cfg-path', '/tmp/tmpuqm47h7y']
[2026-02-05T16:22:37.751+0000] {standard_task_runner.py:88} INFO - Job 5: Subtask download_kaggle_dataset
[2026-02-05T16:22:37.916+0000] {task_command.py:423} INFO - Running <TaskInstance: ecommerce_etl_pipeline.download_kaggle_dataset scheduled__2026-02-04T00:00:00+00:00 [running]> on host 87cc6e4f2a78
[2026-02-05T16:22:38.002+0000] {taskinstance.py:2480} INFO - Exporting env vars: AIRFLOW_CTX_DAG_OWNER='data-engineer' AIRFLOW_CTX_DAG_ID='ecommerce_etl_pipeline' AIRFLOW_CTX_TASK_ID='download_kaggle_dataset' AIRFLOW_CTX_EXECUTION_DATE='2026-02-04T00:00:00+00:00' AIRFLOW_CTX_TRY_NUMBER='2' AIRFLOW_CTX_DAG_RUN_ID='scheduled__2026-02-04T00:00:00+00:00'
[2026-02-05T16:22:38.088+0000] {logging_mixin.py:188} INFO - Warning: Your Kaggle API key is readable by other users on this system! To fix this, you can run 'chmod 600 /home/***/.kaggle/kaggle.json'
[2026-02-05T16:22:38.097+0000] {taskinstance.py:2698} ERROR - Task failed with exception
Traceback (most recent call last):
  File "/home/airflow/.local/lib/python3.11/site-packages/airflow/models/taskinstance.py", line 433, in _execute_task
    result = execute_callable(context=context, **execute_callable_kwargs)
             ^^^^^^^^^^^^^^^^^^^^^^^^^^^^^^^^^^^^^^^^^^^^^^^^^^^^^^^^^^^^
  File "/home/airflow/.local/lib/python3.11/site-packages/airflow/operators/python.py", line 199, in execute
    return_value = self.execute_callable()
                   ^^^^^^^^^^^^^^^^^^^^^^^
  File "/home/airflow/.local/lib/python3.11/site-packages/airflow/operators/python.py", line 216, in execute_callable
    return self.python_callable(*self.op_args, **self.op_kwargs)
           ^^^^^^^^^^^^^^^^^^^^^^^^^^^^^^^^^^^^^^^^^^^^^^^^^^^^^
  File "/opt/airflow/dags/ecommerce_etl.py", line 37, in download_kaggle_dataset
    shutil.copy(source_kaggle_path, target_kaggle_path)
  File "/usr/local/lib/python3.11/shutil.py", line 431, in copy
    copyfile(src, dst, follow_symlinks=follow_symlinks)
  File "/usr/local/lib/python3.11/shutil.py", line 236, in copyfile
    raise SameFileError("{!r} and {!r} are the same file".format(src, dst))
shutil.SameFileError: '/opt/***/.kaggle/kaggle.json' and '/home/***/.kaggle/kaggle.json' are the same file
[2026-02-05T16:22:38.112+0000] {taskinstance.py:1138} INFO - Marking task as FAILED. dag_id=ecommerce_etl_pipeline, task_id=download_kaggle_dataset, execution_date=20260204T000000, start_date=20260205T162237, end_date=20260205T162238
[2026-02-05T16:22:38.124+0000] {standard_task_runner.py:107} ERROR - Failed to execute job 5 for task download_kaggle_dataset ('/opt/***/.kaggle/kaggle.json' and '/home/***/.kaggle/kaggle.json' are the same file; 420)
[2026-02-05T16:22:38.166+0000] {local_task_job_runner.py:234} INFO - Task exited with return code 1
[2026-02-05T16:22:38.186+0000] {taskinstance.py:3280} INFO - 0 downstream tasks scheduled from follow-on schedule check
[2026-02-05T16:44:46.686+0000] {taskinstance.py:1956} INFO - Dependencies all met for dep_context=non-requeueable deps ti=<TaskInstance: ecommerce_etl_pipeline.download_kaggle_dataset scheduled__2026-02-04T00:00:00+00:00 [queued]>
[2026-02-05T16:44:46.694+0000] {taskinstance.py:1956} INFO - Dependencies all met for dep_context=requeueable deps ti=<TaskInstance: ecommerce_etl_pipeline.download_kaggle_dataset scheduled__2026-02-04T00:00:00+00:00 [queued]>
[2026-02-05T16:44:46.694+0000] {taskinstance.py:2170} INFO - Starting attempt 2 of 2
[2026-02-05T16:44:46.706+0000] {taskinstance.py:2191} INFO - Executing <Task(PythonOperator): download_kaggle_dataset> on 2026-02-04 00:00:00+00:00
[2026-02-05T16:44:46.711+0000] {standard_task_runner.py:60} INFO - Started process 441 to run task
[2026-02-05T16:44:46.713+0000] {standard_task_runner.py:87} INFO - Running: ['***', 'tasks', 'run', 'ecommerce_etl_pipeline', 'download_kaggle_dataset', 'scheduled__2026-02-04T00:00:00+00:00', '--job-id', '6', '--raw', '--subdir', 'DAGS_FOLDER/ecommerce_etl.py', '--cfg-path', '/tmp/tmpkjsl9x_1']
[2026-02-05T16:44:46.716+0000] {standard_task_runner.py:88} INFO - Job 6: Subtask download_kaggle_dataset
[2026-02-05T16:44:46.783+0000] {task_command.py:423} INFO - Running <TaskInstance: ecommerce_etl_pipeline.download_kaggle_dataset scheduled__2026-02-04T00:00:00+00:00 [running]> on host b6e96e6f99b3
[2026-02-05T16:44:46.854+0000] {taskinstance.py:2480} INFO - Exporting env vars: AIRFLOW_CTX_DAG_OWNER='data-engineer' AIRFLOW_CTX_DAG_ID='ecommerce_etl_pipeline' AIRFLOW_CTX_TASK_ID='download_kaggle_dataset' AIRFLOW_CTX_EXECUTION_DATE='2026-02-04T00:00:00+00:00' AIRFLOW_CTX_TRY_NUMBER='2' AIRFLOW_CTX_DAG_RUN_ID='scheduled__2026-02-04T00:00:00+00:00'
[2026-02-05T16:44:46.928+0000] {logging_mixin.py:188} INFO - Warning: Your Kaggle API key is readable by other users on this system! To fix this, you can run 'chmod 600 /home/***/.kaggle/kaggle.json'
[2026-02-05T16:44:46.949+0000] {logging_mixin.py:188} INFO - ✅ Credenciais Kaggle carregadas: raelsan
[2026-02-05T16:44:46.950+0000] {logging_mixin.py:188} INFO - 📥 Baixando dataset do Kaggle (pode demorar 2-5 minutos)...
[2026-02-05T16:44:52.690+0000] {logging_mixin.py:188} INFO - ✅ Dataset baixado! Total de arquivos: 9
[2026-02-05T16:44:52.690+0000] {logging_mixin.py:188} INFO -    📄 olist_customers_dataset.csv
[2026-02-05T16:44:52.691+0000] {logging_mixin.py:188} INFO -    📄 olist_geolocation_dataset.csv
[2026-02-05T16:44:52.691+0000] {logging_mixin.py:188} INFO -    📄 olist_order_items_dataset.csv
[2026-02-05T16:44:52.691+0000] {logging_mixin.py:188} INFO -    📄 olist_order_payments_dataset.csv
[2026-02-05T16:44:52.692+0000] {logging_mixin.py:188} INFO -    📄 olist_order_reviews_dataset.csv
[2026-02-05T16:44:52.692+0000] {logging_mixin.py:188} INFO -    📄 olist_orders_dataset.csv
[2026-02-05T16:44:52.692+0000] {logging_mixin.py:188} INFO -    📄 olist_products_dataset.csv
[2026-02-05T16:44:52.693+0000] {logging_mixin.py:188} INFO -    📄 olist_sellers_dataset.csv
[2026-02-05T16:44:52.693+0000] {logging_mixin.py:188} INFO -    📄 product_category_name_translation.csv
[2026-02-05T16:44:52.693+0000] {python.py:201} INFO - Done. Returned value was: None
[2026-02-05T16:44:52.702+0000] {taskinstance.py:1138} INFO - Marking task as SUCCESS. dag_id=ecommerce_etl_pipeline, task_id=download_kaggle_dataset, execution_date=20260204T000000, start_date=20260205T164446, end_date=20260205T164452
[2026-02-05T16:44:52.745+0000] {local_task_job_runner.py:234} INFO - Task exited with return code 0
[2026-02-05T16:44:52.768+0000] {taskinstance.py:3280} INFO - 1 downstream tasks scheduled from follow-on schedule check
[2026-02-05T17:58:14.620+0000] {taskinstance.py:1956} INFO - Dependencies all met for dep_context=non-requeueable deps ti=<TaskInstance: ecommerce_etl_pipeline.download_kaggle_dataset scheduled__2026-02-04T00:00:00+00:00 [queued]>
[2026-02-05T17:58:14.629+0000] {taskinstance.py:1956} INFO - Dependencies all met for dep_context=requeueable deps ti=<TaskInstance: ecommerce_etl_pipeline.download_kaggle_dataset scheduled__2026-02-04T00:00:00+00:00 [queued]>
[2026-02-05T17:58:14.630+0000] {taskinstance.py:2170} INFO - Starting attempt 2 of 2
[2026-02-05T17:58:14.642+0000] {taskinstance.py:2191} INFO - Executing <Task(PythonOperator): download_kaggle_dataset> on 2026-02-04 00:00:00+00:00
[2026-02-05T17:58:14.648+0000] {standard_task_runner.py:60} INFO - Started process 537 to run task
[2026-02-05T17:58:14.652+0000] {standard_task_runner.py:87} INFO - Running: ['***', 'tasks', 'run', 'ecommerce_etl_pipeline', 'download_kaggle_dataset', 'scheduled__2026-02-04T00:00:00+00:00', '--job-id', '5', '--raw', '--subdir', 'DAGS_FOLDER/ecommerce_etl.py', '--cfg-path', '/tmp/tmp9ihpjn8p']
[2026-02-05T17:58:14.656+0000] {standard_task_runner.py:88} INFO - Job 5: Subtask download_kaggle_dataset
[2026-02-05T17:58:14.775+0000] {task_command.py:423} INFO - Running <TaskInstance: ecommerce_etl_pipeline.download_kaggle_dataset scheduled__2026-02-04T00:00:00+00:00 [running]> on host 7857a5475927
[2026-02-05T17:58:14.861+0000] {taskinstance.py:2480} INFO - Exporting env vars: AIRFLOW_CTX_DAG_OWNER='data-engineer' AIRFLOW_CTX_DAG_ID='ecommerce_etl_pipeline' AIRFLOW_CTX_TASK_ID='download_kaggle_dataset' AIRFLOW_CTX_EXECUTION_DATE='2026-02-04T00:00:00+00:00' AIRFLOW_CTX_TRY_NUMBER='2' AIRFLOW_CTX_DAG_RUN_ID='scheduled__2026-02-04T00:00:00+00:00'
[2026-02-05T17:58:14.942+0000] {logging_mixin.py:188} INFO - Warning: Your Kaggle API key is readable by other users on this system! To fix this, you can run 'chmod 600 /home/***/.kaggle/kaggle.json'
[2026-02-05T17:58:14.952+0000] {logging_mixin.py:188} INFO - ✅ Credenciais Kaggle carregadas: raelsan
[2026-02-05T17:58:14.954+0000] {logging_mixin.py:188} INFO - 📥 Baixando dataset do Kaggle (pode demorar 2-5 minutos)...
[2026-02-05T17:58:15.928+0000] {logging_mixin.py:188} INFO - ✅ Dataset baixado! Total de arquivos: 1
[2026-02-05T17:58:15.928+0000] {logging_mixin.py:188} INFO -    📄 brazilian-ecommerce.zip
[2026-02-05T17:58:15.929+0000] {python.py:201} INFO - Done. Returned value was: None
[2026-02-05T17:58:15.938+0000] {taskinstance.py:1138} INFO - Marking task as SUCCESS. dag_id=ecommerce_etl_pipeline, task_id=download_kaggle_dataset, execution_date=20260204T000000, start_date=20260205T175814, end_date=20260205T175815
[2026-02-05T17:58:15.993+0000] {local_task_job_runner.py:234} INFO - Task exited with return code 0
[2026-02-05T17:58:16.015+0000] {taskinstance.py:3280} INFO - 1 downstream tasks scheduled from follow-on schedule check
[2026-02-05T20:59:13.888+0000] {taskinstance.py:1956} INFO - Dependencies all met for dep_context=non-requeueable deps ti=<TaskInstance: ecommerce_etl_pipeline.download_kaggle_dataset scheduled__2026-02-04T00:00:00+00:00 [queued]>
[2026-02-05T20:59:13.899+0000] {taskinstance.py:1956} INFO - Dependencies all met for dep_context=requeueable deps ti=<TaskInstance: ecommerce_etl_pipeline.download_kaggle_dataset scheduled__2026-02-04T00:00:00+00:00 [queued]>
[2026-02-05T20:59:13.900+0000] {taskinstance.py:2170} INFO - Starting attempt 2 of 2
[2026-02-05T20:59:13.914+0000] {taskinstance.py:2191} INFO - Executing <Task(PythonOperator): download_kaggle_dataset> on 2026-02-04 00:00:00+00:00
[2026-02-05T20:59:13.919+0000] {standard_task_runner.py:60} INFO - Started process 430 to run task
[2026-02-05T20:59:13.923+0000] {standard_task_runner.py:87} INFO - Running: ['***', 'tasks', 'run', 'ecommerce_etl_pipeline', 'download_kaggle_dataset', 'scheduled__2026-02-04T00:00:00+00:00', '--job-id', '5', '--raw', '--subdir', 'DAGS_FOLDER/ecommerce_etl.py', '--cfg-path', '/tmp/tmp6aak_ub4']
[2026-02-05T20:59:13.927+0000] {standard_task_runner.py:88} INFO - Job 5: Subtask download_kaggle_dataset
[2026-02-05T20:59:14.022+0000] {task_command.py:423} INFO - Running <TaskInstance: ecommerce_etl_pipeline.download_kaggle_dataset scheduled__2026-02-04T00:00:00+00:00 [running]> on host 968ad2b9a1b3
[2026-02-05T20:59:14.125+0000] {taskinstance.py:2480} INFO - Exporting env vars: AIRFLOW_CTX_DAG_OWNER='data-engineer' AIRFLOW_CTX_DAG_ID='ecommerce_etl_pipeline' AIRFLOW_CTX_TASK_ID='download_kaggle_dataset' AIRFLOW_CTX_EXECUTION_DATE='2026-02-04T00:00:00+00:00' AIRFLOW_CTX_TRY_NUMBER='2' AIRFLOW_CTX_DAG_RUN_ID='scheduled__2026-02-04T00:00:00+00:00'
[2026-02-05T20:59:14.243+0000] {logging_mixin.py:188} INFO - Warning: Your Kaggle API key is readable by other users on this system! To fix this, you can run 'chmod 600 /home/***/.kaggle/kaggle.json'
[2026-02-05T20:59:14.254+0000] {logging_mixin.py:188} INFO - ✅ Credenciais Kaggle carregadas: raelsan
[2026-02-05T20:59:14.257+0000] {logging_mixin.py:188} INFO - 📥 Baixando dataset do Kaggle...
[2026-02-05T20:59:15.340+0000] {logging_mixin.py:188} INFO - 📦 Descompactando /opt/***/data/raw/brazilian-ecommerce.zip...
[2026-02-05T20:59:15.347+0000] {taskinstance.py:2698} ERROR - Task failed with exception
Traceback (most recent call last):
  File "/home/airflow/.local/lib/python3.11/site-packages/airflow/models/taskinstance.py", line 433, in _execute_task
    result = execute_callable(context=context, **execute_callable_kwargs)
             ^^^^^^^^^^^^^^^^^^^^^^^^^^^^^^^^^^^^^^^^^^^^^^^^^^^^^^^^^^^^
  File "/home/airflow/.local/lib/python3.11/site-packages/airflow/operators/python.py", line 199, in execute
    return_value = self.execute_callable()
                   ^^^^^^^^^^^^^^^^^^^^^^^
  File "/home/airflow/.local/lib/python3.11/site-packages/airflow/operators/python.py", line 216, in execute_callable
    return self.python_callable(*self.op_args, **self.op_kwargs)
           ^^^^^^^^^^^^^^^^^^^^^^^^^^^^^^^^^^^^^^^^^^^^^^^^^^^^^
  File "/opt/airflow/dags/ecommerce_etl.py", line 53, in download_kaggle_dataset
    zip_ref.extractall(data_dir)
  File "/usr/local/lib/python3.11/zipfile.py", line 1693, in extractall
    self._extract_member(zipinfo, path, pwd)
  File "/usr/local/lib/python3.11/zipfile.py", line 1746, in _extract_member
    with self.open(member, pwd=pwd) as source, \
         ^^^^^^^^^^^^^^^^^^^^^^^^^^
  File "/usr/local/lib/python3.11/zipfile.py", line 1576, in open
    raise BadZipFile("Bad magic number for file header")
zipfile.BadZipFile: Bad magic number for file header
[2026-02-05T20:59:15.364+0000] {taskinstance.py:1138} INFO - Marking task as FAILED. dag_id=ecommerce_etl_pipeline, task_id=download_kaggle_dataset, execution_date=20260204T000000, start_date=20260205T205913, end_date=20260205T205915
[2026-02-05T20:59:15.374+0000] {standard_task_runner.py:107} ERROR - Failed to execute job 5 for task download_kaggle_dataset (Bad magic number for file header; 430)
[2026-02-05T20:59:15.422+0000] {local_task_job_runner.py:234} INFO - Task exited with return code 1
[2026-02-05T20:59:15.443+0000] {taskinstance.py:3280} INFO - 0 downstream tasks scheduled from follow-on schedule check
