[2026-02-05T15:31:03.883+0000] {taskinstance.py:1956} INFO - Dependencies all met for dep_context=non-requeueable deps ti=<TaskInstance: ecommerce_etl_pipeline.download_kaggle_dataset scheduled__2026-02-04T00:00:00+00:00 [queued]>
[2026-02-05T15:31:03.890+0000] {taskinstance.py:1956} INFO - Dependencies all met for dep_context=requeueable deps ti=<TaskInstance: ecommerce_etl_pipeline.download_kaggle_dataset scheduled__2026-02-04T00:00:00+00:00 [queued]>
[2026-02-05T15:31:03.890+0000] {taskinstance.py:2170} INFO - Starting attempt 1 of 2
[2026-02-05T15:31:03.899+0000] {taskinstance.py:2191} INFO - Executing <Task(PythonOperator): download_kaggle_dataset> on 2026-02-04 00:00:00+00:00
[2026-02-05T15:31:03.905+0000] {standard_task_runner.py:60} INFO - Started process 262 to run task
[2026-02-05T15:31:03.908+0000] {standard_task_runner.py:87} INFO - Running: ['***', 'tasks', 'run', 'ecommerce_etl_pipeline', 'download_kaggle_dataset', 'scheduled__2026-02-04T00:00:00+00:00', '--job-id', '4', '--raw', '--subdir', 'DAGS_FOLDER/ecommerce_etl.py', '--cfg-path', '/tmp/tmpyljydnsw']
[2026-02-05T15:31:03.911+0000] {standard_task_runner.py:88} INFO - Job 4: Subtask download_kaggle_dataset
[2026-02-05T15:31:03.989+0000] {task_command.py:423} INFO - Running <TaskInstance: ecommerce_etl_pipeline.download_kaggle_dataset scheduled__2026-02-04T00:00:00+00:00 [running]> on host a8fa1b608109
[2026-02-05T15:31:04.063+0000] {taskinstance.py:2480} INFO - Exporting env vars: AIRFLOW_CTX_DAG_OWNER='data-engineer' AIRFLOW_CTX_DAG_ID='ecommerce_etl_pipeline' AIRFLOW_CTX_TASK_ID='download_kaggle_dataset' AIRFLOW_CTX_EXECUTION_DATE='2026-02-04T00:00:00+00:00' AIRFLOW_CTX_TRY_NUMBER='1' AIRFLOW_CTX_DAG_RUN_ID='scheduled__2026-02-04T00:00:00+00:00'
[2026-02-05T15:31:04.186+0000] {taskinstance.py:2698} ERROR - Task failed with exception
Traceback (most recent call last):
  File "/home/airflow/.local/lib/python3.11/site-packages/airflow/models/taskinstance.py", line 433, in _execute_task
    result = execute_callable(context=context, **execute_callable_kwargs)
             ^^^^^^^^^^^^^^^^^^^^^^^^^^^^^^^^^^^^^^^^^^^^^^^^^^^^^^^^^^^^
  File "/home/airflow/.local/lib/python3.11/site-packages/airflow/operators/python.py", line 199, in execute
    return_value = self.execute_callable()
                   ^^^^^^^^^^^^^^^^^^^^^^^
  File "/home/airflow/.local/lib/python3.11/site-packages/airflow/operators/python.py", line 216, in execute_callable
    return self.python_callable(*self.op_args, **self.op_kwargs)
           ^^^^^^^^^^^^^^^^^^^^^^^^^^^^^^^^^^^^^^^^^^^^^^^^^^^^^
  File "/opt/airflow/dags/ecommerce_etl.py", line 22, in download_kaggle_dataset
    import kaggle
  File "/home/airflow/.local/lib/python3.11/site-packages/kaggle/__init__.py", line 19, in <module>
    from kaggle.api.kaggle_api_extended import KaggleApi
  File "/home/airflow/.local/lib/python3.11/site-packages/kaggle/api/__init__.py", line 22, in <module>
    from kaggle.api.kaggle_api_extended import KaggleApi
  File "/home/airflow/.local/lib/python3.11/site-packages/kaggle/api/kaggle_api_extended.py", line 274, in <module>
    class KaggleApi(KaggleApi):
  File "/home/airflow/.local/lib/python3.11/site-packages/kaggle/api/kaggle_api_extended.py", line 296, in KaggleApi
    os.makedirs(config_dir)
  File "<frozen os>", line 225, in makedirs
FileExistsError: [Errno 17] File exists: '/home/airflow/.kaggle'
[2026-02-05T15:31:04.205+0000] {taskinstance.py:1138} INFO - Marking task as UP_FOR_RETRY. dag_id=ecommerce_etl_pipeline, task_id=download_kaggle_dataset, execution_date=20260204T000000, start_date=20260205T153103, end_date=20260205T153104
[2026-02-05T15:31:04.216+0000] {standard_task_runner.py:107} ERROR - Failed to execute job 4 for task download_kaggle_dataset ([Errno 17] File exists: '/home/airflow/.kaggle'; 262)
[2026-02-05T15:31:04.242+0000] {local_task_job_runner.py:234} INFO - Task exited with return code 1
[2026-02-05T15:31:04.262+0000] {taskinstance.py:3280} INFO - 0 downstream tasks scheduled from follow-on schedule check
[2026-02-05T16:17:35.579+0000] {taskinstance.py:1956} INFO - Dependencies all met for dep_context=non-requeueable deps ti=<TaskInstance: ecommerce_etl_pipeline.download_kaggle_dataset scheduled__2026-02-04T00:00:00+00:00 [queued]>
[2026-02-05T16:17:35.588+0000] {taskinstance.py:1956} INFO - Dependencies all met for dep_context=requeueable deps ti=<TaskInstance: ecommerce_etl_pipeline.download_kaggle_dataset scheduled__2026-02-04T00:00:00+00:00 [queued]>
[2026-02-05T16:17:35.589+0000] {taskinstance.py:2170} INFO - Starting attempt 1 of 2
[2026-02-05T16:17:35.602+0000] {taskinstance.py:2191} INFO - Executing <Task(PythonOperator): download_kaggle_dataset> on 2026-02-04 00:00:00+00:00
[2026-02-05T16:17:35.619+0000] {standard_task_runner.py:60} INFO - Started process 233 to run task
[2026-02-05T16:17:35.639+0000] {standard_task_runner.py:87} INFO - Running: ['***', 'tasks', 'run', 'ecommerce_etl_pipeline', 'download_kaggle_dataset', 'scheduled__2026-02-04T00:00:00+00:00', '--job-id', '2', '--raw', '--subdir', 'DAGS_FOLDER/ecommerce_etl.py', '--cfg-path', '/tmp/tmpoi5q6li8']
[2026-02-05T16:17:35.652+0000] {standard_task_runner.py:88} INFO - Job 2: Subtask download_kaggle_dataset
[2026-02-05T16:17:35.811+0000] {task_command.py:423} INFO - Running <TaskInstance: ecommerce_etl_pipeline.download_kaggle_dataset scheduled__2026-02-04T00:00:00+00:00 [running]> on host 87cc6e4f2a78
[2026-02-05T16:17:35.932+0000] {taskinstance.py:2480} INFO - Exporting env vars: AIRFLOW_CTX_DAG_OWNER='data-engineer' AIRFLOW_CTX_DAG_ID='ecommerce_etl_pipeline' AIRFLOW_CTX_TASK_ID='download_kaggle_dataset' AIRFLOW_CTX_EXECUTION_DATE='2026-02-04T00:00:00+00:00' AIRFLOW_CTX_TRY_NUMBER='1' AIRFLOW_CTX_DAG_RUN_ID='scheduled__2026-02-04T00:00:00+00:00'
[2026-02-05T16:17:36.096+0000] {logging_mixin.py:188} INFO - Warning: Your Kaggle API key is readable by other users on this system! To fix this, you can run 'chmod 600 /home/***/.kaggle/kaggle.json'
[2026-02-05T16:17:36.104+0000] {taskinstance.py:2698} ERROR - Task failed with exception
Traceback (most recent call last):
  File "/home/airflow/.local/lib/python3.11/site-packages/airflow/models/taskinstance.py", line 433, in _execute_task
    result = execute_callable(context=context, **execute_callable_kwargs)
             ^^^^^^^^^^^^^^^^^^^^^^^^^^^^^^^^^^^^^^^^^^^^^^^^^^^^^^^^^^^^
  File "/home/airflow/.local/lib/python3.11/site-packages/airflow/operators/python.py", line 199, in execute
    return_value = self.execute_callable()
                   ^^^^^^^^^^^^^^^^^^^^^^^
  File "/home/airflow/.local/lib/python3.11/site-packages/airflow/operators/python.py", line 216, in execute_callable
    return self.python_callable(*self.op_args, **self.op_kwargs)
           ^^^^^^^^^^^^^^^^^^^^^^^^^^^^^^^^^^^^^^^^^^^^^^^^^^^^^
  File "/opt/airflow/dags/ecommerce_etl.py", line 37, in download_kaggle_dataset
    shutil.copy(source_kaggle_path, target_kaggle_path)
  File "/usr/local/lib/python3.11/shutil.py", line 431, in copy
    copyfile(src, dst, follow_symlinks=follow_symlinks)
  File "/usr/local/lib/python3.11/shutil.py", line 236, in copyfile
    raise SameFileError("{!r} and {!r} are the same file".format(src, dst))
shutil.SameFileError: '/opt/***/.kaggle/kaggle.json' and '/home/***/.kaggle/kaggle.json' are the same file
[2026-02-05T16:17:36.138+0000] {taskinstance.py:1138} INFO - Marking task as UP_FOR_RETRY. dag_id=ecommerce_etl_pipeline, task_id=download_kaggle_dataset, execution_date=20260204T000000, start_date=20260205T161735, end_date=20260205T161736
[2026-02-05T16:17:36.151+0000] {standard_task_runner.py:107} ERROR - Failed to execute job 2 for task download_kaggle_dataset ('/opt/***/.kaggle/kaggle.json' and '/home/***/.kaggle/kaggle.json' are the same file; 233)
[2026-02-05T16:17:36.173+0000] {local_task_job_runner.py:234} INFO - Task exited with return code 1
[2026-02-05T16:17:36.204+0000] {taskinstance.py:3280} INFO - 0 downstream tasks scheduled from follow-on schedule check
[2026-02-05T16:39:39.748+0000] {taskinstance.py:1956} INFO - Dependencies all met for dep_context=non-requeueable deps ti=<TaskInstance: ecommerce_etl_pipeline.download_kaggle_dataset scheduled__2026-02-04T00:00:00+00:00 [queued]>
[2026-02-05T16:39:39.758+0000] {taskinstance.py:1956} INFO - Dependencies all met for dep_context=requeueable deps ti=<TaskInstance: ecommerce_etl_pipeline.download_kaggle_dataset scheduled__2026-02-04T00:00:00+00:00 [queued]>
[2026-02-05T16:39:39.759+0000] {taskinstance.py:2170} INFO - Starting attempt 1 of 2
[2026-02-05T16:39:39.778+0000] {taskinstance.py:2191} INFO - Executing <Task(PythonOperator): download_kaggle_dataset> on 2026-02-04 00:00:00+00:00
[2026-02-05T16:39:39.788+0000] {standard_task_runner.py:60} INFO - Started process 260 to run task
[2026-02-05T16:39:39.801+0000] {standard_task_runner.py:87} INFO - Running: ['***', 'tasks', 'run', 'ecommerce_etl_pipeline', 'download_kaggle_dataset', 'scheduled__2026-02-04T00:00:00+00:00', '--job-id', '2', '--raw', '--subdir', 'DAGS_FOLDER/ecommerce_etl.py', '--cfg-path', '/tmp/tmpvyksg46l']
[2026-02-05T16:39:39.806+0000] {standard_task_runner.py:88} INFO - Job 2: Subtask download_kaggle_dataset
[2026-02-05T16:39:39.965+0000] {task_command.py:423} INFO - Running <TaskInstance: ecommerce_etl_pipeline.download_kaggle_dataset scheduled__2026-02-04T00:00:00+00:00 [running]> on host b6e96e6f99b3
[2026-02-05T16:39:40.088+0000] {taskinstance.py:2480} INFO - Exporting env vars: AIRFLOW_CTX_DAG_OWNER='data-engineer' AIRFLOW_CTX_DAG_ID='ecommerce_etl_pipeline' AIRFLOW_CTX_TASK_ID='download_kaggle_dataset' AIRFLOW_CTX_EXECUTION_DATE='2026-02-04T00:00:00+00:00' AIRFLOW_CTX_TRY_NUMBER='1' AIRFLOW_CTX_DAG_RUN_ID='scheduled__2026-02-04T00:00:00+00:00'
[2026-02-05T16:39:40.224+0000] {logging_mixin.py:188} INFO - Warning: Your Kaggle API key is readable by other users on this system! To fix this, you can run 'chmod 600 /home/***/.kaggle/kaggle.json'
[2026-02-05T16:39:40.234+0000] {logging_mixin.py:188} INFO - ✅ Credenciais Kaggle carregadas: raelsan
[2026-02-05T16:39:40.236+0000] {logging_mixin.py:188} INFO - 📥 Baixando dataset do Kaggle (pode demorar 2-5 minutos)...
[2026-02-05T16:39:45.532+0000] {taskinstance.py:2698} ERROR - Task failed with exception
Traceback (most recent call last):
  File "/home/airflow/.local/lib/python3.11/site-packages/kaggle/api/kaggle_api_extended.py", line 1457, in dataset_download_files
    z.extractall(effective_path)
  File "/usr/local/lib/python3.11/zipfile.py", line 1693, in extractall
    self._extract_member(zipinfo, path, pwd)
  File "/usr/local/lib/python3.11/zipfile.py", line 1746, in _extract_member
    with self.open(member, pwd=pwd) as source, \
         ^^^^^^^^^^^^^^^^^^^^^^^^^^
  File "/usr/local/lib/python3.11/zipfile.py", line 1576, in open
    raise BadZipFile("Bad magic number for file header")
zipfile.BadZipFile: Bad magic number for file header

During handling of the above exception, another exception occurred:

Traceback (most recent call last):
  File "/home/airflow/.local/lib/python3.11/site-packages/airflow/models/taskinstance.py", line 433, in _execute_task
    result = execute_callable(context=context, **execute_callable_kwargs)
             ^^^^^^^^^^^^^^^^^^^^^^^^^^^^^^^^^^^^^^^^^^^^^^^^^^^^^^^^^^^^
  File "/home/airflow/.local/lib/python3.11/site-packages/airflow/operators/python.py", line 199, in execute
    return_value = self.execute_callable()
                   ^^^^^^^^^^^^^^^^^^^^^^^
  File "/home/airflow/.local/lib/python3.11/site-packages/airflow/operators/python.py", line 216, in execute_callable
    return self.python_callable(*self.op_args, **self.op_kwargs)
           ^^^^^^^^^^^^^^^^^^^^^^^^^^^^^^^^^^^^^^^^^^^^^^^^^^^^^
  File "/opt/airflow/dags/ecommerce_etl.py", line 40, in download_kaggle_dataset
    kaggle.api.dataset_download_files(
  File "/home/airflow/.local/lib/python3.11/site-packages/kaggle/api/kaggle_api_extended.py", line 1459, in dataset_download_files
    raise ValueError(
ValueError: ('Bad zip file, please report on www.github.com/kaggle/kaggle-api', BadZipFile('Bad magic number for file header'))
[2026-02-05T16:39:45.552+0000] {taskinstance.py:1138} INFO - Marking task as UP_FOR_RETRY. dag_id=ecommerce_etl_pipeline, task_id=download_kaggle_dataset, execution_date=20260204T000000, start_date=20260205T163939, end_date=20260205T163945
[2026-02-05T16:39:45.561+0000] {standard_task_runner.py:107} ERROR - Failed to execute job 2 for task download_kaggle_dataset (('Bad zip file, please report on www.github.com/kaggle/kaggle-api', BadZipFile('Bad magic number for file header')); 260)
[2026-02-05T16:39:45.579+0000] {local_task_job_runner.py:234} INFO - Task exited with return code 1
[2026-02-05T16:39:45.599+0000] {taskinstance.py:3280} INFO - 0 downstream tasks scheduled from follow-on schedule check
[2026-02-05T17:53:08.475+0000] {taskinstance.py:1956} INFO - Dependencies all met for dep_context=non-requeueable deps ti=<TaskInstance: ecommerce_etl_pipeline.download_kaggle_dataset scheduled__2026-02-04T00:00:00+00:00 [queued]>
[2026-02-05T17:53:08.482+0000] {taskinstance.py:1956} INFO - Dependencies all met for dep_context=requeueable deps ti=<TaskInstance: ecommerce_etl_pipeline.download_kaggle_dataset scheduled__2026-02-04T00:00:00+00:00 [queued]>
[2026-02-05T17:53:08.483+0000] {taskinstance.py:2170} INFO - Starting attempt 1 of 2
[2026-02-05T17:53:08.497+0000] {taskinstance.py:2191} INFO - Executing <Task(PythonOperator): download_kaggle_dataset> on 2026-02-04 00:00:00+00:00
[2026-02-05T17:53:08.505+0000] {standard_task_runner.py:60} INFO - Started process 360 to run task
[2026-02-05T17:53:08.517+0000] {standard_task_runner.py:87} INFO - Running: ['***', 'tasks', 'run', 'ecommerce_etl_pipeline', 'download_kaggle_dataset', 'scheduled__2026-02-04T00:00:00+00:00', '--job-id', '3', '--raw', '--subdir', 'DAGS_FOLDER/ecommerce_etl.py', '--cfg-path', '/tmp/tmp2hn_vtx3']
[2026-02-05T17:53:08.522+0000] {standard_task_runner.py:88} INFO - Job 3: Subtask download_kaggle_dataset
[2026-02-05T17:53:08.667+0000] {task_command.py:423} INFO - Running <TaskInstance: ecommerce_etl_pipeline.download_kaggle_dataset scheduled__2026-02-04T00:00:00+00:00 [running]> on host 7857a5475927
[2026-02-05T17:53:08.796+0000] {taskinstance.py:2480} INFO - Exporting env vars: AIRFLOW_CTX_DAG_OWNER='data-engineer' AIRFLOW_CTX_DAG_ID='ecommerce_etl_pipeline' AIRFLOW_CTX_TASK_ID='download_kaggle_dataset' AIRFLOW_CTX_EXECUTION_DATE='2026-02-04T00:00:00+00:00' AIRFLOW_CTX_TRY_NUMBER='1' AIRFLOW_CTX_DAG_RUN_ID='scheduled__2026-02-04T00:00:00+00:00'
[2026-02-05T17:53:08.997+0000] {logging_mixin.py:188} INFO - Warning: Your Kaggle API key is readable by other users on this system! To fix this, you can run 'chmod 600 /home/***/.kaggle/kaggle.json'
[2026-02-05T17:53:09.006+0000] {logging_mixin.py:188} INFO - ✅ Credenciais Kaggle carregadas: raelsan
[2026-02-05T17:53:09.009+0000] {logging_mixin.py:188} INFO - 📥 Baixando dataset do Kaggle (pode demorar 2-5 minutos)...
[2026-02-05T17:53:13.904+0000] {taskinstance.py:2698} ERROR - Task failed with exception
Traceback (most recent call last):
  File "/home/airflow/.local/lib/python3.11/site-packages/kaggle/api/kaggle_api_extended.py", line 1457, in dataset_download_files
    z.extractall(effective_path)
  File "/usr/local/lib/python3.11/zipfile.py", line 1693, in extractall
    self._extract_member(zipinfo, path, pwd)
  File "/usr/local/lib/python3.11/zipfile.py", line 1746, in _extract_member
    with self.open(member, pwd=pwd) as source, \
         ^^^^^^^^^^^^^^^^^^^^^^^^^^
  File "/usr/local/lib/python3.11/zipfile.py", line 1576, in open
    raise BadZipFile("Bad magic number for file header")
zipfile.BadZipFile: Bad magic number for file header

During handling of the above exception, another exception occurred:

Traceback (most recent call last):
  File "/home/airflow/.local/lib/python3.11/site-packages/airflow/models/taskinstance.py", line 433, in _execute_task
    result = execute_callable(context=context, **execute_callable_kwargs)
             ^^^^^^^^^^^^^^^^^^^^^^^^^^^^^^^^^^^^^^^^^^^^^^^^^^^^^^^^^^^^
  File "/home/airflow/.local/lib/python3.11/site-packages/airflow/operators/python.py", line 199, in execute
    return_value = self.execute_callable()
                   ^^^^^^^^^^^^^^^^^^^^^^^
  File "/home/airflow/.local/lib/python3.11/site-packages/airflow/operators/python.py", line 216, in execute_callable
    return self.python_callable(*self.op_args, **self.op_kwargs)
           ^^^^^^^^^^^^^^^^^^^^^^^^^^^^^^^^^^^^^^^^^^^^^^^^^^^^^
  File "/opt/airflow/dags/ecommerce_etl.py", line 40, in download_kaggle_dataset
    kaggle.api.dataset_download_files(
  File "/home/airflow/.local/lib/python3.11/site-packages/kaggle/api/kaggle_api_extended.py", line 1459, in dataset_download_files
    raise ValueError(
ValueError: ('Bad zip file, please report on www.github.com/kaggle/kaggle-api', BadZipFile('Bad magic number for file header'))
[2026-02-05T17:53:13.916+0000] {taskinstance.py:1138} INFO - Marking task as UP_FOR_RETRY. dag_id=ecommerce_etl_pipeline, task_id=download_kaggle_dataset, execution_date=20260204T000000, start_date=20260205T175308, end_date=20260205T175313
[2026-02-05T17:53:13.925+0000] {standard_task_runner.py:107} ERROR - Failed to execute job 3 for task download_kaggle_dataset (('Bad zip file, please report on www.github.com/kaggle/kaggle-api', BadZipFile('Bad magic number for file header')); 360)
[2026-02-05T17:53:13.959+0000] {local_task_job_runner.py:234} INFO - Task exited with return code 1
[2026-02-05T17:53:13.977+0000] {taskinstance.py:3280} INFO - 0 downstream tasks scheduled from follow-on schedule check
[2026-02-05T18:41:05.675+0000] {taskinstance.py:1956} INFO - Dependencies all met for dep_context=non-requeueable deps ti=<TaskInstance: ecommerce_etl_pipeline.download_kaggle_dataset scheduled__2026-02-04T00:00:00+00:00 [queued]>
[2026-02-05T18:41:05.684+0000] {taskinstance.py:1956} INFO - Dependencies all met for dep_context=requeueable deps ti=<TaskInstance: ecommerce_etl_pipeline.download_kaggle_dataset scheduled__2026-02-04T00:00:00+00:00 [queued]>
[2026-02-05T18:41:05.684+0000] {taskinstance.py:2170} INFO - Starting attempt 1 of 2
[2026-02-05T18:41:05.695+0000] {taskinstance.py:2191} INFO - Executing <Task(PythonOperator): download_kaggle_dataset> on 2026-02-04 00:00:00+00:00
[2026-02-05T18:41:05.704+0000] {standard_task_runner.py:60} INFO - Started process 296 to run task
[2026-02-05T18:41:05.728+0000] {standard_task_runner.py:87} INFO - Running: ['***', 'tasks', 'run', 'ecommerce_etl_pipeline', 'download_kaggle_dataset', 'scheduled__2026-02-04T00:00:00+00:00', '--job-id', '2', '--raw', '--subdir', 'DAGS_FOLDER/ecommerce_etl.py', '--cfg-path', '/tmp/tmpsf7e37_w']
[2026-02-05T18:41:05.735+0000] {standard_task_runner.py:88} INFO - Job 2: Subtask download_kaggle_dataset
[2026-02-05T18:41:05.932+0000] {task_command.py:423} INFO - Running <TaskInstance: ecommerce_etl_pipeline.download_kaggle_dataset scheduled__2026-02-04T00:00:00+00:00 [running]> on host 427e8687c6de
[2026-02-05T18:41:06.076+0000] {taskinstance.py:2480} INFO - Exporting env vars: AIRFLOW_CTX_DAG_OWNER='data-engineer' AIRFLOW_CTX_DAG_ID='ecommerce_etl_pipeline' AIRFLOW_CTX_TASK_ID='download_kaggle_dataset' AIRFLOW_CTX_EXECUTION_DATE='2026-02-04T00:00:00+00:00' AIRFLOW_CTX_TRY_NUMBER='1' AIRFLOW_CTX_DAG_RUN_ID='scheduled__2026-02-04T00:00:00+00:00'
[2026-02-05T18:41:06.269+0000] {logging_mixin.py:188} INFO - Warning: Your Kaggle API key is readable by other users on this system! To fix this, you can run 'chmod 600 /home/***/.kaggle/kaggle.json'
[2026-02-05T18:41:06.278+0000] {logging_mixin.py:188} INFO - ✅ Credenciais Kaggle carregadas: raelsan
[2026-02-05T18:41:06.279+0000] {logging_mixin.py:188} INFO - 📥 Baixando dataset do Kaggle (pode demorar 2-5 minutos)...
[2026-02-05T18:41:07.287+0000] {logging_mixin.py:188} INFO - ✅ Dataset baixado! Total de arquivos: 1
[2026-02-05T18:41:07.288+0000] {logging_mixin.py:188} INFO -    📄 brazilian-ecommerce.zip
[2026-02-05T18:41:07.288+0000] {python.py:201} INFO - Done. Returned value was: None
[2026-02-05T18:41:07.310+0000] {taskinstance.py:1138} INFO - Marking task as SUCCESS. dag_id=ecommerce_etl_pipeline, task_id=download_kaggle_dataset, execution_date=20260204T000000, start_date=20260205T184105, end_date=20260205T184107
[2026-02-05T18:41:07.343+0000] {local_task_job_runner.py:234} INFO - Task exited with return code 0
[2026-02-05T18:41:07.365+0000] {taskinstance.py:3280} INFO - 1 downstream tasks scheduled from follow-on schedule check
[2026-02-05T19:01:58.377+0000] {taskinstance.py:1956} INFO - Dependencies all met for dep_context=non-requeueable deps ti=<TaskInstance: ecommerce_etl_pipeline.download_kaggle_dataset scheduled__2026-02-04T00:00:00+00:00 [queued]>
[2026-02-05T19:01:58.390+0000] {taskinstance.py:1956} INFO - Dependencies all met for dep_context=requeueable deps ti=<TaskInstance: ecommerce_etl_pipeline.download_kaggle_dataset scheduled__2026-02-04T00:00:00+00:00 [queued]>
[2026-02-05T19:01:58.391+0000] {taskinstance.py:2170} INFO - Starting attempt 1 of 2
[2026-02-05T19:01:58.404+0000] {taskinstance.py:2191} INFO - Executing <Task(PythonOperator): download_kaggle_dataset> on 2026-02-04 00:00:00+00:00
[2026-02-05T19:01:58.410+0000] {standard_task_runner.py:60} INFO - Started process 256 to run task
[2026-02-05T19:01:58.424+0000] {standard_task_runner.py:87} INFO - Running: ['***', 'tasks', 'run', 'ecommerce_etl_pipeline', 'download_kaggle_dataset', 'scheduled__2026-02-04T00:00:00+00:00', '--job-id', '3', '--raw', '--subdir', 'DAGS_FOLDER/ecommerce_etl.py', '--cfg-path', '/tmp/tmpnj2fc_9k']
[2026-02-05T19:01:58.433+0000] {standard_task_runner.py:88} INFO - Job 3: Subtask download_kaggle_dataset
[2026-02-05T19:01:58.591+0000] {task_command.py:423} INFO - Running <TaskInstance: ecommerce_etl_pipeline.download_kaggle_dataset scheduled__2026-02-04T00:00:00+00:00 [running]> on host a4bed033a888
[2026-02-05T19:01:58.717+0000] {taskinstance.py:2480} INFO - Exporting env vars: AIRFLOW_CTX_DAG_OWNER='data-engineer' AIRFLOW_CTX_DAG_ID='ecommerce_etl_pipeline' AIRFLOW_CTX_TASK_ID='download_kaggle_dataset' AIRFLOW_CTX_EXECUTION_DATE='2026-02-04T00:00:00+00:00' AIRFLOW_CTX_TRY_NUMBER='1' AIRFLOW_CTX_DAG_RUN_ID='scheduled__2026-02-04T00:00:00+00:00'
[2026-02-05T19:01:58.876+0000] {logging_mixin.py:188} INFO - Warning: Your Kaggle API key is readable by other users on this system! To fix this, you can run 'chmod 600 /home/***/.kaggle/kaggle.json'
[2026-02-05T19:01:58.887+0000] {logging_mixin.py:188} INFO - ✅ Credenciais Kaggle carregadas: raelsan
[2026-02-05T19:01:58.888+0000] {logging_mixin.py:188} INFO - 📥 Baixando dataset do Kaggle (pode demorar 2-5 minutos)...
[2026-02-05T19:01:59.973+0000] {logging_mixin.py:188} INFO - ✅ Dataset baixado! Total de arquivos: 1
[2026-02-05T19:01:59.974+0000] {logging_mixin.py:188} INFO -    📄 brazilian-ecommerce.zip
[2026-02-05T19:01:59.974+0000] {python.py:201} INFO - Done. Returned value was: None
[2026-02-05T19:01:59.985+0000] {taskinstance.py:1138} INFO - Marking task as SUCCESS. dag_id=ecommerce_etl_pipeline, task_id=download_kaggle_dataset, execution_date=20260204T000000, start_date=20260205T190158, end_date=20260205T190159
[2026-02-05T19:02:00.042+0000] {local_task_job_runner.py:234} INFO - Task exited with return code 0
[2026-02-05T19:02:00.067+0000] {taskinstance.py:3280} INFO - 1 downstream tasks scheduled from follow-on schedule check
[2026-02-05T20:25:46.028+0000] {taskinstance.py:1956} INFO - Dependencies all met for dep_context=non-requeueable deps ti=<TaskInstance: ecommerce_etl_pipeline.download_kaggle_dataset scheduled__2026-02-04T00:00:00+00:00 [queued]>
[2026-02-05T20:25:46.058+0000] {taskinstance.py:1956} INFO - Dependencies all met for dep_context=requeueable deps ti=<TaskInstance: ecommerce_etl_pipeline.download_kaggle_dataset scheduled__2026-02-04T00:00:00+00:00 [queued]>
[2026-02-05T20:25:46.059+0000] {taskinstance.py:2170} INFO - Starting attempt 1 of 2
[2026-02-05T20:25:46.070+0000] {taskinstance.py:2191} INFO - Executing <Task(PythonOperator): download_kaggle_dataset> on 2026-02-04 00:00:00+00:00
[2026-02-05T20:25:46.076+0000] {standard_task_runner.py:60} INFO - Started process 223 to run task
[2026-02-05T20:25:46.079+0000] {standard_task_runner.py:87} INFO - Running: ['***', 'tasks', 'run', 'ecommerce_etl_pipeline', 'download_kaggle_dataset', 'scheduled__2026-02-04T00:00:00+00:00', '--job-id', '2', '--raw', '--subdir', 'DAGS_FOLDER/ecommerce_etl.py', '--cfg-path', '/tmp/tmp_3z9_2um']
[2026-02-05T20:25:46.083+0000] {standard_task_runner.py:88} INFO - Job 2: Subtask download_kaggle_dataset
[2026-02-05T20:25:46.248+0000] {task_command.py:423} INFO - Running <TaskInstance: ecommerce_etl_pipeline.download_kaggle_dataset scheduled__2026-02-04T00:00:00+00:00 [running]> on host 2314a77ad6cd
[2026-02-05T20:25:46.341+0000] {taskinstance.py:2480} INFO - Exporting env vars: AIRFLOW_CTX_DAG_OWNER='data-engineer' AIRFLOW_CTX_DAG_ID='ecommerce_etl_pipeline' AIRFLOW_CTX_TASK_ID='download_kaggle_dataset' AIRFLOW_CTX_EXECUTION_DATE='2026-02-04T00:00:00+00:00' AIRFLOW_CTX_TRY_NUMBER='1' AIRFLOW_CTX_DAG_RUN_ID='scheduled__2026-02-04T00:00:00+00:00'
[2026-02-05T20:25:46.437+0000] {logging_mixin.py:188} INFO - Warning: Your Kaggle API key is readable by other users on this system! To fix this, you can run 'chmod 600 /home/***/.kaggle/kaggle.json'
[2026-02-05T20:25:46.446+0000] {logging_mixin.py:188} INFO - ✅ Credenciais Kaggle carregadas: raelsan
[2026-02-05T20:25:46.448+0000] {logging_mixin.py:188} INFO - 📥 Baixando dataset do Kaggle (pode demorar 2-5 minutos)...
[2026-02-05T20:25:47.330+0000] {logging_mixin.py:188} INFO - ✅ Dataset baixado! Total de arquivos: 1
[2026-02-05T20:25:47.331+0000] {logging_mixin.py:188} INFO -    📄 brazilian-ecommerce.zip
[2026-02-05T20:25:47.332+0000] {python.py:201} INFO - Done. Returned value was: None
[2026-02-05T20:25:47.343+0000] {taskinstance.py:1138} INFO - Marking task as SUCCESS. dag_id=ecommerce_etl_pipeline, task_id=download_kaggle_dataset, execution_date=20260204T000000, start_date=20260205T202546, end_date=20260205T202547
[2026-02-05T20:25:47.378+0000] {local_task_job_runner.py:234} INFO - Task exited with return code 0
[2026-02-05T20:25:47.403+0000] {taskinstance.py:3280} INFO - 1 downstream tasks scheduled from follow-on schedule check
[2026-02-05T20:54:07.989+0000] {taskinstance.py:1956} INFO - Dependencies all met for dep_context=non-requeueable deps ti=<TaskInstance: ecommerce_etl_pipeline.download_kaggle_dataset scheduled__2026-02-04T00:00:00+00:00 [queued]>
[2026-02-05T20:54:07.998+0000] {taskinstance.py:1956} INFO - Dependencies all met for dep_context=requeueable deps ti=<TaskInstance: ecommerce_etl_pipeline.download_kaggle_dataset scheduled__2026-02-04T00:00:00+00:00 [queued]>
[2026-02-05T20:54:08.000+0000] {taskinstance.py:2170} INFO - Starting attempt 1 of 2
[2026-02-05T20:54:08.018+0000] {taskinstance.py:2191} INFO - Executing <Task(PythonOperator): download_kaggle_dataset> on 2026-02-04 00:00:00+00:00
[2026-02-05T20:54:08.031+0000] {standard_task_runner.py:60} INFO - Started process 251 to run task
[2026-02-05T20:54:08.043+0000] {standard_task_runner.py:87} INFO - Running: ['***', 'tasks', 'run', 'ecommerce_etl_pipeline', 'download_kaggle_dataset', 'scheduled__2026-02-04T00:00:00+00:00', '--job-id', '2', '--raw', '--subdir', 'DAGS_FOLDER/ecommerce_etl.py', '--cfg-path', '/tmp/tmp_ulhuntn']
[2026-02-05T20:54:08.049+0000] {standard_task_runner.py:88} INFO - Job 2: Subtask download_kaggle_dataset
[2026-02-05T20:54:08.382+0000] {task_command.py:423} INFO - Running <TaskInstance: ecommerce_etl_pipeline.download_kaggle_dataset scheduled__2026-02-04T00:00:00+00:00 [running]> on host 968ad2b9a1b3
[2026-02-05T20:54:08.510+0000] {taskinstance.py:2480} INFO - Exporting env vars: AIRFLOW_CTX_DAG_OWNER='data-engineer' AIRFLOW_CTX_DAG_ID='ecommerce_etl_pipeline' AIRFLOW_CTX_TASK_ID='download_kaggle_dataset' AIRFLOW_CTX_EXECUTION_DATE='2026-02-04T00:00:00+00:00' AIRFLOW_CTX_TRY_NUMBER='1' AIRFLOW_CTX_DAG_RUN_ID='scheduled__2026-02-04T00:00:00+00:00'
[2026-02-05T20:54:08.781+0000] {logging_mixin.py:188} INFO - Warning: Your Kaggle API key is readable by other users on this system! To fix this, you can run 'chmod 600 /home/***/.kaggle/kaggle.json'
[2026-02-05T20:54:08.807+0000] {logging_mixin.py:188} INFO - ✅ Credenciais Kaggle carregadas: raelsan
[2026-02-05T20:54:08.808+0000] {logging_mixin.py:188} INFO - 📥 Baixando dataset do Kaggle...
[2026-02-05T20:54:13.332+0000] {logging_mixin.py:188} INFO - 📦 Descompactando /opt/***/data/raw/brazilian-ecommerce.zip...
[2026-02-05T20:54:13.354+0000] {taskinstance.py:2698} ERROR - Task failed with exception
Traceback (most recent call last):
  File "/home/airflow/.local/lib/python3.11/site-packages/airflow/models/taskinstance.py", line 433, in _execute_task
    result = execute_callable(context=context, **execute_callable_kwargs)
             ^^^^^^^^^^^^^^^^^^^^^^^^^^^^^^^^^^^^^^^^^^^^^^^^^^^^^^^^^^^^
  File "/home/airflow/.local/lib/python3.11/site-packages/airflow/operators/python.py", line 199, in execute
    return_value = self.execute_callable()
                   ^^^^^^^^^^^^^^^^^^^^^^^
  File "/home/airflow/.local/lib/python3.11/site-packages/airflow/operators/python.py", line 216, in execute_callable
    return self.python_callable(*self.op_args, **self.op_kwargs)
           ^^^^^^^^^^^^^^^^^^^^^^^^^^^^^^^^^^^^^^^^^^^^^^^^^^^^^
  File "/opt/airflow/dags/ecommerce_etl.py", line 53, in download_kaggle_dataset
    zip_ref.extractall(data_dir)
  File "/usr/local/lib/python3.11/zipfile.py", line 1693, in extractall
    self._extract_member(zipinfo, path, pwd)
  File "/usr/local/lib/python3.11/zipfile.py", line 1746, in _extract_member
    with self.open(member, pwd=pwd) as source, \
         ^^^^^^^^^^^^^^^^^^^^^^^^^^
  File "/usr/local/lib/python3.11/zipfile.py", line 1576, in open
    raise BadZipFile("Bad magic number for file header")
zipfile.BadZipFile: Bad magic number for file header
[2026-02-05T20:54:13.369+0000] {taskinstance.py:1138} INFO - Marking task as UP_FOR_RETRY. dag_id=ecommerce_etl_pipeline, task_id=download_kaggle_dataset, execution_date=20260204T000000, start_date=20260205T205407, end_date=20260205T205413
[2026-02-05T20:54:13.379+0000] {standard_task_runner.py:107} ERROR - Failed to execute job 2 for task download_kaggle_dataset (Bad magic number for file header; 251)
[2026-02-05T20:54:13.390+0000] {local_task_job_runner.py:234} INFO - Task exited with return code 1
[2026-02-05T20:54:13.410+0000] {taskinstance.py:3280} INFO - 0 downstream tasks scheduled from follow-on schedule check
[2026-02-05T21:12:05.717+0000] {taskinstance.py:1956} INFO - Dependencies all met for dep_context=non-requeueable deps ti=<TaskInstance: ecommerce_etl_pipeline.download_kaggle_dataset scheduled__2026-02-04T00:00:00+00:00 [queued]>
[2026-02-05T21:12:05.729+0000] {taskinstance.py:1956} INFO - Dependencies all met for dep_context=requeueable deps ti=<TaskInstance: ecommerce_etl_pipeline.download_kaggle_dataset scheduled__2026-02-04T00:00:00+00:00 [queued]>
[2026-02-05T21:12:05.730+0000] {taskinstance.py:2170} INFO - Starting attempt 1 of 3
[2026-02-05T21:12:05.746+0000] {taskinstance.py:2191} INFO - Executing <Task(PythonOperator): download_kaggle_dataset> on 2026-02-04 00:00:00+00:00
[2026-02-05T21:12:05.760+0000] {standard_task_runner.py:60} INFO - Started process 248 to run task
[2026-02-05T21:12:05.784+0000] {standard_task_runner.py:87} INFO - Running: ['***', 'tasks', 'run', 'ecommerce_etl_pipeline', 'download_kaggle_dataset', 'scheduled__2026-02-04T00:00:00+00:00', '--job-id', '2', '--raw', '--subdir', 'DAGS_FOLDER/ecommerce_etl.py', '--cfg-path', '/tmp/tmpo41jvqf8']
[2026-02-05T21:12:05.803+0000] {standard_task_runner.py:88} INFO - Job 2: Subtask download_kaggle_dataset
[2026-02-05T21:12:06.149+0000] {task_command.py:423} INFO - Running <TaskInstance: ecommerce_etl_pipeline.download_kaggle_dataset scheduled__2026-02-04T00:00:00+00:00 [running]> on host 55309008fd85
[2026-02-05T21:12:06.406+0000] {taskinstance.py:2480} INFO - Exporting env vars: AIRFLOW_CTX_DAG_OWNER='data-engineer' AIRFLOW_CTX_DAG_ID='ecommerce_etl_pipeline' AIRFLOW_CTX_TASK_ID='download_kaggle_dataset' AIRFLOW_CTX_EXECUTION_DATE='2026-02-04T00:00:00+00:00' AIRFLOW_CTX_TRY_NUMBER='1' AIRFLOW_CTX_DAG_RUN_ID='scheduled__2026-02-04T00:00:00+00:00'
[2026-02-05T21:12:06.744+0000] {logging_mixin.py:188} INFO - Warning: Your Kaggle API key is readable by other users on this system! To fix this, you can run 'chmod 600 /home/***/.kaggle/kaggle.json'
[2026-02-05T21:12:06.751+0000] {ecommerce_etl.py:32} INFO - ======================================================================
[2026-02-05T21:12:06.752+0000] {ecommerce_etl.py:33} INFO - INICIANDO DOWNLOAD DO KAGGLE
[2026-02-05T21:12:06.753+0000] {ecommerce_etl.py:34} INFO - ======================================================================
[2026-02-05T21:12:06.756+0000] {ecommerce_etl.py:51} INFO - ✅ Credenciais carregadas: raelsan
[2026-02-05T21:12:06.757+0000] {ecommerce_etl.py:60} INFO - 🗑️  Limpando diretório /opt/***/data/raw...
[2026-02-05T21:12:06.807+0000] {ecommerce_etl.py:64} INFO - 📁 Diretório criado: /opt/***/data/raw
[2026-02-05T21:12:06.808+0000] {ecommerce_etl.py:71} INFO - 📥 Baixando dataset: olistbr/brazilian-ecommerce
[2026-02-05T21:12:06.808+0000] {ecommerce_etl.py:72} INFO -    (Isso pode demorar 2-5 minutos dependendo da conexão...)
[2026-02-05T21:12:11.302+0000] {ecommerce_etl.py:80} INFO - ✅ Download concluído!
[2026-02-05T21:12:11.306+0000] {ecommerce_etl.py:94} INFO - 📦 ZIP encontrado: 42.65 MB
[2026-02-05T21:12:11.307+0000] {ecommerce_etl.py:98} INFO - 📦 Descompactando arquivo...
[2026-02-05T21:12:11.345+0000] {ecommerce_etl.py:103} INFO -    Arquivos no ZIP: 9
[2026-02-05T21:12:14.059+0000] {ecommerce_etl.py:108} INFO - ✅ Descompactação concluída!
[2026-02-05T21:12:14.068+0000] {ecommerce_etl.py:112} INFO - 🗑️  Arquivo ZIP removido
[2026-02-05T21:12:14.071+0000] {ecommerce_etl.py:129} INFO - 
✅ Dataset pronto! 9 arquivos CSV:
[2026-02-05T21:12:14.073+0000] {ecommerce_etl.py:134} INFO -    📄 olist_customers_dataset.csv                       8.62 MB
[2026-02-05T21:12:14.075+0000] {ecommerce_etl.py:134} INFO -    📄 olist_geolocation_dataset.csv                    58.44 MB
[2026-02-05T21:12:14.077+0000] {ecommerce_etl.py:134} INFO -    📄 olist_order_items_dataset.csv                    14.72 MB
[2026-02-05T21:12:14.079+0000] {ecommerce_etl.py:134} INFO -    📄 olist_order_payments_dataset.csv                  5.51 MB
[2026-02-05T21:12:14.082+0000] {ecommerce_etl.py:134} INFO -    📄 olist_order_reviews_dataset.csv                  13.78 MB
[2026-02-05T21:12:14.084+0000] {ecommerce_etl.py:134} INFO -    📄 olist_orders_dataset.csv                         16.84 MB
[2026-02-05T21:12:14.086+0000] {ecommerce_etl.py:134} INFO -    📄 olist_products_dataset.csv                        2.27 MB
[2026-02-05T21:12:14.088+0000] {ecommerce_etl.py:134} INFO -    📄 olist_sellers_dataset.csv                         0.17 MB
[2026-02-05T21:12:14.089+0000] {ecommerce_etl.py:134} INFO -    📄 product_category_name_translation.csv             0.00 MB
[2026-02-05T21:12:14.090+0000] {ecommerce_etl.py:136} INFO - 
📊 Tamanho total: 120.34 MB
[2026-02-05T21:12:14.090+0000] {ecommerce_etl.py:137} INFO - ======================================================================
[2026-02-05T21:12:14.090+0000] {python.py:201} INFO - Done. Returned value was: {'csv_count': 9, 'total_size_mb': 120.34}
[2026-02-05T21:12:14.116+0000] {taskinstance.py:1138} INFO - Marking task as SUCCESS. dag_id=ecommerce_etl_pipeline, task_id=download_kaggle_dataset, execution_date=20260204T000000, start_date=20260205T211205, end_date=20260205T211214
[2026-02-05T21:12:14.162+0000] {local_task_job_runner.py:234} INFO - Task exited with return code 0
[2026-02-05T21:12:14.183+0000] {taskinstance.py:3280} INFO - 1 downstream tasks scheduled from follow-on schedule check
