[2026-02-07T17:33:34.228+0000] {processor.py:161} INFO - Started process (PID=182) to work on /opt/airflow/dags/data_quality_checks.py
[2026-02-07T17:33:34.231+0000] {processor.py:830} INFO - Processing file /opt/airflow/dags/data_quality_checks.py for tasks to queue
[2026-02-07T17:33:34.234+0000] {logging_mixin.py:188} INFO - [2026-02-07T17:33:34.233+0000] {dagbag.py:538} INFO - Filling up the DagBag from /opt/airflow/dags/data_quality_checks.py
[2026-02-07T17:33:40.636+0000] {logging_mixin.py:188} INFO - [2026-02-07T17:33:40.635+0000] {warnings.py:110} WARNING - /opt/airflow/dags/data_quality_checks.py:50: RemovedInAirflow3Warning: Param `schedule_interval` is deprecated and will be removed in a future release. Please use `schedule` instead. 
  with DAG(
[2026-02-07T17:33:40.661+0000] {processor.py:840} INFO - DAG(s) 'data_quality_checks' retrieved from /opt/airflow/dags/data_quality_checks.py
[2026-02-07T17:33:40.958+0000] {logging_mixin.py:188} INFO - [2026-02-07T17:33:40.957+0000] {dag.py:3036} INFO - Sync 1 DAGs
[2026-02-07T17:33:40.980+0000] {logging_mixin.py:188} INFO - [2026-02-07T17:33:40.979+0000] {dag.py:3823} INFO - Setting next_dagrun for data_quality_checks to 2026-02-07 00:00:00+00:00, run_after=2026-02-08 00:00:00+00:00
[2026-02-07T17:33:41.005+0000] {processor.py:183} INFO - Processing /opt/airflow/dags/data_quality_checks.py took 6.782 seconds
[2026-02-07T17:34:11.822+0000] {processor.py:161} INFO - Started process (PID=283) to work on /opt/airflow/dags/data_quality_checks.py
[2026-02-07T17:34:11.823+0000] {processor.py:830} INFO - Processing file /opt/airflow/dags/data_quality_checks.py for tasks to queue
[2026-02-07T17:34:11.824+0000] {logging_mixin.py:188} INFO - [2026-02-07T17:34:11.824+0000] {dagbag.py:538} INFO - Filling up the DagBag from /opt/airflow/dags/data_quality_checks.py
[2026-02-07T17:34:14.976+0000] {logging_mixin.py:188} INFO - [2026-02-07T17:34:14.976+0000] {warnings.py:110} WARNING - /opt/airflow/dags/data_quality_checks.py:50: RemovedInAirflow3Warning: Param `schedule_interval` is deprecated and will be removed in a future release. Please use `schedule` instead. 
  with DAG(
[2026-02-07T17:34:14.985+0000] {processor.py:840} INFO - DAG(s) 'data_quality_checks' retrieved from /opt/airflow/dags/data_quality_checks.py
[2026-02-07T17:34:15.013+0000] {logging_mixin.py:188} INFO - [2026-02-07T17:34:15.013+0000] {dag.py:3036} INFO - Sync 1 DAGs
[2026-02-07T17:34:15.035+0000] {logging_mixin.py:188} INFO - [2026-02-07T17:34:15.035+0000] {dag.py:3823} INFO - Setting next_dagrun for data_quality_checks to 2026-02-07 00:00:00+00:00, run_after=2026-02-08 00:00:00+00:00
[2026-02-07T17:34:15.063+0000] {processor.py:183} INFO - Processing /opt/airflow/dags/data_quality_checks.py took 3.245 seconds
[2026-02-07T17:34:45.331+0000] {processor.py:161} INFO - Started process (PID=318) to work on /opt/airflow/dags/data_quality_checks.py
[2026-02-07T17:34:45.332+0000] {processor.py:830} INFO - Processing file /opt/airflow/dags/data_quality_checks.py for tasks to queue
[2026-02-07T17:34:45.333+0000] {logging_mixin.py:188} INFO - [2026-02-07T17:34:45.333+0000] {dagbag.py:538} INFO - Filling up the DagBag from /opt/airflow/dags/data_quality_checks.py
[2026-02-07T17:34:49.031+0000] {logging_mixin.py:188} INFO - [2026-02-07T17:34:49.030+0000] {warnings.py:110} WARNING - /opt/airflow/dags/data_quality_checks.py:50: RemovedInAirflow3Warning: Param `schedule_interval` is deprecated and will be removed in a future release. Please use `schedule` instead. 
  with DAG(
[2026-02-07T17:34:49.041+0000] {processor.py:840} INFO - DAG(s) 'data_quality_checks' retrieved from /opt/airflow/dags/data_quality_checks.py
[2026-02-07T17:34:49.078+0000] {logging_mixin.py:188} INFO - [2026-02-07T17:34:49.078+0000] {dag.py:3036} INFO - Sync 1 DAGs
[2026-02-07T17:34:49.116+0000] {logging_mixin.py:188} INFO - [2026-02-07T17:34:49.115+0000] {dag.py:3823} INFO - Setting next_dagrun for data_quality_checks to 2026-02-07 00:00:00+00:00, run_after=2026-02-08 00:00:00+00:00
[2026-02-07T17:34:49.164+0000] {processor.py:183} INFO - Processing /opt/airflow/dags/data_quality_checks.py took 3.836 seconds
[2026-02-07T17:35:19.539+0000] {processor.py:161} INFO - Started process (PID=371) to work on /opt/airflow/dags/data_quality_checks.py
[2026-02-07T17:35:19.541+0000] {processor.py:830} INFO - Processing file /opt/airflow/dags/data_quality_checks.py for tasks to queue
[2026-02-07T17:35:19.542+0000] {logging_mixin.py:188} INFO - [2026-02-07T17:35:19.541+0000] {dagbag.py:538} INFO - Filling up the DagBag from /opt/airflow/dags/data_quality_checks.py
[2026-02-07T17:35:22.122+0000] {logging_mixin.py:188} INFO - [2026-02-07T17:35:22.121+0000] {warnings.py:110} WARNING - /opt/airflow/dags/data_quality_checks.py:50: RemovedInAirflow3Warning: Param `schedule_interval` is deprecated and will be removed in a future release. Please use `schedule` instead. 
  with DAG(
[2026-02-07T17:35:22.126+0000] {processor.py:840} INFO - DAG(s) 'data_quality_checks' retrieved from /opt/airflow/dags/data_quality_checks.py
[2026-02-07T17:35:22.145+0000] {logging_mixin.py:188} INFO - [2026-02-07T17:35:22.145+0000] {dag.py:3036} INFO - Sync 1 DAGs
[2026-02-07T17:35:22.162+0000] {logging_mixin.py:188} INFO - [2026-02-07T17:35:22.162+0000] {dag.py:3823} INFO - Setting next_dagrun for data_quality_checks to 2026-02-07 00:00:00+00:00, run_after=2026-02-08 00:00:00+00:00
[2026-02-07T17:35:22.178+0000] {processor.py:183} INFO - Processing /opt/airflow/dags/data_quality_checks.py took 2.642 seconds
[2026-02-07T17:35:52.901+0000] {processor.py:161} INFO - Started process (PID=406) to work on /opt/airflow/dags/data_quality_checks.py
[2026-02-07T17:35:52.902+0000] {processor.py:830} INFO - Processing file /opt/airflow/dags/data_quality_checks.py for tasks to queue
[2026-02-07T17:35:52.903+0000] {logging_mixin.py:188} INFO - [2026-02-07T17:35:52.902+0000] {dagbag.py:538} INFO - Filling up the DagBag from /opt/airflow/dags/data_quality_checks.py
[2026-02-07T17:35:55.504+0000] {logging_mixin.py:188} INFO - [2026-02-07T17:35:55.504+0000] {warnings.py:110} WARNING - /opt/airflow/dags/data_quality_checks.py:50: RemovedInAirflow3Warning: Param `schedule_interval` is deprecated and will be removed in a future release. Please use `schedule` instead. 
  with DAG(
[2026-02-07T17:35:55.510+0000] {processor.py:840} INFO - DAG(s) 'data_quality_checks' retrieved from /opt/airflow/dags/data_quality_checks.py
[2026-02-07T17:35:55.530+0000] {logging_mixin.py:188} INFO - [2026-02-07T17:35:55.530+0000] {dag.py:3036} INFO - Sync 1 DAGs
[2026-02-07T17:35:55.548+0000] {logging_mixin.py:188} INFO - [2026-02-07T17:35:55.547+0000] {dag.py:3823} INFO - Setting next_dagrun for data_quality_checks to 2026-02-07 00:00:00+00:00, run_after=2026-02-08 00:00:00+00:00
[2026-02-07T17:35:55.563+0000] {processor.py:183} INFO - Processing /opt/airflow/dags/data_quality_checks.py took 2.666 seconds
[2026-02-07T17:36:26.365+0000] {processor.py:161} INFO - Started process (PID=435) to work on /opt/airflow/dags/data_quality_checks.py
[2026-02-07T17:36:26.366+0000] {processor.py:830} INFO - Processing file /opt/airflow/dags/data_quality_checks.py for tasks to queue
[2026-02-07T17:36:26.367+0000] {logging_mixin.py:188} INFO - [2026-02-07T17:36:26.367+0000] {dagbag.py:538} INFO - Filling up the DagBag from /opt/airflow/dags/data_quality_checks.py
[2026-02-07T17:36:29.256+0000] {logging_mixin.py:188} INFO - [2026-02-07T17:36:29.256+0000] {warnings.py:110} WARNING - /opt/airflow/dags/data_quality_checks.py:50: RemovedInAirflow3Warning: Param `schedule_interval` is deprecated and will be removed in a future release. Please use `schedule` instead. 
  with DAG(
[2026-02-07T17:36:29.262+0000] {processor.py:840} INFO - DAG(s) 'data_quality_checks' retrieved from /opt/airflow/dags/data_quality_checks.py
[2026-02-07T17:36:29.283+0000] {logging_mixin.py:188} INFO - [2026-02-07T17:36:29.283+0000] {dag.py:3036} INFO - Sync 1 DAGs
[2026-02-07T17:36:29.310+0000] {logging_mixin.py:188} INFO - [2026-02-07T17:36:29.310+0000] {dag.py:3823} INFO - Setting next_dagrun for data_quality_checks to 2026-02-07 00:00:00+00:00, run_after=2026-02-08 00:00:00+00:00
[2026-02-07T17:36:29.332+0000] {processor.py:183} INFO - Processing /opt/airflow/dags/data_quality_checks.py took 2.970 seconds
[2026-02-07T17:36:59.702+0000] {processor.py:161} INFO - Started process (PID=464) to work on /opt/airflow/dags/data_quality_checks.py
[2026-02-07T17:36:59.703+0000] {processor.py:830} INFO - Processing file /opt/airflow/dags/data_quality_checks.py for tasks to queue
[2026-02-07T17:36:59.704+0000] {logging_mixin.py:188} INFO - [2026-02-07T17:36:59.704+0000] {dagbag.py:538} INFO - Filling up the DagBag from /opt/airflow/dags/data_quality_checks.py
[2026-02-07T17:37:02.190+0000] {logging_mixin.py:188} INFO - [2026-02-07T17:37:02.190+0000] {warnings.py:110} WARNING - /opt/airflow/dags/data_quality_checks.py:50: RemovedInAirflow3Warning: Param `schedule_interval` is deprecated and will be removed in a future release. Please use `schedule` instead. 
  with DAG(
[2026-02-07T17:37:02.195+0000] {processor.py:840} INFO - DAG(s) 'data_quality_checks' retrieved from /opt/airflow/dags/data_quality_checks.py
[2026-02-07T17:37:02.229+0000] {logging_mixin.py:188} INFO - [2026-02-07T17:37:02.229+0000] {dag.py:3036} INFO - Sync 1 DAGs
[2026-02-07T17:37:02.245+0000] {logging_mixin.py:188} INFO - [2026-02-07T17:37:02.245+0000] {dag.py:3823} INFO - Setting next_dagrun for data_quality_checks to 2026-02-07 00:00:00+00:00, run_after=2026-02-08 00:00:00+00:00
[2026-02-07T17:37:02.263+0000] {processor.py:183} INFO - Processing /opt/airflow/dags/data_quality_checks.py took 2.564 seconds
[2026-02-07T17:37:33.025+0000] {processor.py:161} INFO - Started process (PID=493) to work on /opt/airflow/dags/data_quality_checks.py
[2026-02-07T17:37:33.027+0000] {processor.py:830} INFO - Processing file /opt/airflow/dags/data_quality_checks.py for tasks to queue
[2026-02-07T17:37:33.028+0000] {logging_mixin.py:188} INFO - [2026-02-07T17:37:33.028+0000] {dagbag.py:538} INFO - Filling up the DagBag from /opt/airflow/dags/data_quality_checks.py
[2026-02-07T17:37:35.840+0000] {logging_mixin.py:188} INFO - [2026-02-07T17:37:35.839+0000] {warnings.py:110} WARNING - /opt/airflow/dags/data_quality_checks.py:50: RemovedInAirflow3Warning: Param `schedule_interval` is deprecated and will be removed in a future release. Please use `schedule` instead. 
  with DAG(
[2026-02-07T17:37:35.845+0000] {processor.py:840} INFO - DAG(s) 'data_quality_checks' retrieved from /opt/airflow/dags/data_quality_checks.py
[2026-02-07T17:37:35.863+0000] {logging_mixin.py:188} INFO - [2026-02-07T17:37:35.863+0000] {dag.py:3036} INFO - Sync 1 DAGs
[2026-02-07T17:37:35.880+0000] {logging_mixin.py:188} INFO - [2026-02-07T17:37:35.880+0000] {dag.py:3823} INFO - Setting next_dagrun for data_quality_checks to 2026-02-07 00:00:00+00:00, run_after=2026-02-08 00:00:00+00:00
[2026-02-07T17:37:35.898+0000] {processor.py:183} INFO - Processing /opt/airflow/dags/data_quality_checks.py took 2.879 seconds
[2026-02-07T17:38:06.197+0000] {processor.py:161} INFO - Started process (PID=522) to work on /opt/airflow/dags/data_quality_checks.py
[2026-02-07T17:38:06.198+0000] {processor.py:830} INFO - Processing file /opt/airflow/dags/data_quality_checks.py for tasks to queue
[2026-02-07T17:38:06.199+0000] {logging_mixin.py:188} INFO - [2026-02-07T17:38:06.198+0000] {dagbag.py:538} INFO - Filling up the DagBag from /opt/airflow/dags/data_quality_checks.py
[2026-02-07T17:38:09.193+0000] {logging_mixin.py:188} INFO - [2026-02-07T17:38:09.192+0000] {warnings.py:110} WARNING - /opt/airflow/dags/data_quality_checks.py:50: RemovedInAirflow3Warning: Param `schedule_interval` is deprecated and will be removed in a future release. Please use `schedule` instead. 
  with DAG(
[2026-02-07T17:38:09.200+0000] {processor.py:840} INFO - DAG(s) 'data_quality_checks' retrieved from /opt/airflow/dags/data_quality_checks.py
[2026-02-07T17:38:09.225+0000] {logging_mixin.py:188} INFO - [2026-02-07T17:38:09.225+0000] {dag.py:3036} INFO - Sync 1 DAGs
[2026-02-07T17:38:09.246+0000] {logging_mixin.py:188} INFO - [2026-02-07T17:38:09.246+0000] {dag.py:3823} INFO - Setting next_dagrun for data_quality_checks to 2026-02-07 00:00:00+00:00, run_after=2026-02-08 00:00:00+00:00
[2026-02-07T17:38:09.265+0000] {processor.py:183} INFO - Processing /opt/airflow/dags/data_quality_checks.py took 3.072 seconds
[2026-02-07T17:38:39.710+0000] {processor.py:161} INFO - Started process (PID=556) to work on /opt/airflow/dags/data_quality_checks.py
[2026-02-07T17:38:39.712+0000] {processor.py:830} INFO - Processing file /opt/airflow/dags/data_quality_checks.py for tasks to queue
[2026-02-07T17:38:39.713+0000] {logging_mixin.py:188} INFO - [2026-02-07T17:38:39.712+0000] {dagbag.py:538} INFO - Filling up the DagBag from /opt/airflow/dags/data_quality_checks.py
[2026-02-07T17:38:42.260+0000] {logging_mixin.py:188} INFO - [2026-02-07T17:38:42.260+0000] {warnings.py:110} WARNING - /opt/airflow/dags/data_quality_checks.py:50: RemovedInAirflow3Warning: Param `schedule_interval` is deprecated and will be removed in a future release. Please use `schedule` instead. 
  with DAG(
[2026-02-07T17:38:42.266+0000] {processor.py:840} INFO - DAG(s) 'data_quality_checks' retrieved from /opt/airflow/dags/data_quality_checks.py
[2026-02-07T17:38:42.292+0000] {logging_mixin.py:188} INFO - [2026-02-07T17:38:42.292+0000] {dag.py:3036} INFO - Sync 1 DAGs
[2026-02-07T17:38:42.313+0000] {logging_mixin.py:188} INFO - [2026-02-07T17:38:42.312+0000] {dag.py:3823} INFO - Setting next_dagrun for data_quality_checks to 2026-02-07 00:00:00+00:00, run_after=2026-02-08 00:00:00+00:00
[2026-02-07T17:38:42.332+0000] {processor.py:183} INFO - Processing /opt/airflow/dags/data_quality_checks.py took 2.624 seconds
[2026-02-07T17:39:13.052+0000] {processor.py:161} INFO - Started process (PID=600) to work on /opt/airflow/dags/data_quality_checks.py
[2026-02-07T17:39:13.053+0000] {processor.py:830} INFO - Processing file /opt/airflow/dags/data_quality_checks.py for tasks to queue
[2026-02-07T17:39:13.055+0000] {logging_mixin.py:188} INFO - [2026-02-07T17:39:13.054+0000] {dagbag.py:538} INFO - Filling up the DagBag from /opt/airflow/dags/data_quality_checks.py
[2026-02-07T17:39:15.856+0000] {logging_mixin.py:188} INFO - [2026-02-07T17:39:15.856+0000] {warnings.py:110} WARNING - /opt/airflow/dags/data_quality_checks.py:50: RemovedInAirflow3Warning: Param `schedule_interval` is deprecated and will be removed in a future release. Please use `schedule` instead. 
  with DAG(
[2026-02-07T17:39:15.862+0000] {processor.py:840} INFO - DAG(s) 'data_quality_checks' retrieved from /opt/airflow/dags/data_quality_checks.py
[2026-02-07T17:39:15.882+0000] {logging_mixin.py:188} INFO - [2026-02-07T17:39:15.882+0000] {dag.py:3036} INFO - Sync 1 DAGs
[2026-02-07T17:39:15.901+0000] {logging_mixin.py:188} INFO - [2026-02-07T17:39:15.901+0000] {dag.py:3823} INFO - Setting next_dagrun for data_quality_checks to 2026-02-07 00:00:00+00:00, run_after=2026-02-08 00:00:00+00:00
[2026-02-07T17:39:15.920+0000] {processor.py:183} INFO - Processing /opt/airflow/dags/data_quality_checks.py took 2.875 seconds
[2026-02-07T17:39:46.187+0000] {processor.py:161} INFO - Started process (PID=629) to work on /opt/airflow/dags/data_quality_checks.py
[2026-02-07T17:39:46.188+0000] {processor.py:830} INFO - Processing file /opt/airflow/dags/data_quality_checks.py for tasks to queue
[2026-02-07T17:39:46.189+0000] {logging_mixin.py:188} INFO - [2026-02-07T17:39:46.188+0000] {dagbag.py:538} INFO - Filling up the DagBag from /opt/airflow/dags/data_quality_checks.py
[2026-02-07T17:39:49.118+0000] {logging_mixin.py:188} INFO - [2026-02-07T17:39:49.118+0000] {warnings.py:110} WARNING - /opt/airflow/dags/data_quality_checks.py:50: RemovedInAirflow3Warning: Param `schedule_interval` is deprecated and will be removed in a future release. Please use `schedule` instead. 
  with DAG(
[2026-02-07T17:39:49.125+0000] {processor.py:840} INFO - DAG(s) 'data_quality_checks' retrieved from /opt/airflow/dags/data_quality_checks.py
[2026-02-07T17:39:49.147+0000] {logging_mixin.py:188} INFO - [2026-02-07T17:39:49.147+0000] {dag.py:3036} INFO - Sync 1 DAGs
[2026-02-07T17:39:49.164+0000] {logging_mixin.py:188} INFO - [2026-02-07T17:39:49.164+0000] {dag.py:3823} INFO - Setting next_dagrun for data_quality_checks to 2026-02-07 00:00:00+00:00, run_after=2026-02-08 00:00:00+00:00
[2026-02-07T17:39:49.179+0000] {processor.py:183} INFO - Processing /opt/airflow/dags/data_quality_checks.py took 2.997 seconds
[2026-02-07T17:40:19.451+0000] {processor.py:161} INFO - Started process (PID=658) to work on /opt/airflow/dags/data_quality_checks.py
[2026-02-07T17:40:19.453+0000] {processor.py:830} INFO - Processing file /opt/airflow/dags/data_quality_checks.py for tasks to queue
[2026-02-07T17:40:19.454+0000] {logging_mixin.py:188} INFO - [2026-02-07T17:40:19.453+0000] {dagbag.py:538} INFO - Filling up the DagBag from /opt/airflow/dags/data_quality_checks.py
[2026-02-07T17:40:22.242+0000] {logging_mixin.py:188} INFO - [2026-02-07T17:40:22.242+0000] {warnings.py:110} WARNING - /opt/airflow/dags/data_quality_checks.py:50: RemovedInAirflow3Warning: Param `schedule_interval` is deprecated and will be removed in a future release. Please use `schedule` instead. 
  with DAG(
[2026-02-07T17:40:22.248+0000] {processor.py:840} INFO - DAG(s) 'data_quality_checks' retrieved from /opt/airflow/dags/data_quality_checks.py
[2026-02-07T17:40:22.268+0000] {logging_mixin.py:188} INFO - [2026-02-07T17:40:22.267+0000] {dag.py:3036} INFO - Sync 1 DAGs
[2026-02-07T17:40:22.286+0000] {logging_mixin.py:188} INFO - [2026-02-07T17:40:22.286+0000] {dag.py:3823} INFO - Setting next_dagrun for data_quality_checks to 2026-02-07 00:00:00+00:00, run_after=2026-02-08 00:00:00+00:00
[2026-02-07T17:40:22.302+0000] {processor.py:183} INFO - Processing /opt/airflow/dags/data_quality_checks.py took 2.854 seconds
[2026-02-07T17:40:52.778+0000] {processor.py:161} INFO - Started process (PID=693) to work on /opt/airflow/dags/data_quality_checks.py
[2026-02-07T17:40:52.779+0000] {processor.py:830} INFO - Processing file /opt/airflow/dags/data_quality_checks.py for tasks to queue
[2026-02-07T17:40:52.780+0000] {logging_mixin.py:188} INFO - [2026-02-07T17:40:52.780+0000] {dagbag.py:538} INFO - Filling up the DagBag from /opt/airflow/dags/data_quality_checks.py
[2026-02-07T17:40:55.541+0000] {logging_mixin.py:188} INFO - [2026-02-07T17:40:55.541+0000] {warnings.py:110} WARNING - /opt/airflow/dags/data_quality_checks.py:50: RemovedInAirflow3Warning: Param `schedule_interval` is deprecated and will be removed in a future release. Please use `schedule` instead. 
  with DAG(
[2026-02-07T17:40:55.547+0000] {processor.py:840} INFO - DAG(s) 'data_quality_checks' retrieved from /opt/airflow/dags/data_quality_checks.py
[2026-02-07T17:40:55.566+0000] {logging_mixin.py:188} INFO - [2026-02-07T17:40:55.566+0000] {dag.py:3036} INFO - Sync 1 DAGs
[2026-02-07T17:40:55.582+0000] {logging_mixin.py:188} INFO - [2026-02-07T17:40:55.581+0000] {dag.py:3823} INFO - Setting next_dagrun for data_quality_checks to 2026-02-07 00:00:00+00:00, run_after=2026-02-08 00:00:00+00:00
[2026-02-07T17:40:55.597+0000] {processor.py:183} INFO - Processing /opt/airflow/dags/data_quality_checks.py took 2.822 seconds
[2026-02-07T17:41:26.150+0000] {processor.py:161} INFO - Started process (PID=722) to work on /opt/airflow/dags/data_quality_checks.py
[2026-02-07T17:41:26.151+0000] {processor.py:830} INFO - Processing file /opt/airflow/dags/data_quality_checks.py for tasks to queue
[2026-02-07T17:41:26.151+0000] {logging_mixin.py:188} INFO - [2026-02-07T17:41:26.151+0000] {dagbag.py:538} INFO - Filling up the DagBag from /opt/airflow/dags/data_quality_checks.py
[2026-02-07T17:41:28.582+0000] {logging_mixin.py:188} INFO - [2026-02-07T17:41:28.582+0000] {warnings.py:110} WARNING - /opt/airflow/dags/data_quality_checks.py:50: RemovedInAirflow3Warning: Param `schedule_interval` is deprecated and will be removed in a future release. Please use `schedule` instead. 
  with DAG(
[2026-02-07T17:41:28.587+0000] {processor.py:840} INFO - DAG(s) 'data_quality_checks' retrieved from /opt/airflow/dags/data_quality_checks.py
[2026-02-07T17:41:28.608+0000] {logging_mixin.py:188} INFO - [2026-02-07T17:41:28.607+0000] {dag.py:3036} INFO - Sync 1 DAGs
[2026-02-07T17:41:28.624+0000] {logging_mixin.py:188} INFO - [2026-02-07T17:41:28.624+0000] {dag.py:3823} INFO - Setting next_dagrun for data_quality_checks to 2026-02-07 00:00:00+00:00, run_after=2026-02-08 00:00:00+00:00
[2026-02-07T17:41:28.640+0000] {processor.py:183} INFO - Processing /opt/airflow/dags/data_quality_checks.py took 2.494 seconds
[2026-02-07T17:41:59.584+0000] {processor.py:161} INFO - Started process (PID=751) to work on /opt/airflow/dags/data_quality_checks.py
[2026-02-07T17:41:59.585+0000] {processor.py:830} INFO - Processing file /opt/airflow/dags/data_quality_checks.py for tasks to queue
[2026-02-07T17:41:59.586+0000] {logging_mixin.py:188} INFO - [2026-02-07T17:41:59.586+0000] {dagbag.py:538} INFO - Filling up the DagBag from /opt/airflow/dags/data_quality_checks.py
[2026-02-07T17:42:02.013+0000] {logging_mixin.py:188} INFO - [2026-02-07T17:42:02.013+0000] {warnings.py:110} WARNING - /opt/airflow/dags/data_quality_checks.py:50: RemovedInAirflow3Warning: Param `schedule_interval` is deprecated and will be removed in a future release. Please use `schedule` instead. 
  with DAG(
[2026-02-07T17:42:02.019+0000] {processor.py:840} INFO - DAG(s) 'data_quality_checks' retrieved from /opt/airflow/dags/data_quality_checks.py
[2026-02-07T17:42:02.039+0000] {logging_mixin.py:188} INFO - [2026-02-07T17:42:02.039+0000] {dag.py:3036} INFO - Sync 1 DAGs
[2026-02-07T17:42:02.055+0000] {logging_mixin.py:188} INFO - [2026-02-07T17:42:02.055+0000] {dag.py:3823} INFO - Setting next_dagrun for data_quality_checks to 2026-02-07 00:00:00+00:00, run_after=2026-02-08 00:00:00+00:00
[2026-02-07T17:42:02.070+0000] {processor.py:183} INFO - Processing /opt/airflow/dags/data_quality_checks.py took 2.489 seconds
[2026-02-07T17:42:32.915+0000] {processor.py:161} INFO - Started process (PID=780) to work on /opt/airflow/dags/data_quality_checks.py
[2026-02-07T17:42:32.916+0000] {processor.py:830} INFO - Processing file /opt/airflow/dags/data_quality_checks.py for tasks to queue
[2026-02-07T17:42:32.917+0000] {logging_mixin.py:188} INFO - [2026-02-07T17:42:32.917+0000] {dagbag.py:538} INFO - Filling up the DagBag from /opt/airflow/dags/data_quality_checks.py
[2026-02-07T17:42:35.585+0000] {logging_mixin.py:188} INFO - [2026-02-07T17:42:35.585+0000] {warnings.py:110} WARNING - /opt/airflow/dags/data_quality_checks.py:50: RemovedInAirflow3Warning: Param `schedule_interval` is deprecated and will be removed in a future release. Please use `schedule` instead. 
  with DAG(
[2026-02-07T17:42:35.591+0000] {processor.py:840} INFO - DAG(s) 'data_quality_checks' retrieved from /opt/airflow/dags/data_quality_checks.py
[2026-02-07T17:42:35.612+0000] {logging_mixin.py:188} INFO - [2026-02-07T17:42:35.611+0000] {dag.py:3036} INFO - Sync 1 DAGs
[2026-02-07T17:42:35.630+0000] {logging_mixin.py:188} INFO - [2026-02-07T17:42:35.629+0000] {dag.py:3823} INFO - Setting next_dagrun for data_quality_checks to 2026-02-07 00:00:00+00:00, run_after=2026-02-08 00:00:00+00:00
[2026-02-07T17:42:35.647+0000] {processor.py:183} INFO - Processing /opt/airflow/dags/data_quality_checks.py took 2.735 seconds
[2026-02-07T17:43:06.296+0000] {processor.py:161} INFO - Started process (PID=809) to work on /opt/airflow/dags/data_quality_checks.py
[2026-02-07T17:43:06.297+0000] {processor.py:830} INFO - Processing file /opt/airflow/dags/data_quality_checks.py for tasks to queue
[2026-02-07T17:43:06.298+0000] {logging_mixin.py:188} INFO - [2026-02-07T17:43:06.298+0000] {dagbag.py:538} INFO - Filling up the DagBag from /opt/airflow/dags/data_quality_checks.py
[2026-02-07T17:43:08.740+0000] {logging_mixin.py:188} INFO - [2026-02-07T17:43:08.740+0000] {warnings.py:110} WARNING - /opt/airflow/dags/data_quality_checks.py:50: RemovedInAirflow3Warning: Param `schedule_interval` is deprecated and will be removed in a future release. Please use `schedule` instead. 
  with DAG(
[2026-02-07T17:43:08.746+0000] {processor.py:840} INFO - DAG(s) 'data_quality_checks' retrieved from /opt/airflow/dags/data_quality_checks.py
[2026-02-07T17:43:08.766+0000] {logging_mixin.py:188} INFO - [2026-02-07T17:43:08.766+0000] {dag.py:3036} INFO - Sync 1 DAGs
[2026-02-07T17:43:08.782+0000] {logging_mixin.py:188} INFO - [2026-02-07T17:43:08.782+0000] {dag.py:3823} INFO - Setting next_dagrun for data_quality_checks to 2026-02-07 00:00:00+00:00, run_after=2026-02-08 00:00:00+00:00
[2026-02-07T17:43:08.798+0000] {processor.py:183} INFO - Processing /opt/airflow/dags/data_quality_checks.py took 2.505 seconds
[2026-02-07T17:43:39.710+0000] {processor.py:161} INFO - Started process (PID=838) to work on /opt/airflow/dags/data_quality_checks.py
[2026-02-07T17:43:39.712+0000] {processor.py:830} INFO - Processing file /opt/airflow/dags/data_quality_checks.py for tasks to queue
[2026-02-07T17:43:39.713+0000] {logging_mixin.py:188} INFO - [2026-02-07T17:43:39.712+0000] {dagbag.py:538} INFO - Filling up the DagBag from /opt/airflow/dags/data_quality_checks.py
[2026-02-07T17:43:42.170+0000] {logging_mixin.py:188} INFO - [2026-02-07T17:43:42.170+0000] {warnings.py:110} WARNING - /opt/airflow/dags/data_quality_checks.py:50: RemovedInAirflow3Warning: Param `schedule_interval` is deprecated and will be removed in a future release. Please use `schedule` instead. 
  with DAG(
[2026-02-07T17:43:42.176+0000] {processor.py:840} INFO - DAG(s) 'data_quality_checks' retrieved from /opt/airflow/dags/data_quality_checks.py
[2026-02-07T17:43:42.196+0000] {logging_mixin.py:188} INFO - [2026-02-07T17:43:42.196+0000] {dag.py:3036} INFO - Sync 1 DAGs
[2026-02-07T17:43:42.212+0000] {logging_mixin.py:188} INFO - [2026-02-07T17:43:42.212+0000] {dag.py:3823} INFO - Setting next_dagrun for data_quality_checks to 2026-02-07 00:00:00+00:00, run_after=2026-02-08 00:00:00+00:00
[2026-02-07T17:43:42.228+0000] {processor.py:183} INFO - Processing /opt/airflow/dags/data_quality_checks.py took 2.521 seconds
[2026-02-07T17:44:13.113+0000] {processor.py:161} INFO - Started process (PID=872) to work on /opt/airflow/dags/data_quality_checks.py
[2026-02-07T17:44:13.114+0000] {processor.py:830} INFO - Processing file /opt/airflow/dags/data_quality_checks.py for tasks to queue
[2026-02-07T17:44:13.114+0000] {logging_mixin.py:188} INFO - [2026-02-07T17:44:13.114+0000] {dagbag.py:538} INFO - Filling up the DagBag from /opt/airflow/dags/data_quality_checks.py
[2026-02-07T17:44:15.700+0000] {logging_mixin.py:188} INFO - [2026-02-07T17:44:15.700+0000] {warnings.py:110} WARNING - /opt/airflow/dags/data_quality_checks.py:50: RemovedInAirflow3Warning: Param `schedule_interval` is deprecated and will be removed in a future release. Please use `schedule` instead. 
  with DAG(
[2026-02-07T17:44:15.705+0000] {processor.py:840} INFO - DAG(s) 'data_quality_checks' retrieved from /opt/airflow/dags/data_quality_checks.py
[2026-02-07T17:44:15.725+0000] {logging_mixin.py:188} INFO - [2026-02-07T17:44:15.725+0000] {dag.py:3036} INFO - Sync 1 DAGs
[2026-02-07T17:44:15.742+0000] {logging_mixin.py:188} INFO - [2026-02-07T17:44:15.742+0000] {dag.py:3823} INFO - Setting next_dagrun for data_quality_checks to 2026-02-07 00:00:00+00:00, run_after=2026-02-08 00:00:00+00:00
[2026-02-07T17:44:15.757+0000] {processor.py:183} INFO - Processing /opt/airflow/dags/data_quality_checks.py took 2.649 seconds
[2026-02-07T17:44:46.508+0000] {processor.py:161} INFO - Started process (PID=901) to work on /opt/airflow/dags/data_quality_checks.py
[2026-02-07T17:44:46.509+0000] {processor.py:830} INFO - Processing file /opt/airflow/dags/data_quality_checks.py for tasks to queue
[2026-02-07T17:44:46.509+0000] {logging_mixin.py:188} INFO - [2026-02-07T17:44:46.509+0000] {dagbag.py:538} INFO - Filling up the DagBag from /opt/airflow/dags/data_quality_checks.py
[2026-02-07T17:44:49.049+0000] {logging_mixin.py:188} INFO - [2026-02-07T17:44:49.048+0000] {warnings.py:110} WARNING - /opt/airflow/dags/data_quality_checks.py:50: RemovedInAirflow3Warning: Param `schedule_interval` is deprecated and will be removed in a future release. Please use `schedule` instead. 
  with DAG(
[2026-02-07T17:44:49.054+0000] {processor.py:840} INFO - DAG(s) 'data_quality_checks' retrieved from /opt/airflow/dags/data_quality_checks.py
[2026-02-07T17:44:49.078+0000] {logging_mixin.py:188} INFO - [2026-02-07T17:44:49.077+0000] {dag.py:3036} INFO - Sync 1 DAGs
[2026-02-07T17:44:49.098+0000] {logging_mixin.py:188} INFO - [2026-02-07T17:44:49.098+0000] {dag.py:3823} INFO - Setting next_dagrun for data_quality_checks to 2026-02-07 00:00:00+00:00, run_after=2026-02-08 00:00:00+00:00
[2026-02-07T17:44:49.115+0000] {processor.py:183} INFO - Processing /opt/airflow/dags/data_quality_checks.py took 2.611 seconds
[2026-02-07T17:45:19.916+0000] {processor.py:161} INFO - Started process (PID=931) to work on /opt/airflow/dags/data_quality_checks.py
[2026-02-07T17:45:19.917+0000] {processor.py:830} INFO - Processing file /opt/airflow/dags/data_quality_checks.py for tasks to queue
[2026-02-07T17:45:19.918+0000] {logging_mixin.py:188} INFO - [2026-02-07T17:45:19.917+0000] {dagbag.py:538} INFO - Filling up the DagBag from /opt/airflow/dags/data_quality_checks.py
[2026-02-07T17:45:22.440+0000] {logging_mixin.py:188} INFO - [2026-02-07T17:45:22.440+0000] {warnings.py:110} WARNING - /opt/airflow/dags/data_quality_checks.py:50: RemovedInAirflow3Warning: Param `schedule_interval` is deprecated and will be removed in a future release. Please use `schedule` instead. 
  with DAG(
[2026-02-07T17:45:22.445+0000] {processor.py:840} INFO - DAG(s) 'data_quality_checks' retrieved from /opt/airflow/dags/data_quality_checks.py
[2026-02-07T17:45:22.466+0000] {logging_mixin.py:188} INFO - [2026-02-07T17:45:22.466+0000] {dag.py:3036} INFO - Sync 1 DAGs
[2026-02-07T17:45:22.485+0000] {logging_mixin.py:188} INFO - [2026-02-07T17:45:22.485+0000] {dag.py:3823} INFO - Setting next_dagrun for data_quality_checks to 2026-02-07 00:00:00+00:00, run_after=2026-02-08 00:00:00+00:00
[2026-02-07T17:45:22.503+0000] {processor.py:183} INFO - Processing /opt/airflow/dags/data_quality_checks.py took 2.591 seconds
[2026-02-07T17:45:53.339+0000] {processor.py:161} INFO - Started process (PID=966) to work on /opt/airflow/dags/data_quality_checks.py
[2026-02-07T17:45:53.340+0000] {processor.py:830} INFO - Processing file /opt/airflow/dags/data_quality_checks.py for tasks to queue
[2026-02-07T17:45:53.341+0000] {logging_mixin.py:188} INFO - [2026-02-07T17:45:53.341+0000] {dagbag.py:538} INFO - Filling up the DagBag from /opt/airflow/dags/data_quality_checks.py
[2026-02-07T17:45:56.157+0000] {logging_mixin.py:188} INFO - [2026-02-07T17:45:56.157+0000] {warnings.py:110} WARNING - /opt/airflow/dags/data_quality_checks.py:50: RemovedInAirflow3Warning: Param `schedule_interval` is deprecated and will be removed in a future release. Please use `schedule` instead. 
  with DAG(
[2026-02-07T17:45:56.162+0000] {processor.py:840} INFO - DAG(s) 'data_quality_checks' retrieved from /opt/airflow/dags/data_quality_checks.py
[2026-02-07T17:45:56.182+0000] {logging_mixin.py:188} INFO - [2026-02-07T17:45:56.182+0000] {dag.py:3036} INFO - Sync 1 DAGs
[2026-02-07T17:45:56.199+0000] {logging_mixin.py:188} INFO - [2026-02-07T17:45:56.198+0000] {dag.py:3823} INFO - Setting next_dagrun for data_quality_checks to 2026-02-07 00:00:00+00:00, run_after=2026-02-08 00:00:00+00:00
[2026-02-07T17:45:56.214+0000] {processor.py:183} INFO - Processing /opt/airflow/dags/data_quality_checks.py took 2.886 seconds
[2026-02-07T17:46:26.529+0000] {processor.py:161} INFO - Started process (PID=995) to work on /opt/airflow/dags/data_quality_checks.py
[2026-02-07T17:46:26.530+0000] {processor.py:830} INFO - Processing file /opt/airflow/dags/data_quality_checks.py for tasks to queue
[2026-02-07T17:46:26.532+0000] {logging_mixin.py:188} INFO - [2026-02-07T17:46:26.532+0000] {dagbag.py:538} INFO - Filling up the DagBag from /opt/airflow/dags/data_quality_checks.py
[2026-02-07T17:46:29.454+0000] {logging_mixin.py:188} INFO - [2026-02-07T17:46:29.454+0000] {warnings.py:110} WARNING - /opt/airflow/dags/data_quality_checks.py:50: RemovedInAirflow3Warning: Param `schedule_interval` is deprecated and will be removed in a future release. Please use `schedule` instead. 
  with DAG(
[2026-02-07T17:46:29.460+0000] {processor.py:840} INFO - DAG(s) 'data_quality_checks' retrieved from /opt/airflow/dags/data_quality_checks.py
[2026-02-07T17:46:29.491+0000] {logging_mixin.py:188} INFO - [2026-02-07T17:46:29.491+0000] {dag.py:3036} INFO - Sync 1 DAGs
[2026-02-07T17:46:29.526+0000] {logging_mixin.py:188} INFO - [2026-02-07T17:46:29.525+0000] {dag.py:3823} INFO - Setting next_dagrun for data_quality_checks to 2026-02-07 00:00:00+00:00, run_after=2026-02-08 00:00:00+00:00
[2026-02-07T17:46:29.558+0000] {processor.py:183} INFO - Processing /opt/airflow/dags/data_quality_checks.py took 3.033 seconds
[2026-02-07T17:46:59.825+0000] {processor.py:161} INFO - Started process (PID=1024) to work on /opt/airflow/dags/data_quality_checks.py
[2026-02-07T17:46:59.826+0000] {processor.py:830} INFO - Processing file /opt/airflow/dags/data_quality_checks.py for tasks to queue
[2026-02-07T17:46:59.828+0000] {logging_mixin.py:188} INFO - [2026-02-07T17:46:59.827+0000] {dagbag.py:538} INFO - Filling up the DagBag from /opt/airflow/dags/data_quality_checks.py
[2026-02-07T17:47:02.410+0000] {logging_mixin.py:188} INFO - [2026-02-07T17:47:02.410+0000] {warnings.py:110} WARNING - /opt/airflow/dags/data_quality_checks.py:50: RemovedInAirflow3Warning: Param `schedule_interval` is deprecated and will be removed in a future release. Please use `schedule` instead. 
  with DAG(
[2026-02-07T17:47:02.416+0000] {processor.py:840} INFO - DAG(s) 'data_quality_checks' retrieved from /opt/airflow/dags/data_quality_checks.py
[2026-02-07T17:47:02.438+0000] {logging_mixin.py:188} INFO - [2026-02-07T17:47:02.437+0000] {dag.py:3036} INFO - Sync 1 DAGs
[2026-02-07T17:47:02.455+0000] {logging_mixin.py:188} INFO - [2026-02-07T17:47:02.455+0000] {dag.py:3823} INFO - Setting next_dagrun for data_quality_checks to 2026-02-07 00:00:00+00:00, run_after=2026-02-08 00:00:00+00:00
[2026-02-07T17:47:02.470+0000] {processor.py:183} INFO - Processing /opt/airflow/dags/data_quality_checks.py took 2.650 seconds
[2026-02-07T17:47:33.116+0000] {processor.py:161} INFO - Started process (PID=1053) to work on /opt/airflow/dags/data_quality_checks.py
[2026-02-07T17:47:33.117+0000] {processor.py:830} INFO - Processing file /opt/airflow/dags/data_quality_checks.py for tasks to queue
[2026-02-07T17:47:33.119+0000] {logging_mixin.py:188} INFO - [2026-02-07T17:47:33.118+0000] {dagbag.py:538} INFO - Filling up the DagBag from /opt/airflow/dags/data_quality_checks.py
[2026-02-07T17:47:36.022+0000] {logging_mixin.py:188} INFO - [2026-02-07T17:47:36.022+0000] {warnings.py:110} WARNING - /opt/airflow/dags/data_quality_checks.py:50: RemovedInAirflow3Warning: Param `schedule_interval` is deprecated and will be removed in a future release. Please use `schedule` instead. 
  with DAG(
[2026-02-07T17:47:36.028+0000] {processor.py:840} INFO - DAG(s) 'data_quality_checks' retrieved from /opt/airflow/dags/data_quality_checks.py
[2026-02-07T17:47:36.049+0000] {logging_mixin.py:188} INFO - [2026-02-07T17:47:36.048+0000] {dag.py:3036} INFO - Sync 1 DAGs
[2026-02-07T17:47:36.067+0000] {logging_mixin.py:188} INFO - [2026-02-07T17:47:36.067+0000] {dag.py:3823} INFO - Setting next_dagrun for data_quality_checks to 2026-02-07 00:00:00+00:00, run_after=2026-02-08 00:00:00+00:00
[2026-02-07T17:47:36.082+0000] {processor.py:183} INFO - Processing /opt/airflow/dags/data_quality_checks.py took 2.970 seconds
[2026-02-07T17:48:06.460+0000] {processor.py:161} INFO - Started process (PID=1082) to work on /opt/airflow/dags/data_quality_checks.py
[2026-02-07T17:48:06.461+0000] {processor.py:830} INFO - Processing file /opt/airflow/dags/data_quality_checks.py for tasks to queue
[2026-02-07T17:48:06.462+0000] {logging_mixin.py:188} INFO - [2026-02-07T17:48:06.462+0000] {dagbag.py:538} INFO - Filling up the DagBag from /opt/airflow/dags/data_quality_checks.py
[2026-02-07T17:48:09.007+0000] {logging_mixin.py:188} INFO - [2026-02-07T17:48:09.007+0000] {warnings.py:110} WARNING - /opt/airflow/dags/data_quality_checks.py:50: RemovedInAirflow3Warning: Param `schedule_interval` is deprecated and will be removed in a future release. Please use `schedule` instead. 
  with DAG(
[2026-02-07T17:48:09.013+0000] {processor.py:840} INFO - DAG(s) 'data_quality_checks' retrieved from /opt/airflow/dags/data_quality_checks.py
[2026-02-07T17:48:09.033+0000] {logging_mixin.py:188} INFO - [2026-02-07T17:48:09.033+0000] {dag.py:3036} INFO - Sync 1 DAGs
[2026-02-07T17:48:09.050+0000] {logging_mixin.py:188} INFO - [2026-02-07T17:48:09.050+0000] {dag.py:3823} INFO - Setting next_dagrun for data_quality_checks to 2026-02-07 00:00:00+00:00, run_after=2026-02-08 00:00:00+00:00
[2026-02-07T17:48:09.066+0000] {processor.py:183} INFO - Processing /opt/airflow/dags/data_quality_checks.py took 2.609 seconds
[2026-02-07T17:48:39.761+0000] {processor.py:161} INFO - Started process (PID=1111) to work on /opt/airflow/dags/data_quality_checks.py
[2026-02-07T17:48:39.762+0000] {processor.py:830} INFO - Processing file /opt/airflow/dags/data_quality_checks.py for tasks to queue
[2026-02-07T17:48:39.763+0000] {logging_mixin.py:188} INFO - [2026-02-07T17:48:39.763+0000] {dagbag.py:538} INFO - Filling up the DagBag from /opt/airflow/dags/data_quality_checks.py
[2026-02-07T17:48:42.248+0000] {logging_mixin.py:188} INFO - [2026-02-07T17:48:42.248+0000] {warnings.py:110} WARNING - /opt/airflow/dags/data_quality_checks.py:50: RemovedInAirflow3Warning: Param `schedule_interval` is deprecated and will be removed in a future release. Please use `schedule` instead. 
  with DAG(
[2026-02-07T17:48:42.254+0000] {processor.py:840} INFO - DAG(s) 'data_quality_checks' retrieved from /opt/airflow/dags/data_quality_checks.py
[2026-02-07T17:48:42.276+0000] {logging_mixin.py:188} INFO - [2026-02-07T17:48:42.276+0000] {dag.py:3036} INFO - Sync 1 DAGs
[2026-02-07T17:48:42.294+0000] {logging_mixin.py:188} INFO - [2026-02-07T17:48:42.294+0000] {dag.py:3823} INFO - Setting next_dagrun for data_quality_checks to 2026-02-07 00:00:00+00:00, run_after=2026-02-08 00:00:00+00:00
[2026-02-07T17:48:42.310+0000] {processor.py:183} INFO - Processing /opt/airflow/dags/data_quality_checks.py took 2.552 seconds
[2026-02-07T17:49:13.033+0000] {processor.py:161} INFO - Started process (PID=1140) to work on /opt/airflow/dags/data_quality_checks.py
[2026-02-07T17:49:13.034+0000] {processor.py:830} INFO - Processing file /opt/airflow/dags/data_quality_checks.py for tasks to queue
[2026-02-07T17:49:13.035+0000] {logging_mixin.py:188} INFO - [2026-02-07T17:49:13.035+0000] {dagbag.py:538} INFO - Filling up the DagBag from /opt/airflow/dags/data_quality_checks.py
[2026-02-07T17:49:15.595+0000] {logging_mixin.py:188} INFO - [2026-02-07T17:49:15.595+0000] {warnings.py:110} WARNING - /opt/airflow/dags/data_quality_checks.py:50: RemovedInAirflow3Warning: Param `schedule_interval` is deprecated and will be removed in a future release. Please use `schedule` instead. 
  with DAG(
[2026-02-07T17:49:15.601+0000] {processor.py:840} INFO - DAG(s) 'data_quality_checks' retrieved from /opt/airflow/dags/data_quality_checks.py
[2026-02-07T17:49:15.621+0000] {logging_mixin.py:188} INFO - [2026-02-07T17:49:15.621+0000] {dag.py:3036} INFO - Sync 1 DAGs
[2026-02-07T17:49:15.638+0000] {logging_mixin.py:188} INFO - [2026-02-07T17:49:15.637+0000] {dag.py:3823} INFO - Setting next_dagrun for data_quality_checks to 2026-02-07 00:00:00+00:00, run_after=2026-02-08 00:00:00+00:00
[2026-02-07T17:49:15.653+0000] {processor.py:183} INFO - Processing /opt/airflow/dags/data_quality_checks.py took 2.626 seconds
[2026-02-07T17:49:46.411+0000] {processor.py:161} INFO - Started process (PID=1174) to work on /opt/airflow/dags/data_quality_checks.py
[2026-02-07T17:49:46.412+0000] {processor.py:830} INFO - Processing file /opt/airflow/dags/data_quality_checks.py for tasks to queue
[2026-02-07T17:49:46.413+0000] {logging_mixin.py:188} INFO - [2026-02-07T17:49:46.413+0000] {dagbag.py:538} INFO - Filling up the DagBag from /opt/airflow/dags/data_quality_checks.py
[2026-02-07T17:49:48.923+0000] {logging_mixin.py:188} INFO - [2026-02-07T17:49:48.922+0000] {warnings.py:110} WARNING - /opt/airflow/dags/data_quality_checks.py:50: RemovedInAirflow3Warning: Param `schedule_interval` is deprecated and will be removed in a future release. Please use `schedule` instead. 
  with DAG(
[2026-02-07T17:49:48.930+0000] {processor.py:840} INFO - DAG(s) 'data_quality_checks' retrieved from /opt/airflow/dags/data_quality_checks.py
[2026-02-07T17:49:48.952+0000] {logging_mixin.py:188} INFO - [2026-02-07T17:49:48.952+0000] {dag.py:3036} INFO - Sync 1 DAGs
[2026-02-07T17:49:48.971+0000] {logging_mixin.py:188} INFO - [2026-02-07T17:49:48.970+0000] {dag.py:3823} INFO - Setting next_dagrun for data_quality_checks to 2026-02-07 00:00:00+00:00, run_after=2026-02-08 00:00:00+00:00
[2026-02-07T17:49:48.990+0000] {processor.py:183} INFO - Processing /opt/airflow/dags/data_quality_checks.py took 2.582 seconds
