[2026-02-06T21:45:37.975+0000] {taskinstance.py:1956} INFO - Dependencies all met for dep_context=non-requeueable deps ti=<TaskInstance: ecommerce_etl_pipeline.load_to_bronze_layer scheduled__2026-02-05T00:00:00+00:00 [queued]>
[2026-02-06T21:45:37.989+0000] {taskinstance.py:1956} INFO - Dependencies all met for dep_context=requeueable deps ti=<TaskInstance: ecommerce_etl_pipeline.load_to_bronze_layer scheduled__2026-02-05T00:00:00+00:00 [queued]>
[2026-02-06T21:45:37.990+0000] {taskinstance.py:2170} INFO - Starting attempt 1 of 3
[2026-02-06T21:45:38.006+0000] {taskinstance.py:2191} INFO - Executing <Task(PythonOperator): load_to_bronze_layer> on 2026-02-05 00:00:00+00:00
[2026-02-06T21:45:38.017+0000] {standard_task_runner.py:60} INFO - Started process 287 to run task
[2026-02-06T21:45:38.021+0000] {standard_task_runner.py:87} INFO - Running: ['***', 'tasks', 'run', 'ecommerce_etl_pipeline', 'load_to_bronze_layer', 'scheduled__2026-02-05T00:00:00+00:00', '--job-id', '14', '--raw', '--subdir', 'DAGS_FOLDER/ecommerce_etl.py', '--cfg-path', '/tmp/tmpmi7m8fb2']
[2026-02-06T21:45:38.026+0000] {standard_task_runner.py:88} INFO - Job 14: Subtask load_to_bronze_layer
[2026-02-06T21:45:38.129+0000] {task_command.py:423} INFO - Running <TaskInstance: ecommerce_etl_pipeline.load_to_bronze_layer scheduled__2026-02-05T00:00:00+00:00 [running]> on host 55309008fd85
[2026-02-06T21:45:38.251+0000] {taskinstance.py:2480} INFO - Exporting env vars: AIRFLOW_CTX_DAG_OWNER='data-engineer' AIRFLOW_CTX_DAG_ID='ecommerce_etl_pipeline' AIRFLOW_CTX_TASK_ID='load_to_bronze_layer' AIRFLOW_CTX_EXECUTION_DATE='2026-02-05T00:00:00+00:00' AIRFLOW_CTX_TRY_NUMBER='1' AIRFLOW_CTX_DAG_RUN_ID='scheduled__2026-02-05T00:00:00+00:00'
[2026-02-06T21:45:38.646+0000] {ecommerce_etl.py:151} INFO - ======================================================================
[2026-02-06T21:45:38.647+0000] {ecommerce_etl.py:152} INFO - INICIANDO CARGA NA CAMADA BRONZE
[2026-02-06T21:45:38.648+0000] {ecommerce_etl.py:153} INFO - ======================================================================
[2026-02-06T21:45:38.687+0000] {ecommerce_etl.py:167} INFO - ✅ Conexão PostgreSQL estabelecida
[2026-02-06T21:45:38.691+0000] {ecommerce_etl.py:176} INFO - ✅ Schema bronze criado/verificado
[2026-02-06T21:45:38.699+0000] {ecommerce_etl.py:194} INFO - 
📁 Arquivos CSV disponíveis: 9
[2026-02-06T21:45:38.700+0000] {ecommerce_etl.py:214} INFO - 
============================================================
[2026-02-06T21:45:38.700+0000] {ecommerce_etl.py:215} INFO - 📊 TABELA: bronze.customers
[2026-02-06T21:45:38.701+0000] {ecommerce_etl.py:216} INFO -    Arquivo: olist_customers_dataset.csv
[2026-02-06T21:45:38.704+0000] {ecommerce_etl.py:225} INFO -    📖 Lendo CSV...
[2026-02-06T21:45:38.915+0000] {ecommerce_etl.py:230} INFO -    ✅ Lido: 99,441 linhas × 5 colunas
[2026-02-06T21:45:38.920+0000] {ecommerce_etl.py:236} INFO -    💾 Inserindo em bronze.customers...
[2026-02-06T21:45:49.238+0000] {ecommerce_etl.py:251} INFO -    ✅ Inserção concluída em 10.3s
[2026-02-06T21:45:49.248+0000] {ecommerce_etl.py:261} INFO -    ✅ Verificado: 99,441 registros
[2026-02-06T21:45:49.250+0000] {ecommerce_etl.py:214} INFO - 
============================================================
[2026-02-06T21:45:49.250+0000] {ecommerce_etl.py:215} INFO - 📊 TABELA: bronze.orders
[2026-02-06T21:45:49.251+0000] {ecommerce_etl.py:216} INFO -    Arquivo: olist_orders_dataset.csv
[2026-02-06T21:45:49.253+0000] {ecommerce_etl.py:225} INFO -    📖 Lendo CSV...
[2026-02-06T21:45:49.722+0000] {ecommerce_etl.py:230} INFO -    ✅ Lido: 99,441 linhas × 8 colunas
[2026-02-06T21:45:49.724+0000] {ecommerce_etl.py:236} INFO -    💾 Inserindo em bronze.orders...
[2026-02-06T21:46:03.138+0000] {ecommerce_etl.py:251} INFO -    ✅ Inserção concluída em 13.4s
[2026-02-06T21:46:03.147+0000] {ecommerce_etl.py:261} INFO -    ✅ Verificado: 99,441 registros
[2026-02-06T21:46:03.148+0000] {ecommerce_etl.py:214} INFO - 
============================================================
[2026-02-06T21:46:03.148+0000] {ecommerce_etl.py:215} INFO - 📊 TABELA: bronze.order_items
[2026-02-06T21:46:03.149+0000] {ecommerce_etl.py:216} INFO -    Arquivo: olist_order_items_dataset.csv
[2026-02-06T21:46:03.151+0000] {ecommerce_etl.py:225} INFO -    📖 Lendo CSV...
[2026-02-06T21:46:03.386+0000] {ecommerce_etl.py:230} INFO -    ✅ Lido: 112,650 linhas × 7 colunas
[2026-02-06T21:46:03.388+0000] {ecommerce_etl.py:236} INFO -    💾 Inserindo em bronze.order_items...
[2026-02-06T21:46:20.283+0000] {ecommerce_etl.py:251} INFO -    ✅ Inserção concluída em 16.9s
[2026-02-06T21:46:20.295+0000] {ecommerce_etl.py:261} INFO -    ✅ Verificado: 112,650 registros
[2026-02-06T21:46:20.296+0000] {ecommerce_etl.py:214} INFO - 
============================================================
[2026-02-06T21:46:20.297+0000] {ecommerce_etl.py:215} INFO - 📊 TABELA: bronze.products
[2026-02-06T21:46:20.297+0000] {ecommerce_etl.py:216} INFO -    Arquivo: olist_products_dataset.csv
[2026-02-06T21:46:20.299+0000] {ecommerce_etl.py:225} INFO -    📖 Lendo CSV...
[2026-02-06T21:46:20.366+0000] {ecommerce_etl.py:230} INFO -    ✅ Lido: 32,951 linhas × 9 colunas
[2026-02-06T21:46:20.368+0000] {ecommerce_etl.py:236} INFO -    💾 Inserindo em bronze.products...
[2026-02-06T21:46:25.881+0000] {ecommerce_etl.py:251} INFO -    ✅ Inserção concluída em 5.5s
[2026-02-06T21:46:25.885+0000] {ecommerce_etl.py:261} INFO -    ✅ Verificado: 32,951 registros
[2026-02-06T21:46:25.886+0000] {ecommerce_etl.py:214} INFO - 
============================================================
[2026-02-06T21:46:25.886+0000] {ecommerce_etl.py:215} INFO - 📊 TABELA: bronze.sellers
[2026-02-06T21:46:25.886+0000] {ecommerce_etl.py:216} INFO -    Arquivo: olist_sellers_dataset.csv
[2026-02-06T21:46:25.888+0000] {ecommerce_etl.py:225} INFO -    📖 Lendo CSV...
[2026-02-06T21:46:25.896+0000] {ecommerce_etl.py:230} INFO -    ✅ Lido: 3,095 linhas × 4 colunas
[2026-02-06T21:46:25.897+0000] {ecommerce_etl.py:236} INFO -    💾 Inserindo em bronze.sellers...
[2026-02-06T21:46:26.090+0000] {ecommerce_etl.py:251} INFO -    ✅ Inserção concluída em 0.2s
[2026-02-06T21:46:26.092+0000] {ecommerce_etl.py:261} INFO -    ✅ Verificado: 3,095 registros
[2026-02-06T21:46:26.093+0000] {ecommerce_etl.py:214} INFO - 
============================================================
[2026-02-06T21:46:26.093+0000] {ecommerce_etl.py:215} INFO - 📊 TABELA: bronze.payments
[2026-02-06T21:46:26.093+0000] {ecommerce_etl.py:216} INFO -    Arquivo: olist_order_payments_dataset.csv
[2026-02-06T21:46:26.096+0000] {ecommerce_etl.py:225} INFO -    📖 Lendo CSV...
[2026-02-06T21:46:26.203+0000] {ecommerce_etl.py:230} INFO -    ✅ Lido: 103,886 linhas × 5 colunas
[2026-02-06T21:46:26.204+0000] {ecommerce_etl.py:236} INFO -    💾 Inserindo em bronze.payments...
[2026-02-06T21:46:35.254+0000] {ecommerce_etl.py:251} INFO -    ✅ Inserção concluída em 9.0s
[2026-02-06T21:46:35.262+0000] {ecommerce_etl.py:261} INFO -    ✅ Verificado: 103,886 registros
[2026-02-06T21:46:35.263+0000] {ecommerce_etl.py:214} INFO - 
============================================================
[2026-02-06T21:46:35.264+0000] {ecommerce_etl.py:215} INFO - 📊 TABELA: bronze.reviews
[2026-02-06T21:46:35.264+0000] {ecommerce_etl.py:216} INFO -    Arquivo: olist_order_reviews_dataset.csv
[2026-02-06T21:46:35.266+0000] {ecommerce_etl.py:225} INFO -    📖 Lendo CSV...
[2026-02-06T21:46:35.650+0000] {ecommerce_etl.py:230} INFO -    ✅ Lido: 99,224 linhas × 7 colunas
[2026-02-06T21:46:35.651+0000] {ecommerce_etl.py:236} INFO -    💾 Inserindo em bronze.reviews...
[2026-02-06T21:46:47.758+0000] {ecommerce_etl.py:251} INFO -    ✅ Inserção concluída em 12.1s
[2026-02-06T21:46:47.769+0000] {ecommerce_etl.py:261} INFO -    ✅ Verificado: 99,224 registros
[2026-02-06T21:46:47.770+0000] {ecommerce_etl.py:279} INFO - 
======================================================================
[2026-02-06T21:46:47.771+0000] {ecommerce_etl.py:280} INFO - 📊 RESUMO DA CARGA
[2026-02-06T21:46:47.772+0000] {ecommerce_etl.py:281} INFO - ======================================================================
[2026-02-06T21:46:47.772+0000] {ecommerce_etl.py:282} INFO - ✅ Sucesso: 7/7 tabelas
[2026-02-06T21:46:47.773+0000] {ecommerce_etl.py:283} INFO - 📈 Total: 550,688 registros carregados
[2026-02-06T21:46:47.773+0000] {ecommerce_etl.py:291} INFO - 
🔍 Tabelas no schema bronze:
[2026-02-06T21:46:47.786+0000] {ecommerce_etl.py:305} INFO -    ✅ customers                99,441 registros
[2026-02-06T21:46:47.794+0000] {ecommerce_etl.py:305} INFO -    ✅ order_items             112,650 registros
[2026-02-06T21:46:47.801+0000] {ecommerce_etl.py:305} INFO -    ✅ orders                   99,441 registros
[2026-02-06T21:46:47.807+0000] {ecommerce_etl.py:305} INFO -    ✅ payments                103,886 registros
[2026-02-06T21:46:47.811+0000] {ecommerce_etl.py:305} INFO -    ✅ products                 32,951 registros
[2026-02-06T21:46:47.819+0000] {ecommerce_etl.py:305} INFO -    ✅ reviews                  99,224 registros
[2026-02-06T21:46:47.820+0000] {ecommerce_etl.py:305} INFO -    ✅ sellers                   3,095 registros
[2026-02-06T21:46:47.821+0000] {ecommerce_etl.py:307} INFO - ======================================================================
[2026-02-06T21:46:47.827+0000] {python.py:201} INFO - Done. Returned value was: {'loaded_tables': 7, 'total_records': 550688, 'failed_tables': 0}
[2026-02-06T21:46:47.851+0000] {taskinstance.py:1138} INFO - Marking task as SUCCESS. dag_id=ecommerce_etl_pipeline, task_id=load_to_bronze_layer, execution_date=20260205T000000, start_date=20260206T214537, end_date=20260206T214647
[2026-02-06T21:46:47.899+0000] {local_task_job_runner.py:234} INFO - Task exited with return code 0
[2026-02-06T21:46:47.919+0000] {taskinstance.py:3280} INFO - 1 downstream tasks scheduled from follow-on schedule check
