[2026-02-05T21:14:54.845+0000] {taskinstance.py:1956} INFO - Dependencies all met for dep_context=non-requeueable deps ti=<TaskInstance: ecommerce_etl_pipeline.dbt_run manual__2026-02-05T21:12:04.290078+00:00 [queued]>
[2026-02-05T21:14:54.852+0000] {taskinstance.py:1956} INFO - Dependencies all met for dep_context=requeueable deps ti=<TaskInstance: ecommerce_etl_pipeline.dbt_run manual__2026-02-05T21:12:04.290078+00:00 [queued]>
[2026-02-05T21:14:54.852+0000] {taskinstance.py:2170} INFO - Starting attempt 1 of 3
[2026-02-05T21:14:54.865+0000] {taskinstance.py:2191} INFO - Executing <Task(BashOperator): dbt_run> on 2026-02-05 21:12:04.290078+00:00
[2026-02-05T21:14:54.870+0000] {standard_task_runner.py:60} INFO - Started process 413 to run task
[2026-02-05T21:14:54.873+0000] {standard_task_runner.py:87} INFO - Running: ['***', 'tasks', 'run', 'ecommerce_etl_pipeline', 'dbt_run', 'manual__2026-02-05T21:12:04.290078+00:00', '--job-id', '10', '--raw', '--subdir', 'DAGS_FOLDER/ecommerce_etl.py', '--cfg-path', '/tmp/tmp8xxneiv1']
[2026-02-05T21:14:54.875+0000] {standard_task_runner.py:88} INFO - Job 10: Subtask dbt_run
[2026-02-05T21:14:54.935+0000] {task_command.py:423} INFO - Running <TaskInstance: ecommerce_etl_pipeline.dbt_run manual__2026-02-05T21:12:04.290078+00:00 [running]> on host 55309008fd85
[2026-02-05T21:14:55.021+0000] {taskinstance.py:2480} INFO - Exporting env vars: AIRFLOW_CTX_DAG_OWNER='data-engineer' AIRFLOW_CTX_DAG_ID='ecommerce_etl_pipeline' AIRFLOW_CTX_TASK_ID='dbt_run' AIRFLOW_CTX_EXECUTION_DATE='2026-02-05T21:12:04.290078+00:00' AIRFLOW_CTX_TRY_NUMBER='1' AIRFLOW_CTX_DAG_RUN_ID='manual__2026-02-05T21:12:04.290078+00:00'
[2026-02-05T21:14:55.023+0000] {subprocess.py:63} INFO - Tmp dir root location: /tmp
[2026-02-05T21:14:55.024+0000] {subprocess.py:75} INFO - Running command: ['/usr/bin/bash', '-c', 'cd /opt/***/dbt_project && dbt run --profiles-dir . --full-refresh']
[2026-02-05T21:14:55.033+0000] {subprocess.py:86} INFO - Output:
[2026-02-05T21:14:57.290+0000] {subprocess.py:93} INFO - [0m21:14:57  Running with dbt=1.7.7
[2026-02-05T21:14:57.654+0000] {subprocess.py:93} INFO - [0m21:14:57  Registered adapter: postgres=1.7.7
[2026-02-05T21:14:57.854+0000] {subprocess.py:93} INFO - [0m21:14:57  Found 6 models, 8 tests, 7 sources, 0 exposures, 0 metrics, 401 macros, 0 groups, 0 semantic models
[2026-02-05T21:14:57.860+0000] {subprocess.py:93} INFO - [0m21:14:57
[2026-02-05T21:14:57.998+0000] {subprocess.py:93} INFO - [0m21:14:57  Concurrency: 4 threads (target='dev')
[2026-02-05T21:14:58.000+0000] {subprocess.py:93} INFO - [0m21:14:57
[2026-02-05T21:14:58.013+0000] {subprocess.py:93} INFO - [0m21:14:58  1 of 6 START sql table model public_silver.silver_customers .................... [RUN]
[2026-02-05T21:14:58.014+0000] {subprocess.py:93} INFO - [0m21:14:58  2 of 6 START sql table model public_silver.silver_order_items .................. [RUN]
[2026-02-05T21:14:58.015+0000] {subprocess.py:93} INFO - [0m21:14:58  3 of 6 START sql table model public_silver.silver_orders ....................... [RUN]
[2026-02-05T21:14:58.016+0000] {subprocess.py:93} INFO - [0m21:14:58  4 of 6 START sql table model public_silver.silver_products ..................... [RUN]
[2026-02-05T21:14:58.446+0000] {subprocess.py:93} INFO - [0m21:14:58  4 of 6 OK created sql table model public_silver.silver_products ................ [[32mSELECT 32951[0m in 0.42s]
[2026-02-05T21:14:58.777+0000] {subprocess.py:93} INFO - [0m21:14:58  1 of 6 OK created sql table model public_silver.silver_customers ............... [[32mSELECT 99441[0m in 0.76s]
[2026-02-05T21:14:58.889+0000] {subprocess.py:93} INFO - [0m21:14:58  3 of 6 OK created sql table model public_silver.silver_orders .................. [[32mSELECT 99441[0m in 0.86s]
[2026-02-05T21:14:58.891+0000] {subprocess.py:93} INFO - [0m21:14:58  2 of 6 OK created sql table model public_silver.silver_order_items ............. [[32mSELECT 112650[0m in 0.87s]
[2026-02-05T21:14:58.898+0000] {subprocess.py:93} INFO - [0m21:14:58  5 of 6 START sql table model public_gold.gold_customer_lifetime_value .......... [RUN]
[2026-02-05T21:14:58.900+0000] {subprocess.py:93} INFO - [0m21:14:58  6 of 6 START sql table model public_gold.gold_sales_by_state ................... [RUN]
[2026-02-05T21:15:00.883+0000] {subprocess.py:93} INFO - [0m21:15:00  6 of 6 OK created sql table model public_gold.gold_sales_by_state .............. [[32mSELECT 556[0m in 1.98s]
[2026-02-05T21:15:01.389+0000] {subprocess.py:93} INFO - [0m21:15:01  5 of 6 OK created sql table model public_gold.gold_customer_lifetime_value ..... [[32mSELECT 96478[0m in 2.48s]
[2026-02-05T21:15:01.421+0000] {subprocess.py:93} INFO - [0m21:15:01
[2026-02-05T21:15:01.422+0000] {subprocess.py:93} INFO - [0m21:15:01  Finished running 6 table models in 0 hours 0 minutes and 3.56 seconds (3.56s).
[2026-02-05T21:15:01.454+0000] {subprocess.py:93} INFO - [0m21:15:01
[2026-02-05T21:15:01.457+0000] {subprocess.py:93} INFO - [0m21:15:01  [32mCompleted successfully[0m
[2026-02-05T21:15:01.459+0000] {subprocess.py:93} INFO - [0m21:15:01
[2026-02-05T21:15:01.461+0000] {subprocess.py:93} INFO - [0m21:15:01  Done. PASS=6 WARN=0 ERROR=0 SKIP=0 TOTAL=6
[2026-02-05T21:15:02.851+0000] {subprocess.py:97} INFO - Command exited with return code 0
[2026-02-05T21:15:02.897+0000] {taskinstance.py:1138} INFO - Marking task as SUCCESS. dag_id=ecommerce_etl_pipeline, task_id=dbt_run, execution_date=20260205T211204, start_date=20260205T211454, end_date=20260205T211502
[2026-02-05T21:15:02.928+0000] {local_task_job_runner.py:234} INFO - Task exited with return code 0
[2026-02-05T21:15:02.958+0000] {taskinstance.py:3280} INFO - 1 downstream tasks scheduled from follow-on schedule check
